	.text
	.syntax unified
	.eabi_attribute	67, "2.09"	@ Tag_conformance
	.cpu	cortex-m4
	.eabi_attribute	6, 13	@ Tag_CPU_arch
	.eabi_attribute	7, 77	@ Tag_CPU_arch_profile
	.eabi_attribute	8, 0	@ Tag_ARM_ISA_use
	.eabi_attribute	9, 2	@ Tag_THUMB_ISA_use
	.fpu	fpv4-sp-d16
	.eabi_attribute	27, 1	@ Tag_ABI_HardFP_use
	.eabi_attribute	36, 1	@ Tag_FP_HP_extension
	.eabi_attribute	34, 1	@ Tag_CPU_unaligned_access
	.eabi_attribute	17, 1	@ Tag_ABI_PCS_GOT_use
	.eabi_attribute	20, 2	@ Tag_ABI_FP_denormal
	.eabi_attribute	21, 0	@ Tag_ABI_FP_exceptions
	.eabi_attribute	23, 1	@ Tag_ABI_FP_number_model
	.eabi_attribute	24, 1	@ Tag_ABI_align_needed
	.eabi_attribute	25, 1	@ Tag_ABI_align_preserved
	.eabi_attribute	28, 1	@ Tag_ABI_VFP_args
	.eabi_attribute	38, 1	@ Tag_ABI_FP_16bit_format
	.eabi_attribute	18, 2	@ Tag_ABI_PCS_wchar_t
	.eabi_attribute	26, 1	@ Tag_ABI_enum_size
	.eabi_attribute	14, 0	@ Tag_ABI_PCS_R9_use
	.file	"GUIConf.c"
	.file	1 "C:\\Users\\dinhl\\Documents\\Tesy\\EEET2481_A3_TETRISGAME" "Library/GUIConf.c"
	.section	.text.GUI_X_Config,"ax",%progbits
	.hidden	GUI_X_Config                    @ -- Begin function GUI_X_Config
	.globl	GUI_X_Config
	.p2align	2
	.type	GUI_X_Config,%function
	.code	16                              @ @GUI_X_Config
	.thumb_func
GUI_X_Config:
.Lfunc_begin0:
	.loc	1 72 0                          @ Library/GUIConf.c:72:0
	.fnstart
	.cfi_sections .debug_frame
	.cfi_startproc
@ %bb.0:
	.save	{r7, lr}
	push	{r7, lr}
	.cfi_def_cfa_offset 8
	.cfi_offset lr, -4
	.cfi_offset r7, -8
.Ltmp0:
	.loc	1 80 3 prologue_end             @ Library/GUIConf.c:80:3
	movw	r0, :lower16:GUI_X_Config.aMemory
	movt	r0, :upper16:GUI_X_Config.aMemory
	mov.w	r1, #65536
	bl	GUI_ALLOC_AssignMemory
.Ltmp1:
	.loc	1 84 3                          @ Library/GUIConf.c:84:3
	movw	r0, :lower16:GUI_Font6x8
	movt	r0, :upper16:GUI_Font6x8
	.loc	1 84 3 epilogue_begin is_stmt 0 @ Library/GUIConf.c:84:3
	pop.w	{r7, lr}
.Ltmp2:
	b	GUI_SetDefaultFont
.Ltmp3:
.Lfunc_end0:
	.size	GUI_X_Config, .Lfunc_end0-GUI_X_Config
	.cfi_endproc
	.file	2 "C:\\Users\\dinhl\\Documents\\Tesy\\EEET2481_A3_TETRISGAME" "./Library/emWin/Include\\GUI.h"
	.file	3 "C:\\Users\\dinhl\\Documents\\Tesy\\EEET2481_A3_TETRISGAME" "./Library/emWin/Include\\GUI_Type.h"
	.cantunwind
	.fnend
                                        @ -- End function
	.type	GUI_X_Config.aMemory,%object    @ @GUI_X_Config.aMemory
	.section	.bss.GUI_X_Config.aMemory,"aw",%nobits
	.p2align	2, 0x0
GUI_X_Config.aMemory:
	.zero	65536
	.size	GUI_X_Config.aMemory, 65536

	.section	.debug_abbrev,"",%progbits
	.byte	1                               @ Abbreviation Code
	.byte	17                              @ DW_TAG_compile_unit
	.byte	1                               @ DW_CHILDREN_yes
	.byte	37                              @ DW_AT_producer
	.byte	14                              @ DW_FORM_strp
	.byte	19                              @ DW_AT_language
	.byte	5                               @ DW_FORM_data2
	.byte	3                               @ DW_AT_name
	.byte	14                              @ DW_FORM_strp
	.byte	16                              @ DW_AT_stmt_list
	.byte	23                              @ DW_FORM_sec_offset
	.byte	27                              @ DW_AT_comp_dir
	.byte	14                              @ DW_FORM_strp
	.byte	17                              @ DW_AT_low_pc
	.byte	1                               @ DW_FORM_addr
	.byte	18                              @ DW_AT_high_pc
	.byte	6                               @ DW_FORM_data4
	.byte	0                               @ EOM(1)
	.byte	0                               @ EOM(2)
	.byte	2                               @ Abbreviation Code
	.byte	46                              @ DW_TAG_subprogram
	.byte	1                               @ DW_CHILDREN_yes
	.byte	17                              @ DW_AT_low_pc
	.byte	1                               @ DW_FORM_addr
	.byte	18                              @ DW_AT_high_pc
	.byte	6                               @ DW_FORM_data4
	.byte	64                              @ DW_AT_frame_base
	.byte	24                              @ DW_FORM_exprloc
	.ascii	"\227B"                         @ DW_AT_GNU_all_call_sites
	.byte	25                              @ DW_FORM_flag_present
	.byte	3                               @ DW_AT_name
	.byte	14                              @ DW_FORM_strp
	.byte	58                              @ DW_AT_decl_file
	.byte	11                              @ DW_FORM_data1
	.byte	59                              @ DW_AT_decl_line
	.byte	11                              @ DW_FORM_data1
	.byte	39                              @ DW_AT_prototyped
	.byte	25                              @ DW_FORM_flag_present
	.byte	63                              @ DW_AT_external
	.byte	25                              @ DW_FORM_flag_present
	.byte	0                               @ EOM(1)
	.byte	0                               @ EOM(2)
	.byte	3                               @ Abbreviation Code
	.byte	52                              @ DW_TAG_variable
	.byte	0                               @ DW_CHILDREN_no
	.byte	3                               @ DW_AT_name
	.byte	14                              @ DW_FORM_strp
	.byte	73                              @ DW_AT_type
	.byte	19                              @ DW_FORM_ref4
	.byte	58                              @ DW_AT_decl_file
	.byte	11                              @ DW_FORM_data1
	.byte	59                              @ DW_AT_decl_line
	.byte	11                              @ DW_FORM_data1
	.byte	2                               @ DW_AT_location
	.byte	24                              @ DW_FORM_exprloc
	.byte	0                               @ EOM(1)
	.byte	0                               @ EOM(2)
	.byte	4                               @ Abbreviation Code
	.ascii	"\211\202\001"                  @ DW_TAG_GNU_call_site
	.byte	0                               @ DW_CHILDREN_no
	.byte	49                              @ DW_AT_abstract_origin
	.byte	19                              @ DW_FORM_ref4
	.ascii	"\225B"                         @ DW_AT_GNU_tail_call
	.byte	25                              @ DW_FORM_flag_present
	.byte	17                              @ DW_AT_low_pc
	.byte	1                               @ DW_FORM_addr
	.byte	0                               @ EOM(1)
	.byte	0                               @ EOM(2)
	.byte	5                               @ Abbreviation Code
	.byte	1                               @ DW_TAG_array_type
	.byte	1                               @ DW_CHILDREN_yes
	.byte	73                              @ DW_AT_type
	.byte	19                              @ DW_FORM_ref4
	.byte	0                               @ EOM(1)
	.byte	0                               @ EOM(2)
	.byte	6                               @ Abbreviation Code
	.byte	33                              @ DW_TAG_subrange_type
	.byte	0                               @ DW_CHILDREN_no
	.byte	73                              @ DW_AT_type
	.byte	19                              @ DW_FORM_ref4
	.byte	55                              @ DW_AT_count
	.byte	5                               @ DW_FORM_data2
	.byte	0                               @ EOM(1)
	.byte	0                               @ EOM(2)
	.byte	7                               @ Abbreviation Code
	.byte	36                              @ DW_TAG_base_type
	.byte	0                               @ DW_CHILDREN_no
	.byte	3                               @ DW_AT_name
	.byte	14                              @ DW_FORM_strp
	.byte	62                              @ DW_AT_encoding
	.byte	11                              @ DW_FORM_data1
	.byte	11                              @ DW_AT_byte_size
	.byte	11                              @ DW_FORM_data1
	.byte	0                               @ EOM(1)
	.byte	0                               @ EOM(2)
	.byte	8                               @ Abbreviation Code
	.byte	36                              @ DW_TAG_base_type
	.byte	0                               @ DW_CHILDREN_no
	.byte	3                               @ DW_AT_name
	.byte	14                              @ DW_FORM_strp
	.byte	11                              @ DW_AT_byte_size
	.byte	11                              @ DW_FORM_data1
	.byte	62                              @ DW_AT_encoding
	.byte	11                              @ DW_FORM_data1
	.byte	0                               @ EOM(1)
	.byte	0                               @ EOM(2)
	.byte	9                               @ Abbreviation Code
	.byte	46                              @ DW_TAG_subprogram
	.byte	1                               @ DW_CHILDREN_yes
	.byte	3                               @ DW_AT_name
	.byte	14                              @ DW_FORM_strp
	.byte	58                              @ DW_AT_decl_file
	.byte	11                              @ DW_FORM_data1
	.byte	59                              @ DW_AT_decl_line
	.byte	5                               @ DW_FORM_data2
	.byte	39                              @ DW_AT_prototyped
	.byte	25                              @ DW_FORM_flag_present
	.byte	60                              @ DW_AT_declaration
	.byte	25                              @ DW_FORM_flag_present
	.byte	63                              @ DW_AT_external
	.byte	25                              @ DW_FORM_flag_present
	.byte	0                               @ EOM(1)
	.byte	0                               @ EOM(2)
	.byte	10                              @ Abbreviation Code
	.byte	5                               @ DW_TAG_formal_parameter
	.byte	0                               @ DW_CHILDREN_no
	.byte	73                              @ DW_AT_type
	.byte	19                              @ DW_FORM_ref4
	.byte	0                               @ EOM(1)
	.byte	0                               @ EOM(2)
	.byte	11                              @ Abbreviation Code
	.byte	15                              @ DW_TAG_pointer_type
	.byte	0                               @ DW_CHILDREN_no
	.byte	73                              @ DW_AT_type
	.byte	19                              @ DW_FORM_ref4
	.byte	0                               @ EOM(1)
	.byte	0                               @ EOM(2)
	.byte	12                              @ Abbreviation Code
	.byte	38                              @ DW_TAG_const_type
	.byte	0                               @ DW_CHILDREN_no
	.byte	73                              @ DW_AT_type
	.byte	19                              @ DW_FORM_ref4
	.byte	0                               @ EOM(1)
	.byte	0                               @ EOM(2)
	.byte	13                              @ Abbreviation Code
	.byte	22                              @ DW_TAG_typedef
	.byte	0                               @ DW_CHILDREN_no
	.byte	73                              @ DW_AT_type
	.byte	19                              @ DW_FORM_ref4
	.byte	3                               @ DW_AT_name
	.byte	14                              @ DW_FORM_strp
	.byte	58                              @ DW_AT_decl_file
	.byte	11                              @ DW_FORM_data1
	.byte	59                              @ DW_AT_decl_line
	.byte	5                               @ DW_FORM_data2
	.byte	0                               @ EOM(1)
	.byte	0                               @ EOM(2)
	.byte	14                              @ Abbreviation Code
	.byte	19                              @ DW_TAG_structure_type
	.byte	1                               @ DW_CHILDREN_yes
	.byte	3                               @ DW_AT_name
	.byte	14                              @ DW_FORM_strp
	.byte	11                              @ DW_AT_byte_size
	.byte	11                              @ DW_FORM_data1
	.byte	58                              @ DW_AT_decl_file
	.byte	11                              @ DW_FORM_data1
	.byte	59                              @ DW_AT_decl_line
	.byte	5                               @ DW_FORM_data2
	.byte	0                               @ EOM(1)
	.byte	0                               @ EOM(2)
	.byte	15                              @ Abbreviation Code
	.byte	13                              @ DW_TAG_member
	.byte	0                               @ DW_CHILDREN_no
	.byte	3                               @ DW_AT_name
	.byte	14                              @ DW_FORM_strp
	.byte	73                              @ DW_AT_type
	.byte	19                              @ DW_FORM_ref4
	.byte	58                              @ DW_AT_decl_file
	.byte	11                              @ DW_FORM_data1
	.byte	59                              @ DW_AT_decl_line
	.byte	5                               @ DW_FORM_data2
	.byte	56                              @ DW_AT_data_member_location
	.byte	11                              @ DW_FORM_data1
	.byte	0                               @ EOM(1)
	.byte	0                               @ EOM(2)
	.byte	16                              @ Abbreviation Code
	.byte	23                              @ DW_TAG_union_type
	.byte	1                               @ DW_CHILDREN_yes
	.byte	11                              @ DW_AT_byte_size
	.byte	11                              @ DW_FORM_data1
	.byte	58                              @ DW_AT_decl_file
	.byte	11                              @ DW_FORM_data1
	.byte	59                              @ DW_AT_decl_line
	.byte	5                               @ DW_FORM_data2
	.byte	0                               @ EOM(1)
	.byte	0                               @ EOM(2)
	.byte	17                              @ Abbreviation Code
	.byte	21                              @ DW_TAG_subroutine_type
	.byte	1                               @ DW_CHILDREN_yes
	.byte	39                              @ DW_AT_prototyped
	.byte	25                              @ DW_FORM_flag_present
	.byte	0                               @ EOM(1)
	.byte	0                               @ EOM(2)
	.byte	18                              @ Abbreviation Code
	.byte	21                              @ DW_TAG_subroutine_type
	.byte	1                               @ DW_CHILDREN_yes
	.byte	73                              @ DW_AT_type
	.byte	19                              @ DW_FORM_ref4
	.byte	39                              @ DW_AT_prototyped
	.byte	25                              @ DW_FORM_flag_present
	.byte	0                               @ EOM(1)
	.byte	0                               @ EOM(2)
	.byte	19                              @ Abbreviation Code
	.byte	19                              @ DW_TAG_structure_type
	.byte	1                               @ DW_CHILDREN_yes
	.byte	11                              @ DW_AT_byte_size
	.byte	11                              @ DW_FORM_data1
	.byte	58                              @ DW_AT_decl_file
	.byte	11                              @ DW_FORM_data1
	.byte	59                              @ DW_AT_decl_line
	.byte	5                               @ DW_FORM_data2
	.byte	0                               @ EOM(1)
	.byte	0                               @ EOM(2)
	.byte	20                              @ Abbreviation Code
	.byte	38                              @ DW_TAG_const_type
	.byte	0                               @ DW_CHILDREN_no
	.byte	0                               @ EOM(1)
	.byte	0                               @ EOM(2)
	.byte	0                               @ EOM(3)
	.section	.debug_info,"",%progbits
.Lcu_begin0:
	.long	.Ldebug_info_end0-.Ldebug_info_start0 @ Length of Unit
.Ldebug_info_start0:
	.short	4                               @ DWARF version number
	.long	.debug_abbrev                   @ Offset Into Abbrev. Section
	.byte	4                               @ Address Size (in bytes)
	.byte	1                               @ Abbrev [1] 0xb:0x5b7 DW_TAG_compile_unit
	.long	.Linfo_string0                  @ DW_AT_producer
	.short	12                              @ DW_AT_language
	.long	.Linfo_string1                  @ DW_AT_name
	.long	.Lline_table_start0             @ DW_AT_stmt_list
	.long	.Linfo_string2                  @ DW_AT_comp_dir
	.long	.Lfunc_begin0                   @ DW_AT_low_pc
	.long	.Lfunc_end0-.Lfunc_begin0       @ DW_AT_high_pc
	.byte	2                               @ Abbrev [2] 0x26:0x2c DW_TAG_subprogram
	.long	.Lfunc_begin0                   @ DW_AT_low_pc
	.long	.Lfunc_end0-.Lfunc_begin0       @ DW_AT_high_pc
	.byte	1                               @ DW_AT_frame_base
	.byte	93
                                        @ DW_AT_GNU_all_call_sites
	.long	.Linfo_string70                 @ DW_AT_name
	.byte	1                               @ DW_AT_decl_file
	.byte	72                              @ DW_AT_decl_line
                                        @ DW_AT_prototyped
                                        @ DW_AT_external
	.byte	3                               @ Abbrev [3] 0x37:0x11 DW_TAG_variable
	.long	.Linfo_string3                  @ DW_AT_name
	.long	82                              @ DW_AT_type
	.byte	1                               @ DW_AT_decl_file
	.byte	76                              @ DW_AT_decl_line
	.byte	5                               @ DW_AT_location
	.byte	3
	.long	GUI_X_Config.aMemory
	.byte	4                               @ Abbrev [4] 0x48:0x9 DW_TAG_GNU_call_site
	.long	109                             @ DW_AT_abstract_origin
                                        @ DW_AT_GNU_tail_call
	.long	.Ltmp3                          @ DW_AT_low_pc
	.byte	0                               @ End Of Children Mark
	.byte	5                               @ Abbrev [5] 0x52:0xd DW_TAG_array_type
	.long	95                              @ DW_AT_type
	.byte	6                               @ Abbrev [6] 0x57:0x7 DW_TAG_subrange_type
	.long	102                             @ DW_AT_type
	.short	16384                           @ DW_AT_count
	.byte	0                               @ End Of Children Mark
	.byte	7                               @ Abbrev [7] 0x5f:0x7 DW_TAG_base_type
	.long	.Linfo_string4                  @ DW_AT_name
	.byte	7                               @ DW_AT_encoding
	.byte	4                               @ DW_AT_byte_size
	.byte	8                               @ Abbrev [8] 0x66:0x7 DW_TAG_base_type
	.long	.Linfo_string5                  @ DW_AT_name
	.byte	8                               @ DW_AT_byte_size
	.byte	7                               @ DW_AT_encoding
	.byte	9                               @ Abbrev [9] 0x6d:0xe DW_TAG_subprogram
	.long	.Linfo_string6                  @ DW_AT_name
	.byte	2                               @ DW_AT_decl_file
	.short	426                             @ DW_AT_decl_line
                                        @ DW_AT_prototyped
                                        @ DW_AT_declaration
                                        @ DW_AT_external
	.byte	10                              @ Abbrev [10] 0x75:0x5 DW_TAG_formal_parameter
	.long	123                             @ DW_AT_type
	.byte	0                               @ End Of Children Mark
	.byte	11                              @ Abbrev [11] 0x7b:0x5 DW_TAG_pointer_type
	.long	128                             @ DW_AT_type
	.byte	12                              @ Abbrev [12] 0x80:0x5 DW_TAG_const_type
	.long	133                             @ DW_AT_type
	.byte	13                              @ Abbrev [13] 0x85:0xc DW_TAG_typedef
	.long	145                             @ DW_AT_type
	.long	.Linfo_string69                 @ DW_AT_name
	.byte	3                               @ DW_AT_decl_file
	.short	378                             @ DW_AT_decl_line
	.byte	14                              @ Abbrev [14] 0x91:0xfa DW_TAG_structure_type
	.long	.Linfo_string69                 @ DW_AT_name
	.byte	56                              @ DW_AT_byte_size
	.byte	3                               @ DW_AT_decl_file
	.short	519                             @ DW_AT_decl_line
	.byte	15                              @ Abbrev [15] 0x9a:0xd DW_TAG_member
	.long	.Linfo_string7                  @ DW_AT_name
	.long	395                             @ DW_AT_type
	.byte	3                               @ DW_AT_decl_file
	.short	520                             @ DW_AT_decl_line
	.byte	0                               @ DW_AT_data_member_location
	.byte	15                              @ Abbrev [15] 0xa7:0xd DW_TAG_member
	.long	.Linfo_string10                 @ DW_AT_name
	.long	426                             @ DW_AT_type
	.byte	3                               @ DW_AT_decl_file
	.short	521                             @ DW_AT_decl_line
	.byte	4                               @ DW_AT_data_member_location
	.byte	15                              @ Abbrev [15] 0xb4:0xd DW_TAG_member
	.long	.Linfo_string13                 @ DW_AT_name
	.long	471                             @ DW_AT_type
	.byte	3                               @ DW_AT_decl_file
	.short	522                             @ DW_AT_decl_line
	.byte	8                               @ DW_AT_data_member_location
	.byte	15                              @ Abbrev [15] 0xc1:0xd DW_TAG_member
	.long	.Linfo_string20                 @ DW_AT_name
	.long	575                             @ DW_AT_type
	.byte	3                               @ DW_AT_decl_file
	.short	523                             @ DW_AT_decl_line
	.byte	12                              @ DW_AT_data_member_location
	.byte	15                              @ Abbrev [15] 0xce:0xd DW_TAG_member
	.long	.Linfo_string23                 @ DW_AT_name
	.long	615                             @ DW_AT_type
	.byte	3                               @ DW_AT_decl_file
	.short	524                             @ DW_AT_decl_line
	.byte	16                              @ DW_AT_data_member_location
	.byte	15                              @ Abbrev [15] 0xdb:0xd DW_TAG_member
	.long	.Linfo_string34                 @ DW_AT_name
	.long	773                             @ DW_AT_type
	.byte	3                               @ DW_AT_decl_file
	.short	525                             @ DW_AT_decl_line
	.byte	20                              @ DW_AT_data_member_location
	.byte	15                              @ Abbrev [15] 0xe8:0xd DW_TAG_member
	.long	.Linfo_string25                 @ DW_AT_name
	.long	95                              @ DW_AT_type
	.byte	3                               @ DW_AT_decl_file
	.short	526                             @ DW_AT_decl_line
	.byte	24                              @ DW_AT_data_member_location
	.byte	15                              @ Abbrev [15] 0xf5:0xd DW_TAG_member
	.long	.Linfo_string42                 @ DW_AT_name
	.long	95                              @ DW_AT_type
	.byte	3                               @ DW_AT_decl_file
	.short	527                             @ DW_AT_decl_line
	.byte	28                              @ DW_AT_data_member_location
	.byte	15                              @ Abbrev [15] 0x102:0xd DW_TAG_member
	.long	.Linfo_string43                 @ DW_AT_name
	.long	95                              @ DW_AT_type
	.byte	3                               @ DW_AT_decl_file
	.short	528                             @ DW_AT_decl_line
	.byte	32                              @ DW_AT_data_member_location
	.byte	15                              @ Abbrev [15] 0x10f:0xd DW_TAG_member
	.long	.Linfo_string44                 @ DW_AT_name
	.long	95                              @ DW_AT_type
	.byte	3                               @ DW_AT_decl_file
	.short	529                             @ DW_AT_decl_line
	.byte	36                              @ DW_AT_data_member_location
	.byte	15                              @ Abbrev [15] 0x11c:0xd DW_TAG_member
	.long	.Linfo_string45                 @ DW_AT_name
	.long	297                             @ DW_AT_type
	.byte	3                               @ DW_AT_decl_file
	.short	535                             @ DW_AT_decl_line
	.byte	40                              @ DW_AT_data_member_location
	.byte	16                              @ Abbrev [16] 0x129:0x3a DW_TAG_union_type
	.byte	4                               @ DW_AT_byte_size
	.byte	3                               @ DW_AT_decl_file
	.short	530                             @ DW_AT_decl_line
	.byte	15                              @ Abbrev [15] 0x12e:0xd DW_TAG_member
	.long	.Linfo_string46                 @ DW_AT_name
	.long	929                             @ DW_AT_type
	.byte	3                               @ DW_AT_decl_file
	.short	531                             @ DW_AT_decl_line
	.byte	0                               @ DW_AT_data_member_location
	.byte	15                              @ Abbrev [15] 0x13b:0xd DW_TAG_member
	.long	.Linfo_string47                 @ DW_AT_name
	.long	935                             @ DW_AT_type
	.byte	3                               @ DW_AT_decl_file
	.short	532                             @ DW_AT_decl_line
	.byte	0                               @ DW_AT_data_member_location
	.byte	15                              @ Abbrev [15] 0x148:0xd DW_TAG_member
	.long	.Linfo_string60                 @ DW_AT_name
	.long	1195                            @ DW_AT_type
	.byte	3                               @ DW_AT_decl_file
	.short	533                             @ DW_AT_decl_line
	.byte	0                               @ DW_AT_data_member_location
	.byte	15                              @ Abbrev [15] 0x155:0xd DW_TAG_member
	.long	.Linfo_string67                 @ DW_AT_name
	.long	1369                            @ DW_AT_type
	.byte	3                               @ DW_AT_decl_file
	.short	534                             @ DW_AT_decl_line
	.byte	0                               @ DW_AT_data_member_location
	.byte	0                               @ End Of Children Mark
	.byte	15                              @ Abbrev [15] 0x163:0xd DW_TAG_member
	.long	.Linfo_string15                 @ DW_AT_name
	.long	95                              @ DW_AT_type
	.byte	3                               @ DW_AT_decl_file
	.short	536                             @ DW_AT_decl_line
	.byte	44                              @ DW_AT_data_member_location
	.byte	15                              @ Abbrev [15] 0x170:0xd DW_TAG_member
	.long	.Linfo_string16                 @ DW_AT_name
	.long	95                              @ DW_AT_type
	.byte	3                               @ DW_AT_decl_file
	.short	537                             @ DW_AT_decl_line
	.byte	48                              @ DW_AT_data_member_location
	.byte	15                              @ Abbrev [15] 0x17d:0xd DW_TAG_member
	.long	.Linfo_string17                 @ DW_AT_name
	.long	95                              @ DW_AT_type
	.byte	3                               @ DW_AT_decl_file
	.short	538                             @ DW_AT_decl_line
	.byte	52                              @ DW_AT_data_member_location
	.byte	0                               @ End Of Children Mark
	.byte	11                              @ Abbrev [11] 0x18b:0x5 DW_TAG_pointer_type
	.long	400                             @ DW_AT_type
	.byte	13                              @ Abbrev [13] 0x190:0xc DW_TAG_typedef
	.long	412                             @ DW_AT_type
	.long	.Linfo_string9                  @ DW_AT_name
	.byte	3                               @ DW_AT_decl_file
	.short	380                             @ DW_AT_decl_line
	.byte	17                              @ Abbrev [17] 0x19c:0x7 DW_TAG_subroutine_type
                                        @ DW_AT_prototyped
	.byte	10                              @ Abbrev [10] 0x19d:0x5 DW_TAG_formal_parameter
	.long	419                             @ DW_AT_type
	.byte	0                               @ End Of Children Mark
	.byte	7                               @ Abbrev [7] 0x1a3:0x7 DW_TAG_base_type
	.long	.Linfo_string8                  @ DW_AT_name
	.byte	7                               @ DW_AT_encoding
	.byte	2                               @ DW_AT_byte_size
	.byte	11                              @ Abbrev [11] 0x1aa:0x5 DW_TAG_pointer_type
	.long	431                             @ DW_AT_type
	.byte	13                              @ Abbrev [13] 0x1af:0xc DW_TAG_typedef
	.long	443                             @ DW_AT_type
	.long	.Linfo_string12                 @ DW_AT_name
	.byte	3                               @ DW_AT_decl_file
	.short	381                             @ DW_AT_decl_line
	.byte	18                              @ Abbrev [18] 0x1bb:0x10 DW_TAG_subroutine_type
	.long	459                             @ DW_AT_type
                                        @ DW_AT_prototyped
	.byte	10                              @ Abbrev [10] 0x1c0:0x5 DW_TAG_formal_parameter
	.long	419                             @ DW_AT_type
	.byte	10                              @ Abbrev [10] 0x1c5:0x5 DW_TAG_formal_parameter
	.long	466                             @ DW_AT_type
	.byte	0                               @ End Of Children Mark
	.byte	7                               @ Abbrev [7] 0x1cb:0x7 DW_TAG_base_type
	.long	.Linfo_string11                 @ DW_AT_name
	.byte	5                               @ DW_AT_encoding
	.byte	4                               @ DW_AT_byte_size
	.byte	11                              @ Abbrev [11] 0x1d2:0x5 DW_TAG_pointer_type
	.long	459                             @ DW_AT_type
	.byte	11                              @ Abbrev [11] 0x1d7:0x5 DW_TAG_pointer_type
	.long	476                             @ DW_AT_type
	.byte	13                              @ Abbrev [13] 0x1dc:0xc DW_TAG_typedef
	.long	488                             @ DW_AT_type
	.long	.Linfo_string19                 @ DW_AT_name
	.byte	3                               @ DW_AT_decl_file
	.short	382                             @ DW_AT_decl_line
	.byte	17                              @ Abbrev [17] 0x1e8:0xc DW_TAG_subroutine_type
                                        @ DW_AT_prototyped
	.byte	10                              @ Abbrev [10] 0x1e9:0x5 DW_TAG_formal_parameter
	.long	123                             @ DW_AT_type
	.byte	10                              @ Abbrev [10] 0x1ee:0x5 DW_TAG_formal_parameter
	.long	500                             @ DW_AT_type
	.byte	0                               @ End Of Children Mark
	.byte	11                              @ Abbrev [11] 0x1f4:0x5 DW_TAG_pointer_type
	.long	505                             @ DW_AT_type
	.byte	13                              @ Abbrev [13] 0x1f9:0xc DW_TAG_typedef
	.long	517                             @ DW_AT_type
	.long	.Linfo_string18                 @ DW_AT_name
	.byte	3                               @ DW_AT_decl_file
	.short	323                             @ DW_AT_decl_line
	.byte	19                              @ Abbrev [19] 0x205:0x3a DW_TAG_structure_type
	.byte	16                              @ DW_AT_byte_size
	.byte	3                               @ DW_AT_decl_file
	.short	316                             @ DW_AT_decl_line
	.byte	15                              @ Abbrev [15] 0x20a:0xd DW_TAG_member
	.long	.Linfo_string14                 @ DW_AT_name
	.long	419                             @ DW_AT_type
	.byte	3                               @ DW_AT_decl_file
	.short	317                             @ DW_AT_decl_line
	.byte	0                               @ DW_AT_data_member_location
	.byte	15                              @ Abbrev [15] 0x217:0xd DW_TAG_member
	.long	.Linfo_string15                 @ DW_AT_name
	.long	95                              @ DW_AT_type
	.byte	3                               @ DW_AT_decl_file
	.short	319                             @ DW_AT_decl_line
	.byte	4                               @ DW_AT_data_member_location
	.byte	15                              @ Abbrev [15] 0x224:0xd DW_TAG_member
	.long	.Linfo_string16                 @ DW_AT_name
	.long	95                              @ DW_AT_type
	.byte	3                               @ DW_AT_decl_file
	.short	321                             @ DW_AT_decl_line
	.byte	8                               @ DW_AT_data_member_location
	.byte	15                              @ Abbrev [15] 0x231:0xd DW_TAG_member
	.long	.Linfo_string17                 @ DW_AT_name
	.long	95                              @ DW_AT_type
	.byte	3                               @ DW_AT_decl_file
	.short	322                             @ DW_AT_decl_line
	.byte	12                              @ DW_AT_data_member_location
	.byte	0                               @ End Of Children Mark
	.byte	11                              @ Abbrev [11] 0x23f:0x5 DW_TAG_pointer_type
	.long	580                             @ DW_AT_type
	.byte	13                              @ Abbrev [13] 0x244:0xc DW_TAG_typedef
	.long	592                             @ DW_AT_type
	.long	.Linfo_string22                 @ DW_AT_name
	.byte	3                               @ DW_AT_decl_file
	.short	383                             @ DW_AT_decl_line
	.byte	18                              @ Abbrev [18] 0x250:0x10 DW_TAG_subroutine_type
	.long	608                             @ DW_AT_type
                                        @ DW_AT_prototyped
	.byte	10                              @ Abbrev [10] 0x255:0x5 DW_TAG_formal_parameter
	.long	123                             @ DW_AT_type
	.byte	10                              @ Abbrev [10] 0x25a:0x5 DW_TAG_formal_parameter
	.long	419                             @ DW_AT_type
	.byte	0                               @ End Of Children Mark
	.byte	7                               @ Abbrev [7] 0x260:0x7 DW_TAG_base_type
	.long	.Linfo_string21                 @ DW_AT_name
	.byte	8                               @ DW_AT_encoding
	.byte	1                               @ DW_AT_byte_size
	.byte	11                              @ Abbrev [11] 0x267:0x5 DW_TAG_pointer_type
	.long	620                             @ DW_AT_type
	.byte	13                              @ Abbrev [13] 0x26c:0xc DW_TAG_typedef
	.long	632                             @ DW_AT_type
	.long	.Linfo_string33                 @ DW_AT_name
	.byte	3                               @ DW_AT_decl_file
	.short	384                             @ DW_AT_decl_line
	.byte	18                              @ Abbrev [18] 0x278:0x10 DW_TAG_subroutine_type
	.long	459                             @ DW_AT_type
                                        @ DW_AT_prototyped
	.byte	10                              @ Abbrev [10] 0x27d:0x5 DW_TAG_formal_parameter
	.long	419                             @ DW_AT_type
	.byte	10                              @ Abbrev [10] 0x282:0x5 DW_TAG_formal_parameter
	.long	648                             @ DW_AT_type
	.byte	0                               @ End Of Children Mark
	.byte	11                              @ Abbrev [11] 0x288:0x5 DW_TAG_pointer_type
	.long	653                             @ DW_AT_type
	.byte	13                              @ Abbrev [13] 0x28d:0xc DW_TAG_typedef
	.long	665                             @ DW_AT_type
	.long	.Linfo_string32                 @ DW_AT_name
	.byte	3                               @ DW_AT_decl_file
	.short	282                             @ DW_AT_decl_line
	.byte	19                              @ Abbrev [19] 0x299:0x54 DW_TAG_structure_type
	.byte	24                              @ DW_AT_byte_size
	.byte	3                               @ DW_AT_decl_file
	.short	275                             @ DW_AT_decl_line
	.byte	15                              @ Abbrev [15] 0x29e:0xd DW_TAG_member
	.long	.Linfo_string24                 @ DW_AT_name
	.long	95                              @ DW_AT_type
	.byte	3                               @ DW_AT_decl_file
	.short	276                             @ DW_AT_decl_line
	.byte	0                               @ DW_AT_data_member_location
	.byte	15                              @ Abbrev [15] 0x2ab:0xd DW_TAG_member
	.long	.Linfo_string25                 @ DW_AT_name
	.long	95                              @ DW_AT_type
	.byte	3                               @ DW_AT_decl_file
	.short	277                             @ DW_AT_decl_line
	.byte	4                               @ DW_AT_data_member_location
	.byte	15                              @ Abbrev [15] 0x2b8:0xd DW_TAG_member
	.long	.Linfo_string26                 @ DW_AT_name
	.long	749                             @ DW_AT_type
	.byte	3                               @ DW_AT_decl_file
	.short	278                             @ DW_AT_decl_line
	.byte	8                               @ DW_AT_data_member_location
	.byte	15                              @ Abbrev [15] 0x2c5:0xd DW_TAG_member
	.long	.Linfo_string28                 @ DW_AT_name
	.long	749                             @ DW_AT_type
	.byte	3                               @ DW_AT_decl_file
	.short	279                             @ DW_AT_decl_line
	.byte	12                              @ DW_AT_data_member_location
	.byte	15                              @ Abbrev [15] 0x2d2:0xd DW_TAG_member
	.long	.Linfo_string29                 @ DW_AT_name
	.long	95                              @ DW_AT_type
	.byte	3                               @ DW_AT_decl_file
	.short	280                             @ DW_AT_decl_line
	.byte	16                              @ DW_AT_data_member_location
	.byte	15                              @ Abbrev [15] 0x2df:0xd DW_TAG_member
	.long	.Linfo_string30                 @ DW_AT_name
	.long	756                             @ DW_AT_type
	.byte	3                               @ DW_AT_decl_file
	.short	281                             @ DW_AT_decl_line
	.byte	20                              @ DW_AT_data_member_location
	.byte	0                               @ End Of Children Mark
	.byte	7                               @ Abbrev [7] 0x2ed:0x7 DW_TAG_base_type
	.long	.Linfo_string27                 @ DW_AT_name
	.byte	5                               @ DW_AT_encoding
	.byte	4                               @ DW_AT_byte_size
	.byte	11                              @ Abbrev [11] 0x2f4:0x5 DW_TAG_pointer_type
	.long	761                             @ DW_AT_type
	.byte	12                              @ Abbrev [12] 0x2f9:0x5 DW_TAG_const_type
	.long	766                             @ DW_AT_type
	.byte	7                               @ Abbrev [7] 0x2fe:0x7 DW_TAG_base_type
	.long	.Linfo_string31                 @ DW_AT_name
	.byte	8                               @ DW_AT_encoding
	.byte	1                               @ DW_AT_byte_size
	.byte	11                              @ Abbrev [11] 0x305:0x5 DW_TAG_pointer_type
	.long	778                             @ DW_AT_type
	.byte	12                              @ Abbrev [12] 0x30a:0x5 DW_TAG_const_type
	.long	783                             @ DW_AT_type
	.byte	13                              @ Abbrev [13] 0x30f:0xc DW_TAG_typedef
	.long	795                             @ DW_AT_type
	.long	.Linfo_string41                 @ DW_AT_name
	.byte	3                               @ DW_AT_decl_file
	.short	369                             @ DW_AT_decl_line
	.byte	19                              @ Abbrev [19] 0x31b:0x2d DW_TAG_structure_type
	.byte	12                              @ DW_AT_byte_size
	.byte	3                               @ DW_AT_decl_file
	.short	365                             @ DW_AT_decl_line
	.byte	15                              @ Abbrev [15] 0x320:0xd DW_TAG_member
	.long	.Linfo_string35                 @ DW_AT_name
	.long	840                             @ DW_AT_type
	.byte	3                               @ DW_AT_decl_file
	.short	366                             @ DW_AT_decl_line
	.byte	0                               @ DW_AT_data_member_location
	.byte	15                              @ Abbrev [15] 0x32d:0xd DW_TAG_member
	.long	.Linfo_string37                 @ DW_AT_name
	.long	883                             @ DW_AT_type
	.byte	3                               @ DW_AT_decl_file
	.short	367                             @ DW_AT_decl_line
	.byte	4                               @ DW_AT_data_member_location
	.byte	15                              @ Abbrev [15] 0x33a:0xd DW_TAG_member
	.long	.Linfo_string39                 @ DW_AT_name
	.long	900                             @ DW_AT_type
	.byte	3                               @ DW_AT_decl_file
	.short	368                             @ DW_AT_decl_line
	.byte	8                               @ DW_AT_data_member_location
	.byte	0                               @ End Of Children Mark
	.byte	11                              @ Abbrev [11] 0x348:0x5 DW_TAG_pointer_type
	.long	845                             @ DW_AT_type
	.byte	13                              @ Abbrev [13] 0x34d:0xc DW_TAG_typedef
	.long	857                             @ DW_AT_type
	.long	.Linfo_string36                 @ DW_AT_name
	.byte	3                               @ DW_AT_decl_file
	.short	361                             @ DW_AT_decl_line
	.byte	18                              @ Abbrev [18] 0x359:0x10 DW_TAG_subroutine_type
	.long	459                             @ DW_AT_type
                                        @ DW_AT_prototyped
	.byte	10                              @ Abbrev [10] 0x35e:0x5 DW_TAG_formal_parameter
	.long	873                             @ DW_AT_type
	.byte	10                              @ Abbrev [10] 0x363:0x5 DW_TAG_formal_parameter
	.long	459                             @ DW_AT_type
	.byte	0                               @ End Of Children Mark
	.byte	11                              @ Abbrev [11] 0x369:0x5 DW_TAG_pointer_type
	.long	878                             @ DW_AT_type
	.byte	12                              @ Abbrev [12] 0x36e:0x5 DW_TAG_const_type
	.long	608                             @ DW_AT_type
	.byte	11                              @ Abbrev [11] 0x373:0x5 DW_TAG_pointer_type
	.long	888                             @ DW_AT_type
	.byte	13                              @ Abbrev [13] 0x378:0xc DW_TAG_typedef
	.long	857                             @ DW_AT_type
	.long	.Linfo_string38                 @ DW_AT_name
	.byte	3                               @ DW_AT_decl_file
	.short	362                             @ DW_AT_decl_line
	.byte	11                              @ Abbrev [11] 0x384:0x5 DW_TAG_pointer_type
	.long	905                             @ DW_AT_type
	.byte	13                              @ Abbrev [13] 0x389:0xc DW_TAG_typedef
	.long	917                             @ DW_AT_type
	.long	.Linfo_string40                 @ DW_AT_name
	.byte	3                               @ DW_AT_decl_file
	.short	363                             @ DW_AT_decl_line
	.byte	17                              @ Abbrev [17] 0x395:0xc DW_TAG_subroutine_type
                                        @ DW_AT_prototyped
	.byte	10                              @ Abbrev [10] 0x396:0x5 DW_TAG_formal_parameter
	.long	873                             @ DW_AT_type
	.byte	10                              @ Abbrev [10] 0x39b:0x5 DW_TAG_formal_parameter
	.long	459                             @ DW_AT_type
	.byte	0                               @ End Of Children Mark
	.byte	11                              @ Abbrev [11] 0x3a1:0x5 DW_TAG_pointer_type
	.long	934                             @ DW_AT_type
	.byte	20                              @ Abbrev [20] 0x3a6:0x1 DW_TAG_const_type
	.byte	11                              @ Abbrev [11] 0x3a7:0x5 DW_TAG_pointer_type
	.long	940                             @ DW_AT_type
	.byte	12                              @ Abbrev [12] 0x3ac:0x5 DW_TAG_const_type
	.long	945                             @ DW_AT_type
	.byte	13                              @ Abbrev [13] 0x3b1:0xc DW_TAG_typedef
	.long	957                             @ DW_AT_type
	.long	.Linfo_string59                 @ DW_AT_name
	.byte	3                               @ DW_AT_decl_file
	.short	307                             @ DW_AT_decl_line
	.byte	19                              @ Abbrev [19] 0x3bd:0x6e DW_TAG_structure_type
	.byte	28                              @ DW_AT_byte_size
	.byte	3                               @ DW_AT_decl_file
	.short	298                             @ DW_AT_decl_line
	.byte	15                              @ Abbrev [15] 0x3c2:0xd DW_TAG_member
	.long	.Linfo_string30                 @ DW_AT_name
	.long	756                             @ DW_AT_type
	.byte	3                               @ DW_AT_decl_file
	.short	299                             @ DW_AT_decl_line
	.byte	0                               @ DW_AT_data_member_location
	.byte	15                              @ Abbrev [15] 0x3cf:0xd DW_TAG_member
	.long	.Linfo_string48                 @ DW_AT_name
	.long	756                             @ DW_AT_type
	.byte	3                               @ DW_AT_decl_file
	.short	300                             @ DW_AT_decl_line
	.byte	4                               @ DW_AT_data_member_location
	.byte	15                              @ Abbrev [15] 0x3dc:0xd DW_TAG_member
	.long	.Linfo_string49                 @ DW_AT_name
	.long	1067                            @ DW_AT_type
	.byte	3                               @ DW_AT_decl_file
	.short	301                             @ DW_AT_decl_line
	.byte	8                               @ DW_AT_data_member_location
	.byte	15                              @ Abbrev [15] 0x3e9:0xd DW_TAG_member
	.long	.Linfo_string50                 @ DW_AT_name
	.long	419                             @ DW_AT_type
	.byte	3                               @ DW_AT_decl_file
	.short	302                             @ DW_AT_decl_line
	.byte	12                              @ DW_AT_data_member_location
	.byte	15                              @ Abbrev [15] 0x3f6:0xd DW_TAG_member
	.long	.Linfo_string51                 @ DW_AT_name
	.long	419                             @ DW_AT_type
	.byte	3                               @ DW_AT_decl_file
	.short	303                             @ DW_AT_decl_line
	.byte	14                              @ DW_AT_data_member_location
	.byte	15                              @ Abbrev [15] 0x403:0xd DW_TAG_member
	.long	.Linfo_string24                 @ DW_AT_name
	.long	95                              @ DW_AT_type
	.byte	3                               @ DW_AT_decl_file
	.short	304                             @ DW_AT_decl_line
	.byte	16                              @ DW_AT_data_member_location
	.byte	15                              @ Abbrev [15] 0x410:0xd DW_TAG_member
	.long	.Linfo_string29                 @ DW_AT_name
	.long	95                              @ DW_AT_type
	.byte	3                               @ DW_AT_decl_file
	.short	305                             @ DW_AT_decl_line
	.byte	20                              @ DW_AT_data_member_location
	.byte	15                              @ Abbrev [15] 0x41d:0xd DW_TAG_member
	.long	.Linfo_string58                 @ DW_AT_name
	.long	95                              @ DW_AT_type
	.byte	3                               @ DW_AT_decl_file
	.short	306                             @ DW_AT_decl_line
	.byte	24                              @ DW_AT_data_member_location
	.byte	0                               @ End Of Children Mark
	.byte	11                              @ Abbrev [11] 0x42b:0x5 DW_TAG_pointer_type
	.long	1072                            @ DW_AT_type
	.byte	12                              @ Abbrev [12] 0x430:0x5 DW_TAG_const_type
	.long	1077                            @ DW_AT_type
	.byte	13                              @ Abbrev [13] 0x435:0xc DW_TAG_typedef
	.long	1089                            @ DW_AT_type
	.long	.Linfo_string57                 @ DW_AT_name
	.byte	3                               @ DW_AT_decl_file
	.short	266                             @ DW_AT_decl_line
	.byte	19                              @ Abbrev [19] 0x441:0x2d DW_TAG_structure_type
	.byte	8                               @ DW_AT_byte_size
	.byte	3                               @ DW_AT_decl_file
	.short	262                             @ DW_AT_decl_line
	.byte	15                              @ Abbrev [15] 0x446:0xd DW_TAG_member
	.long	.Linfo_string50                 @ DW_AT_name
	.long	419                             @ DW_AT_type
	.byte	3                               @ DW_AT_decl_file
	.short	263                             @ DW_AT_decl_line
	.byte	0                               @ DW_AT_data_member_location
	.byte	15                              @ Abbrev [15] 0x453:0xd DW_TAG_member
	.long	.Linfo_string51                 @ DW_AT_name
	.long	419                             @ DW_AT_type
	.byte	3                               @ DW_AT_decl_file
	.short	264                             @ DW_AT_decl_line
	.byte	2                               @ DW_AT_data_member_location
	.byte	15                              @ Abbrev [15] 0x460:0xd DW_TAG_member
	.long	.Linfo_string52                 @ DW_AT_name
	.long	1134                            @ DW_AT_type
	.byte	3                               @ DW_AT_decl_file
	.short	265                             @ DW_AT_decl_line
	.byte	4                               @ DW_AT_data_member_location
	.byte	0                               @ End Of Children Mark
	.byte	11                              @ Abbrev [11] 0x46e:0x5 DW_TAG_pointer_type
	.long	1139                            @ DW_AT_type
	.byte	12                              @ Abbrev [12] 0x473:0x5 DW_TAG_const_type
	.long	1144                            @ DW_AT_type
	.byte	13                              @ Abbrev [13] 0x478:0xc DW_TAG_typedef
	.long	1156                            @ DW_AT_type
	.long	.Linfo_string56                 @ DW_AT_name
	.byte	3                               @ DW_AT_decl_file
	.short	260                             @ DW_AT_decl_line
	.byte	19                              @ Abbrev [19] 0x484:0x20 DW_TAG_structure_type
	.byte	4                               @ DW_AT_byte_size
	.byte	3                               @ DW_AT_decl_file
	.short	257                             @ DW_AT_decl_line
	.byte	15                              @ Abbrev [15] 0x489:0xd DW_TAG_member
	.long	.Linfo_string53                 @ DW_AT_name
	.long	1188                            @ DW_AT_type
	.byte	3                               @ DW_AT_decl_file
	.short	258                             @ DW_AT_decl_line
	.byte	0                               @ DW_AT_data_member_location
	.byte	15                              @ Abbrev [15] 0x496:0xd DW_TAG_member
	.long	.Linfo_string55                 @ DW_AT_name
	.long	1188                            @ DW_AT_type
	.byte	3                               @ DW_AT_decl_file
	.short	259                             @ DW_AT_decl_line
	.byte	2                               @ DW_AT_data_member_location
	.byte	0                               @ End Of Children Mark
	.byte	7                               @ Abbrev [7] 0x4a4:0x7 DW_TAG_base_type
	.long	.Linfo_string54                 @ DW_AT_name
	.byte	5                               @ DW_AT_encoding
	.byte	2                               @ DW_AT_byte_size
	.byte	11                              @ Abbrev [11] 0x4ab:0x5 DW_TAG_pointer_type
	.long	1200                            @ DW_AT_type
	.byte	12                              @ Abbrev [12] 0x4b0:0x5 DW_TAG_const_type
	.long	1205                            @ DW_AT_type
	.byte	13                              @ Abbrev [13] 0x4b5:0xc DW_TAG_typedef
	.long	1217                            @ DW_AT_type
	.long	.Linfo_string66                 @ DW_AT_name
	.byte	3                               @ DW_AT_decl_file
	.short	289                             @ DW_AT_decl_line
	.byte	14                              @ Abbrev [14] 0x4c1:0x3e DW_TAG_structure_type
	.long	.Linfo_string66                 @ DW_AT_name
	.byte	12                              @ DW_AT_byte_size
	.byte	3                               @ DW_AT_decl_file
	.short	284                             @ DW_AT_decl_line
	.byte	15                              @ Abbrev [15] 0x4ca:0xd DW_TAG_member
	.long	.Linfo_string61                 @ DW_AT_name
	.long	419                             @ DW_AT_type
	.byte	3                               @ DW_AT_decl_file
	.short	285                             @ DW_AT_decl_line
	.byte	0                               @ DW_AT_data_member_location
	.byte	15                              @ Abbrev [15] 0x4d7:0xd DW_TAG_member
	.long	.Linfo_string62                 @ DW_AT_name
	.long	419                             @ DW_AT_type
	.byte	3                               @ DW_AT_decl_file
	.short	286                             @ DW_AT_decl_line
	.byte	2                               @ DW_AT_data_member_location
	.byte	15                              @ Abbrev [15] 0x4e4:0xd DW_TAG_member
	.long	.Linfo_string63                 @ DW_AT_name
	.long	1279                            @ DW_AT_type
	.byte	3                               @ DW_AT_decl_file
	.short	287                             @ DW_AT_decl_line
	.byte	4                               @ DW_AT_data_member_location
	.byte	15                              @ Abbrev [15] 0x4f1:0xd DW_TAG_member
	.long	.Linfo_string65                 @ DW_AT_name
	.long	1359                            @ DW_AT_type
	.byte	3                               @ DW_AT_decl_file
	.short	288                             @ DW_AT_decl_line
	.byte	8                               @ DW_AT_data_member_location
	.byte	0                               @ End Of Children Mark
	.byte	11                              @ Abbrev [11] 0x4ff:0x5 DW_TAG_pointer_type
	.long	1284                            @ DW_AT_type
	.byte	12                              @ Abbrev [12] 0x504:0x5 DW_TAG_const_type
	.long	1289                            @ DW_AT_type
	.byte	13                              @ Abbrev [13] 0x509:0xc DW_TAG_typedef
	.long	1301                            @ DW_AT_type
	.long	.Linfo_string64                 @ DW_AT_name
	.byte	3                               @ DW_AT_decl_file
	.short	273                             @ DW_AT_decl_line
	.byte	19                              @ Abbrev [19] 0x515:0x3a DW_TAG_structure_type
	.byte	16                              @ DW_AT_byte_size
	.byte	3                               @ DW_AT_decl_file
	.short	268                             @ DW_AT_decl_line
	.byte	15                              @ Abbrev [15] 0x51a:0xd DW_TAG_member
	.long	.Linfo_string24                 @ DW_AT_name
	.long	95                              @ DW_AT_type
	.byte	3                               @ DW_AT_decl_file
	.short	269                             @ DW_AT_decl_line
	.byte	0                               @ DW_AT_data_member_location
	.byte	15                              @ Abbrev [15] 0x527:0xd DW_TAG_member
	.long	.Linfo_string29                 @ DW_AT_name
	.long	95                              @ DW_AT_type
	.byte	3                               @ DW_AT_decl_file
	.short	270                             @ DW_AT_decl_line
	.byte	4                               @ DW_AT_data_member_location
	.byte	15                              @ Abbrev [15] 0x534:0xd DW_TAG_member
	.long	.Linfo_string58                 @ DW_AT_name
	.long	95                              @ DW_AT_type
	.byte	3                               @ DW_AT_decl_file
	.short	271                             @ DW_AT_decl_line
	.byte	8                               @ DW_AT_data_member_location
	.byte	15                              @ Abbrev [15] 0x541:0xd DW_TAG_member
	.long	.Linfo_string30                 @ DW_AT_name
	.long	756                             @ DW_AT_type
	.byte	3                               @ DW_AT_decl_file
	.short	272                             @ DW_AT_decl_line
	.byte	12                              @ DW_AT_data_member_location
	.byte	0                               @ End Of Children Mark
	.byte	11                              @ Abbrev [11] 0x54f:0x5 DW_TAG_pointer_type
	.long	1364                            @ DW_AT_type
	.byte	12                              @ Abbrev [12] 0x554:0x5 DW_TAG_const_type
	.long	1217                            @ DW_AT_type
	.byte	11                              @ Abbrev [11] 0x559:0x5 DW_TAG_pointer_type
	.long	1374                            @ DW_AT_type
	.byte	12                              @ Abbrev [12] 0x55e:0x5 DW_TAG_const_type
	.long	1379                            @ DW_AT_type
	.byte	13                              @ Abbrev [13] 0x563:0xc DW_TAG_typedef
	.long	1391                            @ DW_AT_type
	.long	.Linfo_string68                 @ DW_AT_name
	.byte	3                               @ DW_AT_decl_file
	.short	296                             @ DW_AT_decl_line
	.byte	14                              @ Abbrev [14] 0x56f:0x3e DW_TAG_structure_type
	.long	.Linfo_string68                 @ DW_AT_name
	.byte	12                              @ DW_AT_byte_size
	.byte	3                               @ DW_AT_decl_file
	.short	291                             @ DW_AT_decl_line
	.byte	15                              @ Abbrev [15] 0x578:0xd DW_TAG_member
	.long	.Linfo_string61                 @ DW_AT_name
	.long	419                             @ DW_AT_type
	.byte	3                               @ DW_AT_decl_file
	.short	292                             @ DW_AT_decl_line
	.byte	0                               @ DW_AT_data_member_location
	.byte	15                              @ Abbrev [15] 0x585:0xd DW_TAG_member
	.long	.Linfo_string62                 @ DW_AT_name
	.long	419                             @ DW_AT_type
	.byte	3                               @ DW_AT_decl_file
	.short	293                             @ DW_AT_decl_line
	.byte	2                               @ DW_AT_data_member_location
	.byte	15                              @ Abbrev [15] 0x592:0xd DW_TAG_member
	.long	.Linfo_string63                 @ DW_AT_name
	.long	1453                            @ DW_AT_type
	.byte	3                               @ DW_AT_decl_file
	.short	294                             @ DW_AT_decl_line
	.byte	4                               @ DW_AT_data_member_location
	.byte	15                              @ Abbrev [15] 0x59f:0xd DW_TAG_member
	.long	.Linfo_string65                 @ DW_AT_name
	.long	1463                            @ DW_AT_type
	.byte	3                               @ DW_AT_decl_file
	.short	295                             @ DW_AT_decl_line
	.byte	8                               @ DW_AT_data_member_location
	.byte	0                               @ End Of Children Mark
	.byte	11                              @ Abbrev [11] 0x5ad:0x5 DW_TAG_pointer_type
	.long	1458                            @ DW_AT_type
	.byte	12                              @ Abbrev [12] 0x5b2:0x5 DW_TAG_const_type
	.long	653                             @ DW_AT_type
	.byte	11                              @ Abbrev [11] 0x5b7:0x5 DW_TAG_pointer_type
	.long	1468                            @ DW_AT_type
	.byte	12                              @ Abbrev [12] 0x5bc:0x5 DW_TAG_const_type
	.long	1391                            @ DW_AT_type
	.byte	0                               @ End Of Children Mark
.Ldebug_info_end0:
	.section	.debug_str,"MS",%progbits,1
.Linfo_string0:
	.asciz	"Component: Arm Compiler for Embedded 6.22 Tool: armclang [5ee92100]" @ string offset=0
.Linfo_string1:
	.asciz	"Library\\GUIConf.c"            @ string offset=68
.Linfo_string2:
	.asciz	"C:\\Users\\dinhl\\Documents\\Tesy\\EEET2481_A3_TETRISGAME" @ string offset=86
.Linfo_string3:
	.asciz	"aMemory"                       @ string offset=139
.Linfo_string4:
	.asciz	"unsigned long"                 @ string offset=147
.Linfo_string5:
	.asciz	"__ARRAY_SIZE_TYPE__"           @ string offset=161
.Linfo_string6:
	.asciz	"GUI_SetDefaultFont"            @ string offset=181
.Linfo_string7:
	.asciz	"pfDispChar"                    @ string offset=200
.Linfo_string8:
	.asciz	"unsigned short"                @ string offset=211
.Linfo_string9:
	.asciz	"GUI_DISPCHAR"                  @ string offset=226
.Linfo_string10:
	.asciz	"pfGetCharDistX"                @ string offset=239
.Linfo_string11:
	.asciz	"int"                           @ string offset=254
.Linfo_string12:
	.asciz	"GUI_GETCHARDISTX"              @ string offset=258
.Linfo_string13:
	.asciz	"pfGetFontInfo"                 @ string offset=275
.Linfo_string14:
	.asciz	"Flags"                         @ string offset=289
.Linfo_string15:
	.asciz	"Baseline"                      @ string offset=295
.Linfo_string16:
	.asciz	"LHeight"                       @ string offset=304
.Linfo_string17:
	.asciz	"CHeight"                       @ string offset=312
.Linfo_string18:
	.asciz	"GUI_FONTINFO"                  @ string offset=320
.Linfo_string19:
	.asciz	"GUI_GETFONTINFO"               @ string offset=333
.Linfo_string20:
	.asciz	"pfIsInFont"                    @ string offset=349
.Linfo_string21:
	.asciz	"char"                          @ string offset=360
.Linfo_string22:
	.asciz	"GUI_ISINFONT"                  @ string offset=365
.Linfo_string23:
	.asciz	"pfGetCharInfo"                 @ string offset=378
.Linfo_string24:
	.asciz	"XSize"                         @ string offset=392
.Linfo_string25:
	.asciz	"YSize"                         @ string offset=398
.Linfo_string26:
	.asciz	"XPos"                          @ string offset=404
.Linfo_string27:
	.asciz	"long"                          @ string offset=409
.Linfo_string28:
	.asciz	"YPos"                          @ string offset=414
.Linfo_string29:
	.asciz	"XDist"                         @ string offset=419
.Linfo_string30:
	.asciz	"pData"                         @ string offset=425
.Linfo_string31:
	.asciz	"unsigned char"                 @ string offset=431
.Linfo_string32:
	.asciz	"GUI_CHARINFO_EXT"              @ string offset=445
.Linfo_string33:
	.asciz	"GUI_GETCHARINFO"               @ string offset=462
.Linfo_string34:
	.asciz	"pafEncode"                     @ string offset=478
.Linfo_string35:
	.asciz	"pfGetLineDistX"                @ string offset=488
.Linfo_string36:
	.asciz	"tGUI_GetLineDistX"             @ string offset=503
.Linfo_string37:
	.asciz	"pfGetLineLen"                  @ string offset=521
.Linfo_string38:
	.asciz	"tGUI_GetLineLen"               @ string offset=534
.Linfo_string39:
	.asciz	"pfDispLine"                    @ string offset=550
.Linfo_string40:
	.asciz	"tGL_DispLine"                  @ string offset=561
.Linfo_string41:
	.asciz	"tGUI_ENC_APIList"              @ string offset=574
.Linfo_string42:
	.asciz	"YDist"                         @ string offset=591
.Linfo_string43:
	.asciz	"XMag"                          @ string offset=597
.Linfo_string44:
	.asciz	"YMag"                          @ string offset=602
.Linfo_string45:
	.asciz	"p"                             @ string offset=607
.Linfo_string46:
	.asciz	"pFontData"                     @ string offset=609
.Linfo_string47:
	.asciz	"pMono"                         @ string offset=619
.Linfo_string48:
	.asciz	"pTransData"                    @ string offset=625
.Linfo_string49:
	.asciz	"pTrans"                        @ string offset=636
.Linfo_string50:
	.asciz	"FirstChar"                     @ string offset=643
.Linfo_string51:
	.asciz	"LastChar"                      @ string offset=653
.Linfo_string52:
	.asciz	"pList"                         @ string offset=662
.Linfo_string53:
	.asciz	"c0"                            @ string offset=668
.Linfo_string54:
	.asciz	"short"                         @ string offset=671
.Linfo_string55:
	.asciz	"c1"                            @ string offset=677
.Linfo_string56:
	.asciz	"GUI_FONT_TRANSLIST"            @ string offset=680
.Linfo_string57:
	.asciz	"GUI_FONT_TRANSINFO"            @ string offset=699
.Linfo_string58:
	.asciz	"BytesPerLine"                  @ string offset=718
.Linfo_string59:
	.asciz	"GUI_FONT_MONO"                 @ string offset=731
.Linfo_string60:
	.asciz	"pProp"                         @ string offset=745
.Linfo_string61:
	.asciz	"First"                         @ string offset=751
.Linfo_string62:
	.asciz	"Last"                          @ string offset=757
.Linfo_string63:
	.asciz	"paCharInfo"                    @ string offset=762
.Linfo_string64:
	.asciz	"GUI_CHARINFO"                  @ string offset=773
.Linfo_string65:
	.asciz	"pNext"                         @ string offset=786
.Linfo_string66:
	.asciz	"GUI_FONT_PROP"                 @ string offset=792
.Linfo_string67:
	.asciz	"pPropExt"                      @ string offset=806
.Linfo_string68:
	.asciz	"GUI_FONT_PROP_EXT"             @ string offset=815
.Linfo_string69:
	.asciz	"GUI_FONT"                      @ string offset=833
.Linfo_string70:
	.asciz	"GUI_X_Config"                  @ string offset=842
	.ident	"Component: Arm Compiler for Embedded 6.22 Tool: armclang [5ee92100]"
	.section	".note.GNU-stack","",%progbits
	.eabi_attribute	30, 1	@ Tag_ABI_optimization_goals
	.ARM_attribute	16, 1	@ Tag_AV_eba
	.section	.debug_line,"",%progbits
.Lline_table_start0:
