Component: Arm Compiler for Embedded 6.22 Tool: armlink [5ee90200]

==============================================================================

Small function inlining results

Inlined function _platform_pre_stackheap_init from boardinit1.o at offset 0x0 in __rtentry2.o(.ARM.Collect$$rtentry$$00000001).
Inlined Instruction: BX       lr
Inlined function _platform_pre_lib_shutdown from boardshut.o at offset 0x0 in rtexit2.o(.ARM.Collect$$rtexit$$00000001).
Inlined Instruction: BX       lr
Inlined total of 2 calls.

==============================================================================

Image Symbol Table

    Local Symbols

    Symbol Name                              Value     Ov Type        Size  Object(Section)

    ../clib/angel/boardlib.s                 0x00000000   Number         0  boardinit1.o ABSOLUTE
    ../clib/angel/boardlib.s                 0x00000000   Number         0  boardinit2.o ABSOLUTE
    ../clib/angel/boardlib.s                 0x00000000   Number         0  boardinit3.o ABSOLUTE
    ../clib/angel/boardlib.s                 0x00000000   Number         0  boardshut.o ABSOLUTE
    ../clib/angel/handlers.s                 0x00000000   Number         0  __scatter_copy.o ABSOLUTE
    ../clib/angel/handlers.s                 0x00000000   Number         0  __scatter_zi.o ABSOLUTE
    ../clib/angel/kernel.s                   0x00000000   Number         0  __rtentry.o ABSOLUTE
    ../clib/angel/kernel.s                   0x00000000   Number         0  __rtentry2.o ABSOLUTE
    ../clib/angel/kernel.s                   0x00000000   Number         0  __rtentry4.o ABSOLUTE
    ../clib/angel/kernel.s                   0x00000000   Number         0  rtexit.o ABSOLUTE
    ../clib/angel/kernel.s                   0x00000000   Number         0  rtexit2.o ABSOLUTE
    ../clib/angel/rt.s                       0x00000000   Number         0  rt_raise.o ABSOLUTE
    ../clib/angel/scatter.s                  0x00000000   Number         0  __scatter.o ABSOLUTE
    ../clib/angel/startup.s                  0x00000000   Number         0  __main.o ABSOLUTE
    ../clib/angel/sys.s                      0x00000000   Number         0  use_no_semi_2.o ABSOLUTE
    ../clib/angel/sys.s                      0x00000000   Number         0  use_no_semi.o ABSOLUTE
    ../clib/angel/sys.s                      0x00000000   Number         0  sys_stackheap_outer.o ABSOLUTE
    ../clib/angel/sys.s                      0x00000000   Number         0  libspace.o ABSOLUTE
    ../clib/angel/sys.s                      0x00000000   Number         0  indicate_semi.o ABSOLUTE
    ../clib/angel/sysapp.c                   0x00000000   Number         0  sys_command.o ABSOLUTE
    ../clib/angel/sysapp.c                   0x00000000   Number         0  sys_command_hlt.o ABSOLUTE
    ../clib/armsys.c                         0x00000000   Number         0  argv_veneer.o ABSOLUTE
    ../clib/armsys.c                         0x00000000   Number         0  argv_veneer.o ABSOLUTE
    ../clib/armsys.c                         0x00000000   Number         0  _get_argv_nomalloc.o ABSOLUTE
    ../clib/armsys.c                         0x00000000   Number         0  no_argv.o ABSOLUTE
    ../clib/heapalloc.c                      0x00000000   Number         0  hrguard.o ABSOLUTE
    ../clib/heapaux.c                        0x00000000   Number         0  heapauxi.o ABSOLUTE
    ../clib/libinit.s                        0x00000000   Number         0  libinit.o ABSOLUTE
    ../clib/libinit.s                        0x00000000   Number         0  libinit2.o ABSOLUTE
    ../clib/libinit.s                        0x00000000   Number         0  libshutdown.o ABSOLUTE
    ../clib/libinit.s                        0x00000000   Number         0  libshutdown2.o ABSOLUTE
    ../clib/memcpset.s                       0x00000000   Number         0  rt_memcpy_v6.o ABSOLUTE
    ../clib/memcpset.s                       0x00000000   Number         0  rt_memmove_v6.o ABSOLUTE
    ../clib/memcpset.s                       0x00000000   Number         0  memcpy.o ABSOLUTE
    ../clib/memcpset.s                       0x00000000   Number         0  rt_memcpy_w.o ABSOLUTE
    ../clib/memcpset.s                       0x00000000   Number         0  memset.o ABSOLUTE
    ../clib/memcpset.s                       0x00000000   Number         0  aeabi_memset.o ABSOLUTE
    ../clib/memcpset.s                       0x00000000   Number         0  rt_memclr_w.o ABSOLUTE
    ../clib/memcpset.s                       0x00000000   Number         0  strcmpv7em.o ABSOLUTE
    ../clib/memcpset.s                       0x00000000   Number         0  rt_memmove_w.o ABSOLUTE
    ../clib/memcpset.s                       0x00000000   Number         0  rt_memclr.o ABSOLUTE
    ../clib/misc.s                           0x00000000   Number         0  printf_stubs.o ABSOLUTE
    ../clib/printf.c                         0x00000000   Number         0  __2printf.o ABSOLUTE
[...]
    0x00032030   0x00032030   0x000001c0   Data   RO         2075    .constdata          NUemWin_CM4_Keil.lib(F6x8.o)
    0x000321f0   0x000321f0   0x00000008   Data   RO         2076    .constdata          NUemWin_CM4_Keil.lib(F6x8.o)
    0x000321f8   0x000321f8   0x0000001c   Data   RO         2077    .constdata          NUemWin_CM4_Keil.lib(F6x8.o)
    0x00032214   0x00032214   0x00000038   Data   RO         2078    .constdata          NUemWin_CM4_Keil.lib(F6x8.o)
    0x0003224c   0x0003224c   0x0000014c   Data   RO         2509    .constdata          NUemWin_CM4_Keil.lib(AppWizard_Action.o)
    0x00032398   0x00032398   0x00000178   Data   RO         2609    .constdata          NUemWin_CM4_Keil.lib(AppWizard_Drawing.o)
    0x00032510   0x00032510   0x00000058   Data   RO         2873    .constdata          NUemWin_CM4_Keil.lib(GUI_EnableAlpha.o)
    0x00032568   0x00032568   0x0000000c   Data   RO         2906    .constdata          NUemWin_CM4_Keil.lib(GUI_EncExt.o)
    0x00032574   0x00032574   0x00000004   Data   RO         2942    .constdata          NUemWin_CM4_Keil.lib(GUI_Lang.o)
    0x00032578   0x00032578   0x00000010   Data   RO         3221    .constdata          NUemWin_CM4_Keil.lib(GUI_UC.o)
    0x00032588   0x00032588   0x00000010   Data   RO         3249    .constdata          NUemWin_CM4_Keil.lib(GUI_UC_EncodeNone.o)
    0x00032598   0x00032598   0x00000010   Data   RO         3260    .constdata          NUemWin_CM4_Keil.lib(GUI_UC_EncodeUTF8.o)
    0x000325a8   0x000325a8   0x00000010   Data   RO         3293    .constdata          NUemWin_CM4_Keil.lib(GUI__DivTbl.o)
    0x000325b8   0x000325b8   0x00000020   Data   RO         3294    .constdata          NUemWin_CM4_Keil.lib(GUI__DivTbl.o)
    0x000325d8   0x000325d8   0x00000040   Data   RO         3295    .constdata          NUemWin_CM4_Keil.lib(GUI__DivTbl.o)
    0x00032618   0x00032618   0x00000100   Data   RO         3297    .constdata          NUemWin_CM4_Keil.lib(GUI__DivTbl.o)
    0x00032718   0x00032718   0x00000100   Data   RO         3298    .constdata          NUemWin_CM4_Keil.lib(GUI__DivTbl.o)
    0x00032818   0x00032818   0x0000016c   Data   RO         3360    .constdata          NUemWin_CM4_Keil.lib(GUI__SinHQ.o)
    0x00032984   0x00032984   0x0000000c   Data   RO         3401    .constdata          NUemWin_CM4_Keil.lib(LCD.o)
    0x00032990   0x00032990   0x00000010   Data   RO         3540    .constdata          NUemWin_CM4_Keil.lib(LCD_Rotate180.o)
    0x000329a0   0x000329a0   0x00000010   Data   RO         3548    .constdata          NUemWin_CM4_Keil.lib(LCD_RotateCCW.o)
    0x000329b0   0x000329b0   0x00000010   Data   RO         3558    .constdata          NUemWin_CM4_Keil.lib(LCD_RotateCW.o)
    0x000329c0   0x000329c0   0x0000000d   Data   RO         3570    .constdata          NUemWin_CM4_Keil.lib(F13_1.o)
    0x000329cd   0x000329cd   0x0000000d   Data   RO         3571    .constdata          NUemWin_CM4_Keil.lib(F13_1.o)
    0x000329da   0x000329da   0x0000000d   Data   RO         3572    .constdata          NUemWin_CM4_Keil.lib(F13_1.o)
    0x000329e7   0x000329e7   0x0000000d   Data   RO         3573    .constdata          NUemWin_CM4_Keil.lib(F13_1.o)
    0x000329f4   0x000329f4   0x0000000d   Data   RO         3574    .constdata          NUemWin_CM4_Keil.lib(F13_1.o)
    0x00032a01   0x00032a01   0x0000000d   Data   RO         3575    .constdata          NUemWin_CM4_Keil.lib(F13_1.o)
    0x00032a0e   0x00032a0e   0x0000000d   Data   RO         3576    .constdata          NUemWin_CM4_Keil.lib(F13_1.o)
    0x00032a1b   0x00032a1b   0x0000000d   Data   RO         3577    .constdata          NUemWin_CM4_Keil.lib(F13_1.o)
    0x00032a28   0x00032a28   0x0000000d   Data   RO         3578    .constdata          NUemWin_CM4_Keil.lib(F13_1.o)
    0x00032a35   0x00032a35   0x0000001a   Data   RO         3579    .constdata          NUemWin_CM4_Keil.lib(F13_1.o)
    0x00032a4f   0x00032a4f   0x0000000d   Data   RO         3580    .constdata          NUemWin_CM4_Keil.lib(F13_1.o)
    0x00032a5c   0x00032a5c   0x0000000d   Data   RO         3581    .constdata          NUemWin_CM4_Keil.lib(F13_1.o)
    0x00032a69   0x00032a69   0x0000000d   Data   RO         3582    .constdata          NUemWin_CM4_Keil.lib(F13_1.o)
    0x00032a76   0x00032a76   0x0000000d   Data   RO         3583    .constdata          NUemWin_CM4_Keil.lib(F13_1.o)
    0x00032a83   0x00032a83   0x0000001a   Data   RO         3584    .constdata          NUemWin_CM4_Keil.lib(F13_1.o)
    0x00032a9d   0x00032a9d   0x0000000d   Data   RO         3585    .constdata          NUemWin_CM4_Keil.lib(F13_1.o)
    0x00032aaa   0x00032aaa   0x0000000d   Data   RO         3586    .constdata          NUemWin_CM4_Keil.lib(F13_1.o)
    0x00032ab7   0x00032ab7   0x0000000d   Data   RO         3587    .constdata          NUemWin_CM4_Keil.lib(F13_1.o)
    0x00032ac4   0x00032ac4   0x0000000d   Data   RO         3588    .constdata          NUemWin_CM4_Keil.lib(F13_1.o)
    0x00032ad1   0x00032ad1   0x0000000d   Data   RO         3589    .constdata          NUemWin_CM4_Keil.lib(F13_1.o)
    0x00032ade   0x00032ade   0x0000000d   Data   RO         3590    .constdata          NUemWin_CM4_Keil.lib(F13_1.o)
    0x00032aeb   0x00032aeb   0x0000000d   Data   RO         3591    .constdata          NUemWin_CM4_Keil.lib(F13_1.o)
    0x00032af8   0x00032af8   0x0000000d   Data   RO         3592    .constdata          NUemWin_CM4_Keil.lib(F13_1.o)
    0x00032b05   0x00032b05   0x0000000d   Data   RO         3593    .constdata          NUemWin_CM4_Keil.lib(F13_1.o)
    0x00032b12   0x00032b12   0x0000000d   Data   RO         3594    .constdata          NUemWin_CM4_Keil.lib(F13_1.o)
    0x00032b1f   0x00032b1f   0x0000000d   Data   RO         3595    .constdata          NUemWin_CM4_Keil.lib(F13_1.o)
    0x00032b2c   0x00032b2c   0x0000000d   Data   RO         3596    .constdata          NUemWin_CM4_Keil.lib(F13_1.o)
    0x00032b39   0x00032b39   0x0000000d   Data   RO         3597    .constdata          NUemWin_CM4_Keil.lib(F13_1.o)
    0x00032b46   0x00032b46   0x0000001a   Data   RO         3598    .constdata          NUemWin_CM4_Keil.lib(F13_1.o)
    0x00032b60   0x00032b60   0x0000001a   Data   RO         3599    .constdata          NUemWin_CM4_Keil.lib(F13_1.o)
    0x00032b7a   0x00032b7a   0x0000001a   Data   RO         3600    .constdata          NUemWin_CM4_Keil.lib(F13_1.o)
    0x00032b94   0x00032b94   0x0000000d   Data   RO         3601    .constdata          NUemWin_CM4_Keil.lib(F13_1.o)
    0x00032ba1   0x00032ba1   0x0000000d   Data   RO         3602    .constdata          NUemWin_CM4_Keil.lib(F13_1.o)
    0x00032bae   0x00032bae   0x0000000d   Data   RO         3603    .constdata          NUemWin_CM4_Keil.lib(F13_1.o)
    0x00032bbb   0x00032bbb   0x0000000d   Data   RO         3604    .constdata          NUemWin_CM4_Keil.lib(F13_1.o)
    0x00032bc8   0x00032bc8   0x0000000d   Data   RO         3605    .constdata          NUemWin_CM4_Keil.lib(F13_1.o)
    0x00032bd5   0x00032bd5   0x0000000d   Data   RO         3606    .constdata          NUemWin_CM4_Keil.lib(F13_1.o)
    0x00032be2   0x00032be2   0x0000000d   Data   RO         3607    .constdata          NUemWin_CM4_Keil.lib(F13_1.o)
    0x00032bef   0x00032bef   0x0000001a   Data   RO         3608    .constdata          NUemWin_CM4_Keil.lib(F13_1.o)
    0x00032c09   0x00032c09   0x0000000d   Data   RO         3609    .constdata          NUemWin_CM4_Keil.lib(F13_1.o)
    0x00032c16   0x00032c16   0x0000000d   Data   RO         3610    .constdata          NUemWin_CM4_Keil.lib(F13_1.o)
    0x00032c23   0x00032c23   0x0000000d   Data   RO         3611    .constdata          NUemWin_CM4_Keil.lib(F13_1.o)
    0x00032c30   0x00032c30   0x0000000d   Data   RO         3612    .constdata          NUemWin_CM4_Keil.lib(F13_1.o)
    0x00032c3d   0x00032c3d   0x0000000d   Data   RO         3613    .constdata          NUemWin_CM4_Keil.lib(F13_1.o)
    0x00032c4a   0x00032c4a   0x0000000d   Data   RO         3614    .constdata          NUemWin_CM4_Keil.lib(F13_1.o)
    0x00032c57   0x00032c57   0x0000000d   Data   RO         3615    .constdata          NUemWin_CM4_Keil.lib(F13_1.o)
    0x00032c64   0x00032c64   0x0000000d   Data   RO         3616    .constdata          NUemWin_CM4_Keil.lib(F13_1.o)
    0x00032c71   0x00032c71   0x0000000d   Data   RO         3617    .constdata          NUemWin_CM4_Keil.lib(F13_1.o)
    0x00032c7e   0x00032c7e   0x0000000d   Data   RO         3618    .constdata          NUemWin_CM4_Keil.lib(F13_1.o)
    0x00032c8b   0x00032c8b   0x0000000d   Data   RO         3619    .constdata          NUemWin_CM4_Keil.lib(F13_1.o)
    0x00032c98   0x00032c98   0x0000000d   Data   RO         3620    .constdata          NUemWin_CM4_Keil.lib(F13_1.o)
    0x00032ca5   0x00032ca5   0x0000000d   Data   RO         3621    .constdata          NUemWin_CM4_Keil.lib(F13_1.o)
    0x00032cb2   0x00032cb2   0x0000000d   Data   RO         3622    .constdata          NUemWin_CM4_Keil.lib(F13_1.o)
    0x00032cbf   0x00032cbf   0x0000000d   Data   RO         3623    .constdata          NUemWin_CM4_Keil.lib(F13_1.o)
    0x00032ccc   0x00032ccc   0x0000000d   Data   RO         3624    .constdata          NUemWin_CM4_Keil.lib(F13_1.o)
    0x00032cd9   0x00032cd9   0x0000000d   Data   RO         3625    .constdata          NUemWin_CM4_Keil.lib(F13_1.o)
    0x00032ce6   0x00032ce6   0x0000000d   Data   RO         3626    .constdata          NUemWin_CM4_Keil.lib(F13_1.o)
    0x00032cf3   0x00032cf3   0x0000000d   Data   RO         3627    .constdata          NUemWin_CM4_Keil.lib(F13_1.o)
    0x00032d00   0x00032d00   0x0000000d   Data   RO         3628    .constdata          NUemWin_CM4_Keil.lib(F13_1.o)
    0x00032d0d   0x00032d0d   0x0000000d   Data   RO         3629    .constdata          NUemWin_CM4_Keil.lib(F13_1.o)
    0x00032d1a   0x00032d1a   0x0000000d   Data   RO         3630    .constdata          NUemWin_CM4_Keil.lib(F13_1.o)
    0x00032d27   0x00032d27   0x0000000d   Data   RO         3631    .constdata          NUemWin_CM4_Keil.lib(F13_1.o)
    0x00032d34   0x00032d34   0x0000000d   Data   RO         3632    .constdata          NUemWin_CM4_Keil.lib(F13_1.o)
    0x00032d41   0x00032d41   0x0000000d   Data   RO         3633    .constdata          NUemWin_CM4_Keil.lib(F13_1.o)
    0x00032d4e   0x00032d4e   0x0000000d   Data   RO         3634    .constdata          NUemWin_CM4_Keil.lib(F13_1.o)
    0x00032d5b   0x00032d5b   0x0000000d   Data   RO         3635    .constdata          NUemWin_CM4_Keil.lib(F13_1.o)
    0x00032d68   0x00032d68   0x0000000d   Data   RO         3636    .constdata          NUemWin_CM4_Keil.lib(F13_1.o)
    0x00032d75   0x00032d75   0x0000000d   Data   RO         3637    .constdata          NUemWin_CM4_Keil.lib(F13_1.o)
    0x00032d82   0x00032d82   0x0000000d   Data   RO         3638    .constdata          NUemWin_CM4_Keil.lib(F13_1.o)
    0x00032d8f   0x00032d8f   0x0000000d   Data   RO         3639    .constdata          NUemWin_CM4_Keil.lib(F13_1.o)
    0x00032d9c   0x00032d9c   0x0000001a   Data   RO         3640    .constdata          NUemWin_CM4_Keil.lib(F13_1.o)
    0x00032db6   0x00032db6   0x0000000d   Data   RO         3641    .constdata          NUemWin_CM4_Keil.lib(F13_1.o)
    0x00032dc3   0x00032dc3   0x0000000d   Data   RO         3642    .constdata          NUemWin_CM4_Keil.lib(F13_1.o)
    0x00032dd0   0x00032dd0   0x0000000d   Data   RO         3643    .constdata          NUemWin_CM4_Keil.lib(F13_1.o)
    0x00032ddd   0x00032ddd   0x0000000d   Data   RO         3644    .constdata          NUemWin_CM4_Keil.lib(F13_1.o)
    0x00032dea   0x00032dea   0x0000000d   Data   RO         3645    .constdata          NUemWin_CM4_Keil.lib(F13_1.o)
    0x00032df7   0x00032df7   0x0000000d   Data   RO         3646    .constdata          NUemWin_CM4_Keil.lib(F13_1.o)
    0x00032e04   0x00032e04   0x0000000d   Data   RO         3647    .constdata          NUemWin_CM4_Keil.lib(F13_1.o)
    0x00032e11   0x00032e11   0x0000000d   Data   RO         3648    .constdata          NUemWin_CM4_Keil.lib(F13_1.o)
    0x00032e1e   0x00032e1e   0x0000000d   Data   RO         3649    .constdata          NUemWin_CM4_Keil.lib(F13_1.o)
    0x00032e2b   0x00032e2b   0x0000000d   Data   RO         3650    .constdata          NUemWin_CM4_Keil.lib(F13_1.o)
    0x00032e38   0x00032e38   0x0000000d   Data   RO         3651    .constdata          NUemWin_CM4_Keil.lib(F13_1.o)
    0x00032e45   0x00032e45   0x0000000d   Data   RO         3652    .constdata          NUemWin_CM4_Keil.lib(F13_1.o)
    0x00032e52   0x00032e52   0x0000000d   Data   RO         3653    .constdata          NUemWin_CM4_Keil.lib(F13_1.o)
    0x00032e5f   0x00032e5f   0x0000000d   Data   RO         3654    .constdata          NUemWin_CM4_Keil.lib(F13_1.o)
    0x00032e6c   0x00032e6c   0x0000000d   Data   RO         3655    .constdata          NUemWin_CM4_Keil.lib(F13_1.o)
    0x00032e79   0x00032e79   0x0000000d   Data   RO         3656    .constdata          NUemWin_CM4_Keil.lib(F13_1.o)
    0x00032e86   0x00032e86   0x0000000d   Data   RO         3657    .constdata          NUemWin_CM4_Keil.lib(F13_1.o)
    0x00032e93   0x00032e93   0x0000000d   Data   RO         3658    .constdata          NUemWin_CM4_Keil.lib(F13_1.o)
    0x00032ea0   0x00032ea0   0x0000000d   Data   RO         3659    .constdata          NUemWin_CM4_Keil.lib(F13_1.o)
    0x00032ead   0x00032ead   0x0000000d   Data   RO         3660    .constdata          NUemWin_CM4_Keil.lib(F13_1.o)
    0x00032eba   0x00032eba   0x0000000d   Data   RO         3661    .constdata          NUemWin_CM4_Keil.lib(F13_1.o)
    0x00032ec7   0x00032ec7   0x0000000d   Data   RO         3662    .constdata          NUemWin_CM4_Keil.lib(F13_1.o)
    0x00032ed4   0x00032ed4   0x0000000d   Data   RO         3663    .constdata          NUemWin_CM4_Keil.lib(F13_1.o)
    0x00032ee1   0x00032ee1   0x0000000d   Data   RO         3664    .constdata          NUemWin_CM4_Keil.lib(F13_1.o)
    0x00032eee   0x00032eee   0x0000000d   Data   RO         3665    .constdata          NUemWin_CM4_Keil.lib(F13_1.o)
    0x00032efb   0x00032efb   0x00000001   PAD
    0x00032efc   0x00032efc   0x00000600   Data   RO         3666    .constdata          NUemWin_CM4_Keil.lib(F13_1.o)
    0x000334fc   0x000334fc   0x0000000c   Data   RO         3667    .constdata          NUemWin_CM4_Keil.lib(F13_1.o)
    0x00033508   0x00033508   0x00000038   Data   RO         3668    .constdata          NUemWin_CM4_Keil.lib(F13_1.o)
    0x00033540   0x00033540   0x00000014   Data   RO         3669    .constdata          NUemWin_CM4_Keil.lib(F20_ASCII.o)
    0x00033554   0x00033554   0x00000014   Data   RO         3670    .constdata          NUemWin_CM4_Keil.lib(F20_ASCII.o)
    0x00033568   0x00033568   0x00000014   Data   RO         3671    .constdata          NUemWin_CM4_Keil.lib(F20_ASCII.o)
    0x0003357c   0x0003357c   0x00000028   Data   RO         3672    .constdata          NUemWin_CM4_Keil.lib(F20_ASCII.o)
    0x000335a4   0x000335a4   0x00000028   Data   RO         3673    .constdata          NUemWin_CM4_Keil.lib(F20_ASCII.o)
    0x000335cc   0x000335cc   0x00000028   Data   RO         3674    .constdata          NUemWin_CM4_Keil.lib(F20_ASCII.o)
    0x000335f4   0x000335f4   0x00000028   Data   RO         3675    .constdata          NUemWin_CM4_Keil.lib(F20_ASCII.o)
    0x0003361c   0x0003361c   0x00000014   Data   RO         3676    .constdata          NUemWin_CM4_Keil.lib(F20_ASCII.o)
    0x00033630   0x00033630   0x00000014   Data   RO         3677    .constdata          NUemWin_CM4_Keil.lib(F20_ASCII.o)
    0x00033644   0x00033644   0x00000014   Data   RO         3678    .constdata          NUemWin_CM4_Keil.lib(F20_ASCII.o)
    0x00033658   0x00033658   0x00000014   Data   RO         3679    .constdata          NUemWin_CM4_Keil.lib(F20_ASCII.o)
    0x0003366c   0x0003366c   0x00000028   Data   RO         3680    .constdata          NUemWin_CM4_Keil.lib(F20_ASCII.o)
    0x00033694   0x00033694   0x00000014   Data   RO         3681    .constdata          NUemWin_CM4_Keil.lib(F20_ASCII.o)
    0x000336a8   0x000336a8   0x00000014   Data   RO         3682    .constdata          NUemWin_CM4_Keil.lib(F20_ASCII.o)
    0x000336bc   0x000336bc   0x00000014   Data   RO         3683    .constdata          NUemWin_CM4_Keil.lib(F20_ASCII.o)
    0x000336d0   0x000336d0   0x00000014   Data   RO         3684    .constdata          NUemWin_CM4_Keil.lib(F20_ASCII.o)
    0x000336e4   0x000336e4   0x00000028   Data   RO         3685    .constdata          NUemWin_CM4_Keil.lib(F20_ASCII.o)
    0x0003370c   0x0003370c   0x00000028   Data   RO         3686    .constdata          NUemWin_CM4_Keil.lib(F20_ASCII.o)
    0x00033734   0x00033734   0x00000028   Data   RO         3687    .constdata          NUemWin_CM4_Keil.lib(F20_ASCII.o)
    0x0003375c   0x0003375c   0x00000028   Data   RO         3688    .constdata          NUemWin_CM4_Keil.lib(F20_ASCII.o)
    0x00033784   0x00033784   0x00000028   Data   RO         3689    .constdata          NUemWin_CM4_Keil.lib(F20_ASCII.o)
    0x000337ac   0x000337ac   0x00000028   Data   RO         3690    .constdata          NUemWin_CM4_Keil.lib(F20_ASCII.o)
    0x000337d4   0x000337d4   0x00000028   Data   RO         3691    .constdata          NUemWin_CM4_Keil.lib(F20_ASCII.o)
    0x000337fc   0x000337fc   0x00000028   Data   RO         3692    .constdata          NUemWin_CM4_Keil.lib(F20_ASCII.o)
    0x00033824   0x00033824   0x00000028   Data   RO         3693    .constdata          NUemWin_CM4_Keil.lib(F20_ASCII.o)
    0x0003384c   0x0003384c   0x00000028   Data   RO         3694    .constdata          NUemWin_CM4_Keil.lib(F20_ASCII.o)
    0x00033874   0x00033874   0x00000014   Data   RO         3695    .constdata          NUemWin_CM4_Keil.lib(F20_ASCII.o)
    0x00033888   0x00033888   0x00000014   Data   RO         3696    .constdata          NUemWin_CM4_Keil.lib(F20_ASCII.o)
    0x0003389c   0x0003389c   0x00000028   Data   RO         3697    .constdata          NUemWin_CM4_Keil.lib(F20_ASCII.o)
    0x000338c4   0x000338c4   0x00000028   Data   RO         3698    .constdata          NUemWin_CM4_Keil.lib(F20_ASCII.o)
    0x000338ec   0x000338ec   0x00000028   Data   RO         3699    .constdata          NUemWin_CM4_Keil.lib(F20_ASCII.o)
    0x00033914   0x00033914   0x00000028   Data   RO         3700    .constdata          NUemWin_CM4_Keil.lib(F20_ASCII.o)
    0x0003393c   0x0003393c   0x0000003c   Data   RO         3701    .constdata          NUemWin_CM4_Keil.lib(F20_ASCII.o)
    0x00033978   0x00033978   0x00000028   Data   RO         3702    .constdata          NUemWin_CM4_Keil.lib(F20_ASCII.o)
    0x000339a0   0x000339a0   0x00000028   Data   RO         3703    .constdata          NUemWin_CM4_Keil.lib(F20_ASCII.o)
    0x000339c8   0x000339c8   0x00000028   Data   RO         3704    .constdata          NUemWin_CM4_Keil.lib(F20_ASCII.o)
    0x000339f0   0x000339f0   0x00000028   Data   RO         3705    .constdata          NUemWin_CM4_Keil.lib(F20_ASCII.o)
    0x00033a18   0x00033a18   0x00000028   Data   RO         3706    .constdata          NUemWin_CM4_Keil.lib(F20_ASCII.o)
    0x00033a40   0x00033a40   0x00000028   Data   RO         3707    .constdata          NUemWin_CM4_Keil.lib(F20_ASCII.o)
    0x00033a68   0x00033a68   0x00000028   Data   RO         3708    .constdata          NUemWin_CM4_Keil.lib(F20_ASCII.o)
    0x00033a90   0x00033a90   0x00000028   Data   RO         3709    .constdata          NUemWin_CM4_Keil.lib(F20_ASCII.o)
    0x00033ab8   0x00033ab8   0x00000014   Data   RO         3710    .constdata          NUemWin_CM4_Keil.lib(F20_ASCII.o)
    0x00033acc   0x00033acc   0x00000028   Data   RO         3711    .constdata          NUemWin_CM4_Keil.lib(F20_ASCII.o)
    0x00033af4   0x00033af4   0x00000028   Data   RO         3712    .constdata          NUemWin_CM4_Keil.lib(F20_ASCII.o)
    0x00033b1c   0x00033b1c   0x00000028   Data   RO         3713    .constdata          NUemWin_CM4_Keil.lib(F20_ASCII.o)
    0x00033b44   0x00033b44   0x00000028   Data   RO         3714    .constdata          NUemWin_CM4_Keil.lib(F20_ASCII.o)
    0x00033b6c   0x00033b6c   0x00000028   Data   RO         3715    .constdata          NUemWin_CM4_Keil.lib(F20_ASCII.o)
    0x00033b94   0x00033b94   0x00000028   Data   RO         3716    .constdata          NUemWin_CM4_Keil.lib(F20_ASCII.o)
    0x00033bbc   0x00033bbc   0x00000028   Data   RO         3717    .constdata          NUemWin_CM4_Keil.lib(F20_ASCII.o)
    0x00033be4   0x00033be4   0x00000028   Data   RO         3718    .constdata          NUemWin_CM4_Keil.lib(F20_ASCII.o)
    0x00033c0c   0x00033c0c   0x00000028   Data   RO         3719    .constdata          NUemWin_CM4_Keil.lib(F20_ASCII.o)
    0x00033c34   0x00033c34   0x00000028   Data   RO         3720    .constdata          NUemWin_CM4_Keil.lib(F20_ASCII.o)
    0x00033c5c   0x00033c5c   0x00000028   Data   RO         3721    .constdata          NUemWin_CM4_Keil.lib(F20_ASCII.o)
    0x00033c84   0x00033c84   0x00000028   Data   RO         3722    .constdata          NUemWin_CM4_Keil.lib(F20_ASCII.o)
    0x00033cac   0x00033cac   0x00000028   Data   RO         3723    .constdata          NUemWin_CM4_Keil.lib(F20_ASCII.o)
    0x00033cd4   0x00033cd4   0x0000003c   Data   RO         3724    .constdata          NUemWin_CM4_Keil.lib(F20_ASCII.o)
    0x00033d10   0x00033d10   0x00000028   Data   RO         3725    .constdata          NUemWin_CM4_Keil.lib(F20_ASCII.o)
    0x00033d38   0x00033d38   0x00000028   Data   RO         3726    .constdata          NUemWin_CM4_Keil.lib(F20_ASCII.o)
    0x00033d60   0x00033d60   0x00000028   Data   RO         3727    .constdata          NUemWin_CM4_Keil.lib(F20_ASCII.o)
    0x00033d88   0x00033d88   0x00000014   Data   RO         3728    .constdata          NUemWin_CM4_Keil.lib(F20_ASCII.o)
    0x00033d9c   0x00033d9c   0x00000014   Data   RO         3729    .constdata          NUemWin_CM4_Keil.lib(F20_ASCII.o)
    0x00033db0   0x00033db0   0x00000014   Data   RO         3730    .constdata          NUemWin_CM4_Keil.lib(F20_ASCII.o)
    0x00033dc4   0x00033dc4   0x00000014   Data   RO         3731    .constdata          NUemWin_CM4_Keil.lib(F20_ASCII.o)
    0x00033dd8   0x00033dd8   0x00000028   Data   RO         3732    .constdata          NUemWin_CM4_Keil.lib(F20_ASCII.o)
    0x00033e00   0x00033e00   0x00000014   Data   RO         3733    .constdata          NUemWin_CM4_Keil.lib(F20_ASCII.o)
    0x00033e14   0x00033e14   0x00000028   Data   RO         3734    .constdata          NUemWin_CM4_Keil.lib(F20_ASCII.o)
    0x00033e3c   0x00033e3c   0x00000028   Data   RO         3735    .constdata          NUemWin_CM4_Keil.lib(F20_ASCII.o)
    0x00033e64   0x00033e64   0x00000028   Data   RO         3736    .constdata          NUemWin_CM4_Keil.lib(F20_ASCII.o)
    0x00033e8c   0x00033e8c   0x00000028   Data   RO         3737    .constdata          NUemWin_CM4_Keil.lib(F20_ASCII.o)
    0x00033eb4   0x00033eb4   0x00000028   Data   RO         3738    .constdata          NUemWin_CM4_Keil.lib(F20_ASCII.o)
    0x00033edc   0x00033edc   0x00000014   Data   RO         3739    .constdata          NUemWin_CM4_Keil.lib(F20_ASCII.o)
    0x00033ef0   0x00033ef0   0x00000028   Data   RO         3740    .constdata          NUemWin_CM4_Keil.lib(F20_ASCII.o)
    0x00033f18   0x00033f18   0x00000028   Data   RO         3741    .constdata          NUemWin_CM4_Keil.lib(F20_ASCII.o)
    0x00033f40   0x00033f40   0x00000014   Data   RO         3742    .constdata          NUemWin_CM4_Keil.lib(F20_ASCII.o)
    0x00033f54   0x00033f54   0x00000014   Data   RO         3743    .constdata          NUemWin_CM4_Keil.lib(F20_ASCII.o)
    0x00033f68   0x00033f68   0x00000028   Data   RO         3744    .constdata          NUemWin_CM4_Keil.lib(F20_ASCII.o)
    0x00033f90   0x00033f90   0x00000014   Data   RO         3745    .constdata          NUemWin_CM4_Keil.lib(F20_ASCII.o)
    0x00033fa4   0x00033fa4   0x00000028   Data   RO         3746    .constdata          NUemWin_CM4_Keil.lib(F20_ASCII.o)
    0x00033fcc   0x00033fcc   0x00000028   Data   RO         3747    .constdata          NUemWin_CM4_Keil.lib(F20_ASCII.o)
    0x00033ff4   0x00033ff4   0x00000028   Data   RO         3748    .constdata          NUemWin_CM4_Keil.lib(F20_ASCII.o)
    0x0003401c   0x0003401c   0x00000028   Data   RO         3749    .constdata          NUemWin_CM4_Keil.lib(F20_ASCII.o)
    0x00034044   0x00034044   0x00000028   Data   RO         3750    .constdata          NUemWin_CM4_Keil.lib(F20_ASCII.o)
    0x0003406c   0x0003406c   0x00000014   Data   RO         3751    .constdata          NUemWin_CM4_Keil.lib(F20_ASCII.o)
    0x00034080   0x00034080   0x00000028   Data   RO         3752    .constdata          NUemWin_CM4_Keil.lib(F20_ASCII.o)
    0x000340a8   0x000340a8   0x00000014   Data   RO         3753    .constdata          NUemWin_CM4_Keil.lib(F20_ASCII.o)
    0x000340bc   0x000340bc   0x00000028   Data   RO         3754    .constdata          NUemWin_CM4_Keil.lib(F20_ASCII.o)
    0x000340e4   0x000340e4   0x00000028   Data   RO         3755    .constdata          NUemWin_CM4_Keil.lib(F20_ASCII.o)
    0x0003410c   0x0003410c   0x00000028   Data   RO         3756    .constdata          NUemWin_CM4_Keil.lib(F20_ASCII.o)
    0x00034134   0x00034134   0x00000014   Data   RO         3757    .constdata          NUemWin_CM4_Keil.lib(F20_ASCII.o)
    0x00034148   0x00034148   0x00000028   Data   RO         3758    .constdata          NUemWin_CM4_Keil.lib(F20_ASCII.o)
    0x00034170   0x00034170   0x00000014   Data   RO         3759    .constdata          NUemWin_CM4_Keil.lib(F20_ASCII.o)
    0x00034184   0x00034184   0x00000014   Data   RO         3760    .constdata          NUemWin_CM4_Keil.lib(F20_ASCII.o)
    0x00034198   0x00034198   0x00000014   Data   RO         3761    .constdata          NUemWin_CM4_Keil.lib(F20_ASCII.o)
    0x000341ac   0x000341ac   0x00000014   Data   RO         3762    .constdata          NUemWin_CM4_Keil.lib(F20_ASCII.o)
    0x000341c0   0x000341c0   0x00000028   Data   RO         3763    .constdata          NUemWin_CM4_Keil.lib(F20_ASCII.o)
    0x000341e8   0x000341e8   0x000005f0   Data   RO         3764    .constdata          NUemWin_CM4_Keil.lib(F20_ASCII.o)
    0x000347d8   0x000347d8   0x0000000c   Data   RO         3765    .constdata          NUemWin_CM4_Keil.lib(F20_ASCII.o)
    0x000347e4   0x000347e4   0x00000074   Data   RO         3817    .constdata          NUemWin_CM4_Keil.lib(GUIDEV_16.o)
    0x00034858   0x00034858   0x00000008   Data   RO         4414    .constdata          NUemWin_CM4_Keil.lib(WM_MULTIBUF.o)
    0x00034860   0x00034860   0x0000000c   Data   RO         4532    .constdata          NUemWin_CM4_Keil.lib(GUIAA_Char2Ext_XBF.o)
    0x0003486c   0x0003486c   0x00000018   Data   RO         4533    .constdata          NUemWin_CM4_Keil.lib(GUIAA_Char2Ext_XBF.o)
    0x00034884   0x00034884   0x0000000c   Data   RO         4538    .constdata          NUemWin_CM4_Keil.lib(GUIAA_Char4Ext_XBF.o)
    0x00034890   0x00034890   0x00000018   Data   RO         4539    .constdata          NUemWin_CM4_Keil.lib(GUIAA_Char4Ext_XBF.o)
    0x000348a8   0x000348a8   0x00000018   Data   RO         4624    .constdata          NUemWin_CM4_Keil.lib(GUICC_0.o)
    0x000348c0   0x000348c0   0x00000018   Data   RO         4635    .constdata          NUemWin_CM4_Keil.lib(GUICC_M8888I.o)
    0x000348d8   0x000348d8   0x00000010   Data   RO         4740    .constdata          NUemWin_CM4_Keil.lib(GUI_BMP.o)
    0x000348e8   0x000348e8   0x00000010   Data   RO         4859    .constdata          NUemWin_CM4_Keil.lib(GUI_DrawBitmap_24.o)
    0x000348f8   0x000348f8   0x00000010   Data   RO         4867    .constdata          NUemWin_CM4_Keil.lib(GUI_DrawBitmap_444.o)
    0x00034908   0x00034908   0x00000010   Data   RO         4868    .constdata          NUemWin_CM4_Keil.lib(GUI_DrawBitmap_444.o)
    0x00034918   0x00034918   0x00000010   Data   RO         4869    .constdata          NUemWin_CM4_Keil.lib(GUI_DrawBitmap_444.o)
    0x00034928   0x00034928   0x00000010   Data   RO         4870    .constdata          NUemWin_CM4_Keil.lib(GUI_DrawBitmap_444.o)
    0x00034938   0x00034938   0x00000010   Data   RO         4871    .constdata          NUemWin_CM4_Keil.lib(GUI_DrawBitmap_444.o)
    0x00034948   0x00034948   0x00000010   Data   RO         4872    .constdata          NUemWin_CM4_Keil.lib(GUI_DrawBitmap_444.o)
    0x00034958   0x00034958   0x00000010   Data   RO         4881    .constdata          NUemWin_CM4_Keil.lib(GUI_DrawBitmap_555.o)
    0x00034968   0x00034968   0x00000010   Data   RO         4882    .constdata          NUemWin_CM4_Keil.lib(GUI_DrawBitmap_555.o)
    0x00034978   0x00034978   0x00000010   Data   RO         4887    .constdata          NUemWin_CM4_Keil.lib(GUI_DrawBitmap_565.o)
    0x00034988   0x00034988   0x00000010   Data   RO         4888    .constdata          NUemWin_CM4_Keil.lib(GUI_DrawBitmap_565.o)
    0x00034998   0x00034998   0x00000010   Data   RO         4898    .constdata          NUemWin_CM4_Keil.lib(GUI_DrawBitmap_8888.o)
    0x000349a8   0x000349a8   0x00000010   Data   RO         4899    .constdata          NUemWin_CM4_Keil.lib(GUI_DrawBitmap_8888.o)
    0x000349b8   0x000349b8   0x00000010   Data   RO         4913    .constdata          NUemWin_CM4_Keil.lib(GUI_DrawBitmap_A16.o)
    0x000349c8   0x000349c8   0x00000010   Data   RO         4914    .constdata          NUemWin_CM4_Keil.lib(GUI_DrawBitmap_A16.o)
    0x000349d8   0x000349d8   0x00000010   Data   RO         4915    .constdata          NUemWin_CM4_Keil.lib(GUI_DrawBitmap_A16.o)
    0x000349e8   0x000349e8   0x00000010   Data   RO         4916    .constdata          NUemWin_CM4_Keil.lib(GUI_DrawBitmap_A16.o)
    0x000349f8   0x000349f8   0x00000060   Data   RO         4966    .constdata          NUemWin_CM4_Keil.lib(GUI_GIF.o)
    0x00034a58   0x00034a58   0x00000080   Data   RO         5029    .constdata          NUemWin_CM4_Keil.lib(GUI_JPEG.o)
    0x00034ad8   0x00034ad8   0x0000004c   Data   RO         5129    .constdata          NUemWin_CM4_Keil.lib(GUI_SetAlpha.o)
    0x00034b24   0x00034b24   0x0000000c   Data   RO         5211    .constdata          NUemWin_CM4_Keil.lib(GUI_XBF_PropExt.o)
    0x00034b30   0x00034b30   0x00000018   Data   RO         5212    .constdata          NUemWin_CM4_Keil.lib(GUI_XBF_PropExt.o)
    0x00034b48   0x00034b48   0x00000018   Data   RO         5217    .constdata          NUemWin_CM4_Keil.lib(GUI_XBF_PropFrm.o)
    0x00034b60   0x00034b60   0x00000100   Data   RO         5301    .constdata          NUemWin_CM4_Keil.lib(LCD_Mirror.o)
    0x00034c60   0x00034c60   0x00000010   Data   RO         5309    .constdata          NUemWin_CM4_Keil.lib(LCD_RLE1.o)
    0x00034c70   0x00034c70   0x00000010   Data   RO         5310    .constdata          NUemWin_CM4_Keil.lib(LCD_RLE1.o)
    0x00034c80   0x00034c80   0x00000010   Data   RO         5333    .constdata          NUemWin_CM4_Keil.lib(LCD_RLE16.o)
    0x00034c90   0x00034c90   0x00000010   Data   RO         5334    .constdata          NUemWin_CM4_Keil.lib(LCD_RLE16.o)
    0x00034ca0   0x00034ca0   0x00000010   Data   RO         5335    .constdata          NUemWin_CM4_Keil.lib(LCD_RLE16.o)
    0x00034cb0   0x00034cb0   0x00000010   Data   RO         5336    .constdata          NUemWin_CM4_Keil.lib(LCD_RLE16.o)
    0x00034cc0   0x00034cc0   0x00000010   Data   RO         5361    .constdata          NUemWin_CM4_Keil.lib(LCD_RLE32.o)
    0x00034cd0   0x00034cd0   0x00000010   Data   RO         5362    .constdata          NUemWin_CM4_Keil.lib(LCD_RLE32.o)
    0x00034ce0   0x00034ce0   0x00000010   Data   RO         5383    .constdata          NUemWin_CM4_Keil.lib(LCD_RLE4.o)
    0x00034cf0   0x00034cf0   0x00000010   Data   RO         5384    .constdata          NUemWin_CM4_Keil.lib(LCD_RLE4.o)
    0x00034d00   0x00034d00   0x00000010   Data   RO         5403    .constdata          NUemWin_CM4_Keil.lib(LCD_RLE8.o)
    0x00034d10   0x00034d10   0x00000010   Data   RO         5404    .constdata          NUemWin_CM4_Keil.lib(LCD_RLE8.o)
    0x00034d20   0x00034d20   0x00000010   Data   RO         5420    .constdata          NUemWin_CM4_Keil.lib(LCD_RLEAlpha.o)
    0x00034d30   0x00034d30   0x00000010   Data   RO         5421    .constdata          NUemWin_CM4_Keil.lib(LCD_RLEAlpha.o)
    0x00034d40   0x00034d40   0x0000000d   Data   RO         5487    .constdata          NUemWin_CM4_Keil.lib(F13_ASCII.o)
    0x00034d4d   0x00034d4d   0x0000000d   Data   RO         5488    .constdata          NUemWin_CM4_Keil.lib(F13_ASCII.o)
    0x00034d5a   0x00034d5a   0x0000000d   Data   RO         5489    .constdata          NUemWin_CM4_Keil.lib(F13_ASCII.o)
    0x00034d67   0x00034d67   0x0000000d   Data   RO         5490    .constdata          NUemWin_CM4_Keil.lib(F13_ASCII.o)
    0x00034d74   0x00034d74   0x0000000d   Data   RO         5491    .constdata          NUemWin_CM4_Keil.lib(F13_ASCII.o)
    0x00034d81   0x00034d81   0x0000001a   Data   RO         5492    .constdata          NUemWin_CM4_Keil.lib(F13_ASCII.o)
    0x00034d9b   0x00034d9b   0x0000000d   Data   RO         5493    .constdata          NUemWin_CM4_Keil.lib(F13_ASCII.o)
    0x00034da8   0x00034da8   0x0000000d   Data   RO         5494    .constdata          NUemWin_CM4_Keil.lib(F13_ASCII.o)
    0x00034db5   0x00034db5   0x0000000d   Data   RO         5495    .constdata          NUemWin_CM4_Keil.lib(F13_ASCII.o)
    0x00034dc2   0x00034dc2   0x0000000d   Data   RO         5496    .constdata          NUemWin_CM4_Keil.lib(F13_ASCII.o)
    0x00034dcf   0x00034dcf   0x0000000d   Data   RO         5497    .constdata          NUemWin_CM4_Keil.lib(F13_ASCII.o)
    0x00034ddc   0x00034ddc   0x0000000d   Data   RO         5498    .constdata          NUemWin_CM4_Keil.lib(F13_ASCII.o)
    0x00034de9   0x00034de9   0x0000000d   Data   RO         5499    .constdata          NUemWin_CM4_Keil.lib(F13_ASCII.o)
    0x00034df6   0x00034df6   0x0000000d   Data   RO         5500    .constdata          NUemWin_CM4_Keil.lib(F13_ASCII.o)
    0x00034e03   0x00034e03   0x0000000d   Data   RO         5501    .constdata          NUemWin_CM4_Keil.lib(F13_ASCII.o)
    0x00034e10   0x00034e10   0x0000000d   Data   RO         5502    .constdata          NUemWin_CM4_Keil.lib(F13_ASCII.o)
    0x00034e1d   0x00034e1d   0x0000000d   Data   RO         5503    .constdata          NUemWin_CM4_Keil.lib(F13_ASCII.o)
    0x00034e2a   0x00034e2a   0x0000000d   Data   RO         5504    .constdata          NUemWin_CM4_Keil.lib(F13_ASCII.o)
    0x00034e37   0x00034e37   0x0000000d   Data   RO         5505    .constdata          NUemWin_CM4_Keil.lib(F13_ASCII.o)
    0x00034e44   0x00034e44   0x0000000d   Data   RO         5506    .constdata          NUemWin_CM4_Keil.lib(F13_ASCII.o)
    0x00034e51   0x00034e51   0x0000000d   Data   RO         5507    .constdata          NUemWin_CM4_Keil.lib(F13_ASCII.o)
    0x00034e5e   0x00034e5e   0x0000000d   Data   RO         5508    .constdata          NUemWin_CM4_Keil.lib(F13_ASCII.o)
    0x00034e6b   0x00034e6b   0x0000000d   Data   RO         5509    .constdata          NUemWin_CM4_Keil.lib(F13_ASCII.o)
    0x00034e78   0x00034e78   0x0000000d   Data   RO         5510    .constdata          NUemWin_CM4_Keil.lib(F13_ASCII.o)
    0x00034e85   0x00034e85   0x0000000d   Data   RO         5511    .constdata          NUemWin_CM4_Keil.lib(F13_ASCII.o)
    0x00034e92   0x00034e92   0x0000000d   Data   RO         5512    .constdata          NUemWin_CM4_Keil.lib(F13_ASCII.o)
    0x00034e9f   0x00034e9f   0x0000000d   Data   RO         5513    .constdata          NUemWin_CM4_Keil.lib(F13_ASCII.o)
    0x00034eac   0x00034eac   0x0000000d   Data   RO         5514    .constdata          NUemWin_CM4_Keil.lib(F13_ASCII.o)
    0x00034eb9   0x00034eb9   0x0000000d   Data   RO         5515    .constdata          NUemWin_CM4_Keil.lib(F13_ASCII.o)
    0x00034ec6   0x00034ec6   0x0000000d   Data   RO         5516    .constdata          NUemWin_CM4_Keil.lib(F13_ASCII.o)
    0x00034ed3   0x00034ed3   0x0000000d   Data   RO         5517    .constdata          NUemWin_CM4_Keil.lib(F13_ASCII.o)
    0x00034ee0   0x00034ee0   0x0000000d   Data   RO         5518    .constdata          NUemWin_CM4_Keil.lib(F13_ASCII.o)
    0x00034eed   0x00034eed   0x0000001a   Data   RO         5519    .constdata          NUemWin_CM4_Keil.lib(F13_ASCII.o)
    0x00034f07   0x00034f07   0x0000000d   Data   RO         5520    .constdata          NUemWin_CM4_Keil.lib(F13_ASCII.o)
    0x00034f14   0x00034f14   0x0000000d   Data   RO         5521    .constdata          NUemWin_CM4_Keil.lib(F13_ASCII.o)
    0x00034f21   0x00034f21   0x0000000d   Data   RO         5522    .constdata          NUemWin_CM4_Keil.lib(F13_ASCII.o)
    0x00034f2e   0x00034f2e   0x0000000d   Data   RO         5523    .constdata          NUemWin_CM4_Keil.lib(F13_ASCII.o)
    0x00034f3b   0x00034f3b   0x0000000d   Data   RO         5524    .constdata          NUemWin_CM4_Keil.lib(F13_ASCII.o)
    0x00034f48   0x00034f48   0x0000000d   Data   RO         5525    .constdata          NUemWin_CM4_Keil.lib(F13_ASCII.o)
    0x00034f55   0x00034f55   0x0000000d   Data   RO         5526    .constdata          NUemWin_CM4_Keil.lib(F13_ASCII.o)
    0x00034f62   0x00034f62   0x0000000d   Data   RO         5527    .constdata          NUemWin_CM4_Keil.lib(F13_ASCII.o)
    0x00034f6f   0x00034f6f   0x0000000d   Data   RO         5528    .constdata          NUemWin_CM4_Keil.lib(F13_ASCII.o)
    0x00034f7c   0x00034f7c   0x0000000d   Data   RO         5529    .constdata          NUemWin_CM4_Keil.lib(F13_ASCII.o)
    0x00034f89   0x00034f89   0x0000000d   Data   RO         5530    .constdata          NUemWin_CM4_Keil.lib(F13_ASCII.o)
    0x00034f96   0x00034f96   0x0000000d   Data   RO         5531    .constdata          NUemWin_CM4_Keil.lib(F13_ASCII.o)
    0x00034fa3   0x00034fa3   0x0000000d   Data   RO         5532    .constdata          NUemWin_CM4_Keil.lib(F13_ASCII.o)
    0x00034fb0   0x00034fb0   0x0000000d   Data   RO         5533    .constdata          NUemWin_CM4_Keil.lib(F13_ASCII.o)
    0x00034fbd   0x00034fbd   0x0000000d   Data   RO         5534    .constdata          NUemWin_CM4_Keil.lib(F13_ASCII.o)
    0x00034fca   0x00034fca   0x0000000d   Data   RO         5535    .constdata          NUemWin_CM4_Keil.lib(F13_ASCII.o)
    0x00034fd7   0x00034fd7   0x0000000d   Data   RO         5536    .constdata          NUemWin_CM4_Keil.lib(F13_ASCII.o)
    0x00034fe4   0x00034fe4   0x0000000d   Data   RO         5537    .constdata          NUemWin_CM4_Keil.lib(F13_ASCII.o)
    0x00034ff1   0x00034ff1   0x0000000d   Data   RO         5538    .constdata          NUemWin_CM4_Keil.lib(F13_ASCII.o)
    0x00034ffe   0x00034ffe   0x0000000d   Data   RO         5539    .constdata          NUemWin_CM4_Keil.lib(F13_ASCII.o)
    0x0003500b   0x0003500b   0x0000000d   Data   RO         5540    .constdata          NUemWin_CM4_Keil.lib(F13_ASCII.o)
    0x00035018   0x00035018   0x0000000d   Data   RO         5541    .constdata          NUemWin_CM4_Keil.lib(F13_ASCII.o)
    0x00035025   0x00035025   0x0000001a   Data   RO         5542    .constdata          NUemWin_CM4_Keil.lib(F13_ASCII.o)
    0x0003503f   0x0003503f   0x0000000d   Data   RO         5543    .constdata          NUemWin_CM4_Keil.lib(F13_ASCII.o)
    0x0003504c   0x0003504c   0x0000000d   Data   RO         5544    .constdata          NUemWin_CM4_Keil.lib(F13_ASCII.o)
    0x00035059   0x00035059   0x0000000d   Data   RO         5545    .constdata          NUemWin_CM4_Keil.lib(F13_ASCII.o)
    0x00035066   0x00035066   0x0000000d   Data   RO         5546    .constdata          NUemWin_CM4_Keil.lib(F13_ASCII.o)
    0x00035073   0x00035073   0x0000000d   Data   RO         5547    .constdata          NUemWin_CM4_Keil.lib(F13_ASCII.o)
    0x00035080   0x00035080   0x0000000d   Data   RO         5548    .constdata          NUemWin_CM4_Keil.lib(F13_ASCII.o)
    0x0003508d   0x0003508d   0x0000000d   Data   RO         5549    .constdata          NUemWin_CM4_Keil.lib(F13_ASCII.o)
    0x0003509a   0x0003509a   0x0000000d   Data   RO         5550    .constdata          NUemWin_CM4_Keil.lib(F13_ASCII.o)
    0x000350a7   0x000350a7   0x0000000d   Data   RO         5551    .constdata          NUemWin_CM4_Keil.lib(F13_ASCII.o)
    0x000350b4   0x000350b4   0x0000000d   Data   RO         5552    .constdata          NUemWin_CM4_Keil.lib(F13_ASCII.o)
    0x000350c1   0x000350c1   0x0000000d   Data   RO         5553    .constdata          NUemWin_CM4_Keil.lib(F13_ASCII.o)
    0x000350ce   0x000350ce   0x0000000d   Data   RO         5554    .constdata          NUemWin_CM4_Keil.lib(F13_ASCII.o)
    0x000350db   0x000350db   0x0000000d   Data   RO         5555    .constdata          NUemWin_CM4_Keil.lib(F13_ASCII.o)
    0x000350e8   0x000350e8   0x0000000d   Data   RO         5556    .constdata          NUemWin_CM4_Keil.lib(F13_ASCII.o)
    0x000350f5   0x000350f5   0x0000000d   Data   RO         5557    .constdata          NUemWin_CM4_Keil.lib(F13_ASCII.o)
    0x00035102   0x00035102   0x0000000d   Data   RO         5558    .constdata          NUemWin_CM4_Keil.lib(F13_ASCII.o)
    0x0003510f   0x0003510f   0x0000000d   Data   RO         5559    .constdata          NUemWin_CM4_Keil.lib(F13_ASCII.o)
    0x0003511c   0x0003511c   0x0000000d   Data   RO         5560    .constdata          NUemWin_CM4_Keil.lib(F13_ASCII.o)
    0x00035129   0x00035129   0x0000000d   Data   RO         5561    .constdata          NUemWin_CM4_Keil.lib(F13_ASCII.o)
    0x00035136   0x00035136   0x0000000d   Data   RO         5562    .constdata          NUemWin_CM4_Keil.lib(F13_ASCII.o)
    0x00035143   0x00035143   0x0000000d   Data   RO         5563    .constdata          NUemWin_CM4_Keil.lib(F13_ASCII.o)
    0x00035150   0x00035150   0x0000000d   Data   RO         5564    .constdata          NUemWin_CM4_Keil.lib(F13_ASCII.o)
    0x0003515d   0x0003515d   0x0000000d   Data   RO         5565    .constdata          NUemWin_CM4_Keil.lib(F13_ASCII.o)
    0x0003516a   0x0003516a   0x0000000d   Data   RO         5566    .constdata          NUemWin_CM4_Keil.lib(F13_ASCII.o)
    0x00035177   0x00035177   0x0000000d   Data   RO         5567    .constdata          NUemWin_CM4_Keil.lib(F13_ASCII.o)
    0x00035184   0x00035184   0x0000000d   Data   RO         5568    .constdata          NUemWin_CM4_Keil.lib(F13_ASCII.o)
    0x00035191   0x00035191   0x0000000d   Data   RO         5569    .constdata          NUemWin_CM4_Keil.lib(F13_ASCII.o)
    0x0003519e   0x0003519e   0x0000000d   Data   RO         5570    .constdata          NUemWin_CM4_Keil.lib(F13_ASCII.o)
    0x000351ab   0x000351ab   0x0000000d   Data   RO         5571    .constdata          NUemWin_CM4_Keil.lib(F13_ASCII.o)
    0x000351b8   0x000351b8   0x0000000d   Data   RO         5572    .constdata          NUemWin_CM4_Keil.lib(F13_ASCII.o)
    0x000351c5   0x000351c5   0x0000000d   Data   RO         5573    .constdata          NUemWin_CM4_Keil.lib(F13_ASCII.o)
    0x000351d2   0x000351d2   0x0000000d   Data   RO         5574    .constdata          NUemWin_CM4_Keil.lib(F13_ASCII.o)
    0x000351df   0x000351df   0x0000000d   Data   RO         5575    .constdata          NUemWin_CM4_Keil.lib(F13_ASCII.o)
    0x000351ec   0x000351ec   0x0000000d   Data   RO         5576    .constdata          NUemWin_CM4_Keil.lib(F13_ASCII.o)
    0x000351f9   0x000351f9   0x0000000d   Data   RO         5577    .constdata          NUemWin_CM4_Keil.lib(F13_ASCII.o)
    0x00035206   0x00035206   0x0000000d   Data   RO         5578    .constdata          NUemWin_CM4_Keil.lib(F13_ASCII.o)
    0x00035213   0x00035213   0x0000000d   Data   RO         5579    .constdata          NUemWin_CM4_Keil.lib(F13_ASCII.o)
    0x00035220   0x00035220   0x0000000d   Data   RO         5580    .constdata          NUemWin_CM4_Keil.lib(F13_ASCII.o)
    0x0003522d   0x0003522d   0x0000000d   Data   RO         5581    .constdata          NUemWin_CM4_Keil.lib(F13_ASCII.o)
    0x0003523a   0x0003523a   0x00000002   PAD
    0x0003523c   0x0003523c   0x000005f0   Data   RO         5582    .constdata          NUemWin_CM4_Keil.lib(F13_ASCII.o)
    0x0003582c   0x0003582c   0x0000000c   Data   RO         5583    .constdata          NUemWin_CM4_Keil.lib(F13_ASCII.o)
    0x00035838   0x00035838   0x00000074   Data   RO         5597    .constdata          NUemWin_CM4_Keil.lib(GUIDEV_32.o)
    0x000358ac   0x000358ac   0x00000018   Data   RO         5659    .constdata          NUemWin_CM4_Keil.lib(GUIDEV_UsageBM.o)
    0x000358c4   0x000358c4   0x0000001c   Data   RO         5721    .constdata          NUemWin_CM4_Keil.lib(WIDGET_Effect_Simple.o)
    0x000358e0   0x000358e0   0x00000018   Data   RO         5814    .constdata          NUemWin_CM4_Keil.lib(GUICC_M555.o)
    0x000358f8   0x000358f8   0x00000018   Data   RO         5826    .constdata          NUemWin_CM4_Keil.lib(GUICC_M565.o)
    0x00035910   0x00035910   0x00000050   Data   RO         5896    .constdata          NUemWin_CM4_Keil.lib(GUI_JPEG_IDCT.o)
    0x00035960   0x00035960   0x00000034   Data   RO         6030    .constdata          NUemWin_CM4_Keil.lib(GUIDEV_WriteToActiveAlpha.o)
    0x00035994   0x00035994   0x00000028   Data   RO         6221    .constdata          c_w.l(_printf_hex_int.o)
    0x000359bc   0x000359bc   0x00000011   Data   RO         6251    .constdata          c_w.l(__printf_flags_wp.o)
    0x000359cd   0x000359cd   0x00000003   PAD
    0x000359d0   0x000359d0   0x00000001   Data   RO         3931    .conststring        NUemWin_CM4_Keil.lib(EDIT.o)
    0x000359d1   0x000359d1   0x00000003   PAD
    0x000359d4   0x000359d4   0x00000010   Data   RO          551    .rodata._Calc_ID_VAR_01  resource.o
    0x000359e4   0x000359e4   0x00000010   Data   RO          552    .rodata._Calc_ID_VAR_02  resource.o
    0x000359f4   0x000359f4   0x00000008   Data   RO          546    .rodata._TextInit   resource.o
    0x000359fc   0x000359fc   0x000000c8   Data   RO          527    .rodata._aAction    id_screen_play.o
    0x00035ac4   0x00035ac4   0x00000010   Data   RO          554    .rodata._aItem_ID_VAR_01  resource.o
    0x00035ad4   0x00035ad4   0x00000010   Data   RO          556    .rodata._aItem_ID_VAR_02  resource.o
    0x00035ae4   0x00035ae4   0x000002d0   Data   RO          510    .rodata._aSetup     id_game_over.o
    0x00035db4   0x00035db4   0x00000190   Data   RO          518    .rodata._aSetup     id_screen_high_score.o
    0x00035f44   0x00035f44   0x000008c0   Data   RO          526    .rodata._aSetup     id_screen_play.o
    0x00036804   0x00036804   0x000002d0   Data   RO          535    .rodata._aSetup     id_screen_welcome.o
    0x00036ad4   0x00036ad4   0x00000064   Data   RO          439    .rodata.acAPPW_Language_0  appw_language_0.o
    0x00036b38   0x00036b38   0x00005794   Data   RO          427    .rodata.acNettoOT_32_Normal_EXT_AA4  nettoot_32_normal_ext_aa4.o
    0x0003c2cc   0x0003c2cc   0x00007d05   Data   RO          433    .rodata.acNettoOT_40_Normal_EXT_AA4  nettoot_40_normal_ext_aa4.o
    0x00043fd1   0x00043fd1   0x0002a311   Data   RO          421    .rodata.acpixel     pixel.o
    0x0006e2e2   0x0006e2e2   0x00000002   PAD
    0x0006e2e4   0x0006e2e4   0x00000020   Data   RO          303    .rodata.cst32       timer.o
    0x0006e304   0x0006e304   0x00000004   Data   RO           88    .rodata.cst4        clk.o
    0x0006e308   0x0006e308   0x00000083   Data   RO          233    .rodata.str1.1      retarget.o
    0x0006e38b   0x0006e38b   0x00000004   Data   RO          553    .rodata.str1.1      resource.o
    0x0006e38f   0x0006e38f   0x00000005   Data   RO          637    .rodata.str1.1      main.o
    0x0006e394   0x0006e394   0x00000020   Data   RO         6478    Region$$Table       anon$$obj.o


    Execution Region ER_RW (Exec base: 0x20000000, Load base: 0x0006e3b4, Size: 0x000010a0, Max: 0xffffffff, ABSOLUTE)

    Exec Addr    Load Addr    Size         Type   Attr      Idx    E Section Name        Object

    0x20000000   0x0006e3b4   0x00000004   Data   RW          639    .ARM.use_no_argv    main.o
    0x20000004   0x0006e3b8   0x0000004c   Data   RW          730    .data               NUemWin_CM4_Keil.lib(AppWizard.o)
    0x20000050   0x0006e404   0x00000001   Data   RW          731    .data               NUemWin_CM4_Keil.lib(AppWizard.o)
    0x20000051   0x0006e405   0x00000003   PAD
    0x20000054   0x0006e408   0x00000010   Data   RW          814    .data               NUemWin_CM4_Keil.lib(AppWizard_Var.o)
    0x20000064   0x0006e418   0x00000008   Data   RW          910    .data               NUemWin_CM4_Keil.lib(OWindow.o)
    0x2000006c   0x0006e420   0x00000004   Data   RW          969    .data               NUemWin_CM4_Keil.lib(GUI_Alloc.o)
    0x20000070   0x0006e424   0x0000000c   Data   RW         1026    .data               NUemWin_CM4_Keil.lib(GUI_Char.o)
    0x2000007c   0x0006e430   0x00000025   Data   RW         1152    .data               NUemWin_CM4_Keil.lib(GUI_Common.o)
    0x200000a1   0x0006e455   0x00000003   PAD
    0x200000a4   0x0006e458   0x00000054   Data   RW         1294    .data               NUemWin_CM4_Keil.lib(GUI_Core.o)
    0x200000f8   0x0006e4ac   0x00000004   Data   RW         1295    .data               NUemWin_CM4_Keil.lib(GUI_Core.o)
    0x200000fc   0x0006e4b0   0x00000001   Data   RW         1297    .data               NUemWin_CM4_Keil.lib(GUI_Core.o)
    0x200000fd   0x0006e4b1   0x00000003   PAD
    0x20000100   0x0006e4b4   0x00000004   Data   RW         1298    .data               NUemWin_CM4_Keil.lib(GUI_Core.o)
    0x20000104   0x0006e4b8   0x00000004   Data   RW         1299    .data               NUemWin_CM4_Keil.lib(GUI_Core.o)
    0x20000108   0x0006e4bc   0x00000004   Data   RW         1301    .data               NUemWin_CM4_Keil.lib(GUI_Core.o)
    0x2000010c   0x0006e4c0   0x00000004   Data   RW         1303    .data               NUemWin_CM4_Keil.lib(GUI_Core.o)
    0x20000110   0x0006e4c4   0x00000004   Data   RW         1304    .data               NUemWin_CM4_Keil.lib(GUI_Core.o)
    0x20000114   0x0006e4c8   0x00000004   Data   RW         1305    .data               NUemWin_CM4_Keil.lib(GUI_Core.o)
    0x20000118   0x0006e4cc   0x00000004   Data   RW         1306    .data               NUemWin_CM4_Keil.lib(GUI_Core.o)
    0x2000011c   0x0006e4d0   0x00000004   Data   RW         1307    .data               NUemWin_CM4_Keil.lib(GUI_Core.o)
    0x20000120   0x0006e4d4   0x00000004   Data   RW         1308    .data               NUemWin_CM4_Keil.lib(GUI_Core.o)
    0x20000124   0x0006e4d8   0x00000001   Data   RW         1309    .data               NUemWin_CM4_Keil.lib(GUI_Core.o)
    0x20000125   0x0006e4d9   0x00000003   PAD
    0x20000128   0x0006e4dc   0x00000004   Data   RW         1310    .data               NUemWin_CM4_Keil.lib(GUI_Core.o)
    0x2000012c   0x0006e4e0   0x00000004   Data   RW         1311    .data               NUemWin_CM4_Keil.lib(GUI_Core.o)
    0x20000130   0x0006e4e4   0x00000002   Data   RW         1312    .data               NUemWin_CM4_Keil.lib(GUI_Core.o)
    0x20000132   0x0006e4e6   0x00000002   Data   RW         1313    .data               NUemWin_CM4_Keil.lib(GUI_Core.o)
    0x20000134   0x0006e4e8   0x00000001   Data   RW         1379    .data               NUemWin_CM4_Keil.lib(GUI_DispString.o)
    0x20000135   0x0006e4e9   0x00000003   PAD
    0x20000138   0x0006e4ec   0x00000004   Data   RW         1407    .data               NUemWin_CM4_Keil.lib(GUI_DrawLine.o)
    0x2000013c   0x0006e4f0   0x00000038   Data   RW         1425    .data               NUemWin_CM4_Keil.lib(GUI_TOUCH_DriverAnalog.o)
    0x20000174   0x0006e528   0x0000001c   Data   RW         1555    .data               NUemWin_CM4_Keil.lib(GUIDRV_FlexColor.o)
    0x20000190   0x0006e544   0x00000008   Data   RW         1650    .data               NUemWin_CM4_Keil.lib(GUIDRV_FlexColor_Func66709.o)
    0x20000198   0x0006e54c   0x00000018   Data   RW         2110    .data               NUemWin_CM4_Keil.lib(TEXT.o)
    0x200001b0   0x0006e564   0x0000004c   Data   RW         2201    .data               NUemWin_CM4_Keil.lib(WM.o)
    0x200001fc   0x0006e5b0   0x00000001   Data   RW         2202    .data               NUemWin_CM4_Keil.lib(WM.o)
    0x200001fd   0x0006e5b1   0x00000003   Data   RW         2510    .data               NUemWin_CM4_Keil.lib(AppWizard_Action.o)
    0x20000200   0x0006e5b4   0x00000010   Data   RW         2611    .data               NUemWin_CM4_Keil.lib(AppWizard_Drawing.o)
    0x20000210   0x0006e5c4   0x0000003c   Data   RW         2687    .data               NUemWin_CM4_Keil.lib(AppWizard_FileAccess.o)
    0x2000024c   0x0006e600   0x00000004   Data   RW         2719    .data               NUemWin_CM4_Keil.lib(GUI_2DLib.o)
    0x20000250   0x0006e604   0x00000004   Data   RW         2733    .data               NUemWin_CM4_Keil.lib(GUI_CharLine.o)
    0x20000254   0x0006e608   0x00000004   Data   RW         2752    .data               NUemWin_CM4_Keil.lib(GUI_CharP.o)
    0x20000258   0x0006e60c   0x00000008   Data   RW         2768    .data               NUemWin_CM4_Keil.lib(GUI_DispStringInRectEx.o)
    0x20000260   0x0006e614   0x00000040   Data   RW         2874    .data               NUemWin_CM4_Keil.lib(GUI_EnableAlpha.o)
    0x200002a0   0x0006e654   0x00000008   Data   RW         2907    .data               NUemWin_CM4_Keil.lib(GUI_EncExt.o)
    0x200002a8   0x0006e65c   0x00000014   Data   RW         2916    .data               NUemWin_CM4_Keil.lib(GUI_FillPolygon.o)
    0x200002bc   0x0006e670   0x00000018   Data   RW         2943    .data               NUemWin_CM4_Keil.lib(GUI_Lang.o)
    0x200002d4   0x0006e688   0x00000014   Data   RW         2976    .data               NUemWin_CM4_Keil.lib(GUI_OnKey.o)
    0x200002e8   0x0006e69c   0x00000028   Data   RW         3000    .data               NUemWin_CM4_Keil.lib(GUI_PID.o)
    0x20000310   0x0006e6c4   0x00000004   Data   RW         3072    .data               NUemWin_CM4_Keil.lib(GUI_Stream.o)
    0x20000314   0x0006e6c8   0x00000004   Data   RW         3170    .data               NUemWin_CM4_Keil.lib(GUI_Time.o)
    0x20000318   0x0006e6cc   0x00000004   Data   RW         3179    .data               NUemWin_CM4_Keil.lib(GUI_TOUCH.o)
    0x2000031c   0x0006e6d0   0x0000001c   Data   RW         3188    .data               NUemWin_CM4_Keil.lib(GUI_TOUCH_Calibrate.o)
    0x20000338   0x0006e6ec   0x00000008   Data   RW         3222    .data               NUemWin_CM4_Keil.lib(GUI_UC.o)
    0x20000340   0x0006e6f4   0x0000000c   Data   RW         3287    .data               NUemWin_CM4_Keil.lib(GUI_WaitEvent.o)
    0x2000034c   0x0006e700   0x00000010   Data   RW         3305    .data               NUemWin_CM4_Keil.lib(GUI__ManageCache.o)
    0x2000035c   0x0006e710   0x00000004   Data   RW         3333    .data               NUemWin_CM4_Keil.lib(GUI__Private.o)
    0x20000360   0x0006e714   0x00000010   Data   RW         3334    .data               NUemWin_CM4_Keil.lib(GUI__Private.o)
    0x20000370   0x0006e724   0x00000010   Data   RW         3372    .data               NUemWin_CM4_Keil.lib(GUI__Wrap.o)
    0x20000380   0x0006e734   0x00000004   Data   RW         3402    .data               NUemWin_CM4_Keil.lib(LCD.o)
    0x20000384   0x0006e738   0x00000014   Data   RW         3433    .data               NUemWin_CM4_Keil.lib(LCD_Color.o)
    0x20000398   0x0006e74c   0x00000008   Data   RW         3490    .data               NUemWin_CM4_Keil.lib(LCD_GetEx.o)
    0x200003a0   0x0006e754   0x0000000c   Data   RW         3541    .data               NUemWin_CM4_Keil.lib(LCD_Rotate180.o)
    0x200003ac   0x0006e760   0x0000000c   Data   RW         3549    .data               NUemWin_CM4_Keil.lib(LCD_RotateCCW.o)
    0x200003b8   0x0006e76c   0x0000000c   Data   RW         3559    .data               NUemWin_CM4_Keil.lib(LCD_RotateCW.o)
    0x200003c4   0x0006e778   0x00000010   Data   RW         3788    .data               NUemWin_CM4_Keil.lib(GUIDEV.o)
    0x200003d4   0x0006e788   0x00000004   Data   RW         3832    .data               NUemWin_CM4_Keil.lib(GUIDEV_Banding.o)
    0x200003d8   0x0006e78c   0x00000001   Data   RW         3862    .data               NUemWin_CM4_Keil.lib(GUIDEV_StaticDevices.o)
    0x200003d9   0x0006e78d   0x00000003   PAD
    0x200003dc   0x0006e790   0x0000002c   Data   RW         3932    .data               NUemWin_CM4_Keil.lib(EDIT.o)
    0x20000408   0x0006e7bc   0x00000014   Data   RW         4008    .data               NUemWin_CM4_Keil.lib(GAUGE.o)
    0x2000041c   0x0006e7d0   0x00000010   Data   RW         4048    .data               NUemWin_CM4_Keil.lib(IMAGE.o)
    0x2000042c   0x0006e7e0   0x00000008   Data   RW         4277    .data               NUemWin_CM4_Keil.lib(WIDGET.o)
    0x20000434   0x0006e7e8   0x00000004   Data   RW         4325    .data               NUemWin_CM4_Keil.lib(WINDOW.o)
    0x20000438   0x0006e7ec   0x00000024   Data   RW         4371    .data               NUemWin_CM4_Keil.lib(WM_Motion.o)
    0x2000045c   0x0006e810   0x00000004   Data   RW         4415    .data               NUemWin_CM4_Keil.lib(WM_MULTIBUF.o)
    0x20000460   0x0006e814   0x00000018   Data   RW         4457    .data               NUemWin_CM4_Keil.lib(WM_Touch.o)
    0x20000478   0x0006e82c   0x00000004   Data   RW         4497    .data               NUemWin_CM4_Keil.lib(WM__Private.o)
    0x2000047c   0x0006e830   0x00000004   Data   RW         4524    .data               NUemWin_CM4_Keil.lib(GUIAA_Arc.o)
    0x20000480   0x0006e834   0x00000008   Data   RW         4552    .data               NUemWin_CM4_Keil.lib(GUIAA_Circle.o)
    0x20000488   0x0006e83c   0x0000003c   Data   RW         4580    .data               NUemWin_CM4_Keil.lib(GUIAA_Lib.o)
    0x200004c4   0x0006e878   0x00000004   Data   RW         4600    .data               NUemWin_CM4_Keil.lib(GUIAA_Line.o)
    0x200004c8   0x0006e87c   0x00000014   Data   RW         4671    .data               NUemWin_CM4_Keil.lib(GUI_ANIM.o)
    0x200004dc   0x0006e890   0x00000018   Data   RW         4741    .data               NUemWin_CM4_Keil.lib(GUI_BMP.o)
    0x200004f4   0x0006e8a8   0x00000008   Data   RW         4795    .data               NUemWin_CM4_Keil.lib(GUI_Circ.o)
    0x200004fc   0x0006e8b0   0x0000000c   Data   RW         4900    .data               NUemWin_CM4_Keil.lib(GUI_DrawBitmap_8888.o)
    0x20000508   0x0006e8bc   0x00000004   Data   RW         4929    .data               NUemWin_CM4_Keil.lib(GUI_DrawRoundedRect.o)
    0x2000050c   0x0006e8c0   0x00000004   Data   RW         4936    .data               NUemWin_CM4_Keil.lib(GUI_FillRoundedRect.o)
    0x20000510   0x0006e8c4   0x00000004   Data   RW         4967    .data               NUemWin_CM4_Keil.lib(GUI_GIF.o)
    0x20000514   0x0006e8c8   0x00000008   Data   RW         5030    .data               NUemWin_CM4_Keil.lib(GUI_JPEG.o)
    0x2000051c   0x0006e8d0   0x0000000c   Data   RW         5086    .data               NUemWin_CM4_Keil.lib(GUI_MULTIBUF.o)
    0x20000528   0x0006e8dc   0x00000014   Data   RW         5130    .data               NUemWin_CM4_Keil.lib(GUI_SetAlpha.o)
    0x2000053c   0x0006e8f0   0x00000014   Data   RW         5172    .data               NUemWin_CM4_Keil.lib(GUI_Timer.o)
    0x20000550   0x0006e904   0x00000004   Data   RW         5230    .data               NUemWin_CM4_Keil.lib(GUI__Alpha.o)
    0x20000554   0x0006e908   0x00000030   Data   RW         5231    .data               NUemWin_CM4_Keil.lib(GUI__Alpha.o)
    0x20000584   0x0006e938   0x00000004   Data   RW         5243    .data               NUemWin_CM4_Keil.lib(GUI__BiDiRouting.o)
    0x20000588   0x0006e93c   0x00000004   Data   RW         5247    .data               NUemWin_CM4_Keil.lib(GUI__BiDiRouting.o)
    0x2000058c   0x0006e940   0x0000000c   Data   RW         5265    .data               NUemWin_CM4_Keil.lib(GUI__GetCursorPos.o)
    0x20000598   0x0006e94c   0x00000018   Data   RW         5284    .data               NUemWin_CM4_Keil.lib(LCD_AA.o)
    0x200005b0   0x0006e964   0x00000014   Data   RW         5311    .data               NUemWin_CM4_Keil.lib(LCD_RLE1.o)
    0x200005c4   0x0006e978   0x00000018   Data   RW         5337    .data               NUemWin_CM4_Keil.lib(LCD_RLE16.o)
    0x200005dc   0x0006e990   0x00000018   Data   RW         5363    .data               NUemWin_CM4_Keil.lib(LCD_RLE32.o)
    0x200005f4   0x0006e9a8   0x00000014   Data   RW         5385    .data               NUemWin_CM4_Keil.lib(LCD_RLE4.o)
    0x20000608   0x0006e9bc   0x00000014   Data   RW         5405    .data               NUemWin_CM4_Keil.lib(LCD_RLE8.o)
    0x2000061c   0x0006e9d0   0x00000008   Data   RW         5422    .data               NUemWin_CM4_Keil.lib(LCD_RLEAlpha.o)
    0x20000624   0x0006e9d8   0x00000014   Data   RW         5479    .data               NUemWin_CM4_Keil.lib(NVT_GUI_GB_EncodeGB2312.o)
    0x20000638   0x0006e9ec   0x00000008   Data   RW         5631    .data               NUemWin_CM4_Keil.lib(GUIDEV_Rotate.o)
    0x20000640   0x0006e9f4   0x00000008   Data   RW         5697    .data               NUemWin_CM4_Keil.lib(GUI_DRAW_STREAMED.o)
    0x20000648   0x0006e9fc   0x00000004   Data   RW         5722    .data               NUemWin_CM4_Keil.lib(WIDGET_Effect_Simple.o)
    0x2000064c   0x0006ea00   0x00000028   Data   RW         5767    .data               NUemWin_CM4_Keil.lib(GUIAA_Char2.o)
    0x20000674   0x0006ea28   0x00000030   Data   RW         5782    .data               NUemWin_CM4_Keil.lib(GUIAA_Char4.o)
    0x200006a4   0x0006ea58   0x00000008   Data   RW         5827    .data               NUemWin_CM4_Keil.lib(GUICC_M565.o)
    0x200006ac   0x0006ea60   0x00000010   Data   RW         6007    .data               NUemWin_CM4_Keil.lib(LCD_NextPixelAPI.o)
    0x200006bc   0x0006ea70   0x00000004   Data   RW            7    .data.CyclesPerUs   system_m480.o
    0x200006c0   0x0006ea74   0x00000024   Data   RW          511    .data.ID_GAME_OVER_RootInfo  id_game_over.o
    0x200006e4   0x0006ea98   0x00000024   Data   RW          519    .data.ID_SCREEN_HIGH_SCORE_RootInfo  id_screen_high_score.o
    0x20000708   0x0006eabc   0x00000024   Data   RW          528    .data.ID_SCREEN_PLAY_RootInfo  id_screen_play.o
    0x2000072c   0x0006eae0   0x00000024   Data   RW          536    .data.ID_SCREEN_WELCOME_RootInfo  id_screen_welcome.o
    0x20000750   0x0006eb04   0x00000004   Data   RW            8    .data.PllClock      system_m480.o
    0x20000754   0x0006eb08   0x00000004   Data   RW            6    .data.SystemCoreClock  system_m480.o
    0x20000758   0x0006eb0c   0x000001a0   Data   RW          509    .data._aCreate      id_game_over.o
    0x200008f8   0x0006ecac   0x00000138   Data   RW          517    .data._aCreate      id_screen_high_score.o
    0x20000a30   0x0006ede4   0x00000478   Data   RW          525    .data._aCreate      id_screen_play.o
    0x20000ea8   0x0006f25c   0x000001a0   Data   RW          534    .data._aCreate      id_screen_welcome.o
    0x20001048   0x0006f3fc   0x00000024   Data   RW          548    .data._aVarList     resource.o
    0x2000106c   0x0006f420   0x00000004   Data   RW          550    .data._apLang       resource.o
    0x20001070   0x0006f424   0x00000010   Data   RW          547    .data._apRootList   resource.o
    0x20001080   0x0006f434   0x00000020   Data   RW            9    .data.gau32ClkSrcTbl  system_m480.o


    Execution Region ER_ZI (Exec base: 0x200010a0, Load base: 0x0006f454, Size: 0x00011dd0, Max: 0xffffffff, ABSOLUTE)

    Exec Addr    Load Addr    Size         Type   Attr      Idx    E Section Name        Object

    0x200010a0        -       0x00000100   Zero   RW          728    .bss                NUemWin_CM4_Keil.lib(AppWizard.o)
    0x200011a0        -       0x00000028   Zero   RW          908    .bss                NUemWin_CM4_Keil.lib(OWindow.o)
    0x200011c8        -       0x000000d0   Zero   RW          968    .bss                NUemWin_CM4_Keil.lib(GUI_Alloc.o)
    0x20001298        -       0x0000008c   Zero   RW         1292    .bss                NUemWin_CM4_Keil.lib(GUI_Core.o)
    0x20001324        -       0x00000058   Zero   RW         2199    .bss                NUemWin_CM4_Keil.lib(WM.o)
    0x2000137c        -       0x00000230   Zero   RW         2508    .bss                NUemWin_CM4_Keil.lib(AppWizard_Action.o)
    0x200015ac        -       0x00000800   Zero   RW         2686    .bss                NUemWin_CM4_Keil.lib(AppWizard_FileAccess.o)
    0x20001dac        -       0x00000058   Zero   RW         2975    .bss                NUemWin_CM4_Keil.lib(GUI_OnKey.o)
    0x20001e04        -       0x00000048   Zero   RW         2999    .bss                NUemWin_CM4_Keil.lib(GUI_PID.o)
    0x20001e4c        -       0x00000010   Zero   RW         3023    .bss                NUemWin_CM4_Keil.lib(GUI_SelectLayer.o)
    0x20001e5c        -       0x0000000c   Zero   RW         3178    .bss                NUemWin_CM4_Keil.lib(GUI_TOUCH.o)
    0x20001e68        -       0x00000018   Zero   RW         3187    .bss                NUemWin_CM4_Keil.lib(GUI_TOUCH_Calibrate.o)
    0x20001e80        -       0x0000000c   Zero   RW         3196    .bss                NUemWin_CM4_Keil.lib(GUI_TOUCH_StoreState.o)
    0x20001e8c        -       0x00000010   Zero   RW         3304    .bss                NUemWin_CM4_Keil.lib(GUI__ManageCache.o)
    0x20001e9c        -       0x00000094   Zero   RW         4370    .bss                NUemWin_CM4_Keil.lib(WM_Motion.o)
    0x20001f30        -       0x00000090   Zero   RW         4456    .bss                NUemWin_CM4_Keil.lib(WM_Touch.o)
    0x20001fc0        -       0x00000058   Zero   RW         4739    .bss                NUemWin_CM4_Keil.lib(GUI_BMP.o)
    0x20002018        -       0x00000080   Zero   RW         4838    .bss                NUemWin_CM4_Keil.lib(GUI_Cursor.o)
    0x20002098        -       0x00000100   Zero   RW         4965    .bss                NUemWin_CM4_Keil.lib(GUI_GIF.o)
    0x20002198        -       0x00000040   Zero   RW         5082    .bss                NUemWin_CM4_Keil.lib(GUI_MULTIBUF.o)
    0x200021d8        -       0x00000010   Zero   RW         5128    .bss                NUemWin_CM4_Keil.lib(GUI_SetAlpha.o)
    0x200021e8        -       0x00000140   Zero   RW         5449    .bss                NUemWin_CM4_Keil.lib(LCD_RotateDisplay.o)
    0x20002328        -       0x00000030   Zero   RW         5740    .bss                NUemWin_CM4_Keil.lib(WM_PID__GetPrevState.o)
    0x20002358        -       0x00000010   Zero   RW         5766    .bss                NUemWin_CM4_Keil.lib(GUIAA_Char2.o)
    0x20002368        -       0x00000040   Zero   RW         5781    .bss                NUemWin_CM4_Keil.lib(GUIAA_Char4.o)
    0x200023a8        -       0x00000030   Zero   RW         6006    .bss                NUemWin_CM4_Keil.lib(LCD_NextPixelAPI.o)
    0x200023d8        -       0x00000060   Zero   RW         6353    .bss                c_w.l(libspace.o)
    0x20002438        -       0x00000088   Zero   RW          549    .bss.APPW__aFont    resource.o
    0x200024c0        -       0x00010000   Zero   RW          650    .bss.GUI_X_Config.aMemory  guiconf.o
    0x200124c0        -       0x00000004   Zero   RW          377    .bss.OS_TimeMS      gui_x.o
    0x200124c4        -       0x00000001   Zero   RW          412    .bss._InitController.s_InitOnce  lcdconf.o
    0x200124c5   0x0006f454   0x00000003   PAD
    0x200124c8        -       0x00000054   Zero   RW          234    .bss.__stdout       retarget.o
    0x2001251c        -       0x00000008   Zero   RW          555    .bss._aCalc_ID_VAR_01  resource.o
    0x20012524        -       0x00000008   Zero   RW          557    .bss._aCalc_ID_VAR_02  resource.o
    0x2001252c        -       0x00000020   Zero   RW          614    .bss.cal_values     ts_calibrate.o
    0x2001254c        -       0x00000001   Zero   RW          633    .bss.currentState   main.o
    0x2001254d   0x0006f454   0x00000003   PAD
    0x20012550        -       0x00000004   Zero   RW           87    .bss.g_CLK_i32ErrCode  clk.o
    0x20012554        -       0x00000004   Zero   RW          107    .bss.g_EADC_i32ErrCode  eadc.o
    0x20012558        -       0x00000004   Zero   RW          638    .bss.g_enable_Touch  main.o
    0x2001255c        -       0x00000004   Zero   RW          580    .bss.g_u32AdcIntFlag_TP  m48xtouchpanel.o
    0x20012560        -       0x00000004   Zero   RW          635    .bss.hTextClock     main.o
    0x20012564        -       0x00000006   Zero   RW          636    .bss.timeStr        main.o
    0x2001256a   0x0006f454   0x00000002   PAD
    0x2001256c        -       0x00000004   Zero   RW          634    .bss.time_value     main.o
    0x20012570        -       0x00000100   Zero   RW           18    HEAP                startup_m480.o
    0x20012670        -       0x00000800   Zero   RW           17    STACK               startup_m480.o


==============================================================================

Image component sizes


      Code (inc. data)   RO Data    RW Data    ZI Data      Debug   Object Name

         0          0        100          0          0        451   appw_language_0.o
       132          0          0          0          0       3747   appwconf.o
      2548          0          4          0          4      17327   clk.o
       142          0          0          0          4       2701   eadc.o
       292          8          0          0          0       2442   ebi.o
        36          0          0          0          0      20271   fmc.o
       264          0          0          0          0       2703   gpio.o
        60          0          0          0          4       1819   gui_x.o
        34          0          0          0      65536       2728   guiconf.o
         0          0        720        452          0       2607   id_game_over.o
         2          0          0          0          0        956   id_game_over_slots.o
         0          0        400        348          0       2631   id_screen_high_score.o
         2          0          0          0          0        980   id_screen_high_score_slots.o
         0          0       2440       1180          0       2651   id_screen_play.o
         6          0          0          0          0       2195   id_screen_play_slots.o
         0          0        720        452          0       2622   id_screen_welcome.o
         2          0          0          0          0        971   id_screen_welcome_slots.o
      1796        120          0          0          1      12282   lcdconf.o
       524          0          0          0          4       6675   m48xtouchpanel.o
      1124         78          5          4         19       9996   main.o
         0          0      22420          0          0        482   nettoot_32_normal_ext_aa4.o
         0          0      32005          0          0        482   nettoot_40_normal_ext_aa4.o
         0          0     172817          0          0        426   pixel.o
        72          0         76         56        152       6430   resource.o
       494        148        131          0         84       4745   retarget.o
       152         44        500          0       2304       1004   startup_m480.o
       216          0          0         44          0       4307   system_m480.o
       170          0         32          0          0       7803   timer.o
        68          0          0          0         32       8595   ts_calibrate.o
       372          8          0          0          0      10088   uart.o

    ----------------------------------------------------------------------
      8568        406     232404       2536      68152     143117   Object Totals
         0          0         32          0          0          0   (incl. Generated)
        60          0          2          0          8          0   (incl. Padding)

    ----------------------------------------------------------------------

      Code (inc. data)   RO Data    RW Data    ZI Data      Debug   Library Member Name

      5376        192          0         77        256       5188   AppWizard.o
      8762        200        332          3        560       5660   AppWizard_Action.o
       442          0          0          0          0        284   AppWizard_Condition.o
      1176         54        376         16          0       6156   AppWizard_Drawing.o
       896        124          0         60       2048       2176   AppWizard_FileAccess.o
       918         78          0         16          0       1100   AppWizard_Var.o
      4864         82          1         44          0       1996   EDIT.o
      1800         32          0          0          0        420   EDITDec.o
         0          0       2943          0          0          0   F13_1.o
         0          0       2806          0          0          0   F13_ASCII.o
         0          0       5024          0          0          0   F20_1.o
         0          0       4772          0          0          0   F20_ASCII.o
         0          0       1844          0          0          0   F6x8.o
      1192         22          0         20          0       2128   GAUGE.o
       696         16          0          4          0        460   GUIAA_Arc.o
       420         28          0         40         16        172   GUIAA_Char2.o
       548         20         36          0          0        308   GUIAA_Char2Ext_XBF.o
       348         28          0         48         64        316   GUIAA_Char4.o
       548         20         36          0          0        308   GUIAA_Char4Ext_XBF.o
      2556         38          0          8          0        964   GUIAA_Circle.o
       764          4          0          0          0        184   GUIAA_DrawRoundedRect.o
       930          4          0          0          0        280   GUIAA_FillRoundedRect.o
      1016        112          0         60          0       1228   GUIAA_Lib.o
       356          8          0          4          0        164   GUIAA_Line.o
       224          0         24          0          0        388   GUICC_0.o
        40          6          0          0          0        116   GUICC_444_12_1_Index2Color.o
        40          6          0          0          0        116   GUICC_444_12_Index2Color.o
        40          6          0          0          0        116   GUICC_444_16_Index2Color.o
        40          6          0          0          0        116   GUICC_555_Index2Color.o
       382         36         24          0          0        644   GUICC_565.o
        30          0          0          0          0        116   GUICC_8888_Index2Color.o
        24          0          0          0          0        116   GUICC_888_Index2Color.o
        40          6          0          0          0        116   GUICC_M444_12_1_Index2Color.o
        40          6          0          0          0        116   GUICC_M444_12_Index2Color.o
        40          6          0          0          0        116   GUICC_M444_16_Index2Color.o
       342         24         24          0          0        636   GUICC_M555.o
       426         46         24          8          0        676   GUICC_M565.o
       158          0         24          0          0        504   GUICC_M8888I.o
         2          0          0          0          0        116   GUICC_M8888I_Index2Color.o
      1146         72          0         16          0       1488   GUIDEV.o
      3014         60        116          0          0       1584   GUIDEV_16.o
      3048         62        116          0          0       1592   GUIDEV_32.o
       352         18          0          4          0        268   GUIDEV_Banding.o
       134          6          0          0          0        272   GUIDEV_Clear.o
        36         10          0          0          0        132   GUIDEV_CreateFixed.o
        28          0          0          0          0        128   GUIDEV_GetDataPtr.o
        80         12          0          0          0        256   GUIDEV_GetPos.o
        40          6          0          0          0        128   GUIDEV_GetXSize.o
        40          6          0          0          0        128   GUIDEV_GetYSize.o
        48          4          0          0          0        128   GUIDEV_ReduceYSize.o
      1848         16          0          8          0        756   GUIDEV_Rotate.o
        28          0          0          0          0        128   GUIDEV_SetColorConv.o
       100          6          0          0          0        140   GUIDEV_SetOrg.o
       576         42          0          1          0        296   GUIDEV_StaticDevices.o
        76          0          0          0          0        260   GUIDEV_Usage.o
       464          6         24          0          0        752   GUIDEV_UsageBM.o
       204          0          0          0          0        288   GUIDEV_Write.o
      1492         20          0          0          0        276   GUIDEV_WriteAlpha.o
       996         52         52          0          0        364   GUIDEV_WriteToActiveAlpha.o
      2224         12          0          0          0        324   GUIDEV_WriteToActiveOpaque.o
        90          4          0          0          0        248   GUIDEV_XY2PTR.o
      1744         88        116         28          0       5800   GUIDRV_FlexColor.o
      1728         42          0          0          0        676   GUIDRV_FlexColor_16bpp_C0B16.o
      1770        116          0          8          0       3340   GUIDRV_FlexColor_Func66709.o
       400         28          0          4          0        500   GUI_2DLib.o
      2260         84          0         20          0       2168   GUI_ANIM.o
      2330        134          0          4        208       2888   GUI_Alloc.o
      1352         20          0          0          0        536   GUI_Arc.o
      4466        126         16         24         88       2916   GUI_BMP.o
       586         62         16         12          0       1348   GUI_Char.o
       714         38          0          4          0        680   GUI_CharLine.o
       418          8          0          0          0        512   GUI_CharM.o
       546         36          0          4          0        548   GUI_CharP.o
        28          0          0          0          0        116   GUI_CharPExt.o
      2410         62          0          8          0       1496   GUI_Circ.o
      2182        160         56         37          0       5308   GUI_Common.o
      1960         50          0          0          0        676   GUI_CopyRect.o
       760        104          8        138        140       1028   GUI_Core.o
       108          4          0          0        128        140   GUI_Cursor.o
         0          0          0          8          0          0   GUI_DRAW_STREAMED.o
       504         32          0          0          0        860   GUI_Device.o
      2070         38          0          1          0       1136   GUI_DispString.o
       164         12          0          8          0        164   GUI_DispStringInRectEx.o
       436         22          0          0          0        432   GUI_DrawBitmap.o
       468         10         16          0          0        192   GUI_DrawBitmap_24.o
       240         24         96          0          0        840   GUI_DrawBitmap_444.o
        80          8         32          0          0        280   GUI_DrawBitmap_555.o
        88         16         32          0          0        280   GUI_DrawBitmap_565.o
      1944         80         32         12          0        788   GUI_DrawBitmap_8888.o
       924         34         64          0          0        720   GUI_DrawBitmap_A16.o
       982         36          0          0          0        772   GUI_DrawGradient.o
      1002         38          0          0          0        764   GUI_DrawGradientRounded.o
       632         42          0          0          0       1100   GUI_DrawLib.o
      2144         82         68          4          0        952   GUI_DrawLine.o
       468          6          0          0          0        156   GUI_DrawRoundedFrame.o
       508         14          0          4          0        156   GUI_DrawRoundedRect.o
      1898        140         88         64          0       2916   GUI_EnableAlpha.o
       628         50         12          8          0        668   GUI_EncExt.o
       812         18          0         20          0        280   GUI_FillPolygon.o
       374         14          0          4          0        280   GUI_FillRoundedRect.o
      4250         88         96          4        256       2820   GUI_GIF.o
     12266        254        128          8          0       4020   GUI_JPEG.o
      1052         18         80          0          0        156   GUI_JPEG_IDCT.o
      1290         60          4         24          0       1416   GUI_Lang.o
       268         36          0         12         64        264   GUI_MULTIBUF.o
        76         20          0         20         88        240   GUI_OnKey.o
       452         74          0         40         72        860   GUI_PID.o
      2012         42          0          0          0        720   GUI_SPRITE.o
        96         14          0          0         16        488   GUI_SelectLayer.o
      4152        244         76         20         16       3468   GUI_SetAlpha.o
      2002        150          0          4          0       1144   GUI_Stream.o
       332        122          0          0          0        140   GUI_StreamCreate.o
       104          8          0          4         12        144   GUI_TOUCH.o
      1712         26          0         28         24        344   GUI_TOUCH_Calibrate.o
       396         30          0         56          0        408   GUI_TOUCH_DriverAnalog.o
        12          6          0          0         12        116   GUI_TOUCH_StoreState.o
        16          6          0          4          0        232   GUI_Time.o
       926         42          0         20          0       1452   GUI_Timer.o
       824         84         16          8          0       1644   GUI_UC.o
        18          0         16          0          0        464   GUI_UC_EncodeNone.o
       236         14         16          0          0        580   GUI_UC_EncodeUTF8.o
        16          4          0         12          0        116   GUI_WaitEvent.o
      1128         32          0          0          0       1116   GUI_XBF.o
       668         28         36          0          0        432   GUI_XBF_PropExt.o
       564          4         24          0          0        156   GUI_XBF_PropFrm.o
       880         42          0         52          0        812   GUI__Alpha.o
         0          0          0          8          0          0   GUI__BiDiRouting.o
       818          0          0          0          0        396   GUI__CompactPixelIndices.o
         0          0        624          0          0          0   GUI__DivTbl.o
       864         24          0          0          0        196   GUI__DrawBitmap16bpp.o
       732         10          0          0          0        360   GUI__ExpandPixelIndices.o
       194         18          0         12          0        760   GUI__GetCursorPos.o
       252         14          0         16         16        252   GUI__ManageCache.o
      1048         38          0         20          0       1752   GUI__Private.o
       448         28        364          0          0        388   GUI__SinHQ.o
       378         14          0         16          0        540   GUI__Wrap.o
      2746        112          0         16          0       2272   IMAGE.o
       294         18          0          0          0        792   IMAGE_BMP.o
       334         26          0          0          0        792   IMAGE_DTA.o
       792         26          0          0          0        980   IMAGE_GIF.o
       308         18          0          0          0        800   IMAGE_JPEG.o
      2380        180         12          4          0       2776   LCD.o
       888         96          0         24          0       1028   LCD_AA.o
       552         48          0         20          0        784   LCD_Color.o
        32         12          0          0          0        232   LCD_GetColorIndex.o
       942         48          0          8          0       3112   LCD_GetEx.o
        28          0          0          0          0        128   LCD_GetNumDisplays.o
       192         16          0          0          0        292   LCD_GetP.o
        14          0          0          0          0        128   LCD_GetPixelColor.o
         0          0        256          0          0          0   LCD_Mirror.o
        20          6          0          0          0        124   LCD_MixColors256.o
       648         52          0         16         48        784   LCD_NextPixelAPI.o
       700         50         32         20          0        968   LCD_RLE1.o
      1168         74         64         24          0       1284   LCD_RLE16.o
      1448        112         32         24          0       1612   LCD_RLE32.o
       936         52         32         20          0        968   LCD_RLE4.o
       984         60         32         20          0        972   LCD_RLE8.o
      1744         50         32          8          0        792   LCD_RLEAlpha.o
       800         24          0          0          0        476   LCD_ReadRect.o
      1248         18         16         12          0        296   LCD_Rotate180.o
      1286         20         16         12          0        552   LCD_RotateCCW.o
      1294         18         16         12          0        552   LCD_RotateCW.o
       268         38          0          0        320        596   LCD_RotateDisplay.o
        72         10          0          0          0        128   LCD_SelectLCD.o
       220          0          0          0          0        660   LCD_Set.o
        52         10          0          0          0        132   LCD_SetClipRectEx.o
        36          4          0          0          0        128   LCD_UpdateColorIndices.o
         0          0          0         20          0          0   NVT_GUI_GB_EncodeGB2312.o
      1512         26         12          0          0        616   OBox.o
       878         16         84          0          0       1344   OGauge.o
      1304         36         60          0          0       1036   OImage.o
      1754         54         84          0          0       1536   OText.o
      1164         38         16          8         40        692   OWindow.o
      1318         34          0         24          0       1892   TEXT.o
       976         20          0          8          0        808   WIDGET.o
       232         24         28          4          0        520   WIDGET_Effect_Simple.o
       468         16          0          4          0        468   WINDOW.o
      7076        316          0         77         88       5960   WM.o
       104          0          0          0          0        488   WM_GetWindowSize.o
      2754         88          0          0          0       5636   WM_Lib.o
       240         36          8          4          0        380   WM_MULTIBUF.o
       104         12          0          0          0        148   WM_MakeModal.o
      5554        166          0         36        148       2392   WM_Motion.o
       382          0          0          0          0        416   WM_Move.o
        28          4          0          0         48        116   WM_PID__GetPrevState.o
       284          6          0          0          0        272   WM_Screen2Win.o
        52          8          0          0          0        140   WM_SetCapture.o
       136          4          0          0          0        132   WM_SetFocusOnNextChild.o
       106          0          0          0          0        128   WM_SetFocusOnPrevChild.o
       152          8          0          0          0        380   WM_SetTrans.o
       328          6          0          0          0        668   WM_Timer.o
      1532         94          0         24        144       1044   WM_Touch.o
       896         42          0          4          0       2164   WM__Private.o
         8          0          0          0          0         68   __main.o
       312          4         17          0          0         92   __printf_flags_wp.o
        14          0          0          0          0         68   __printf_wp.o
         0          0          0          0          0          0   __rtentry.o
        12          0          0          0          0          0   __rtentry2.o
         6          0          0          0          0          0   __rtentry4.o
        94          8          0          0          0          0   __scatter.o
        26          0          0          0          0          0   __scatter_copy.o
        28          0          0          0          0          0   __scatter_zi.o
        44          0          0          0          0        108   _printf_char.o
        48          6          0          0          0         96   _printf_char_common.o
        36          4          0          0          0         80   _printf_char_file.o
         6          0          0          0          0          0   _printf_d.o
       120         16          0          0          0         92   _printf_dec.o
        88          4         40          0          0         88   _printf_hex_int.o
       178          0          0          0          0         88   _printf_intcommon.o
        78          0          0          0          0        108   _printf_pad.o
         0          0          0          0          0          0   _printf_percent.o
         4          0          0          0          0          0   _printf_percent_end.o
         6          0          0          0          0          0   _printf_s.o
        82          0          0          0          0         80   _printf_str.o
         6          0          0          0          0          0   _printf_x.o
        10          0          0          0          0         68   _sputc.o
        16          0          0          0          0         68   aeabi_memset.o
        18          0          0          0          0         80   exit.o
         6          0          0          0          0        152   heapauxi.o
         2          0          0          0          0          0   libinit.o
         6          0          0          0          0          0   libinit2.o
         2          0          0          0          0          0   libshutdown.o
         2          0          0          0          0          0   libshutdown2.o
         8          4          0          0         96         68   libspace.o
        88          0          0          0          0         76   memcmp.o
         8          0          0          0          0         76   memcpy.o
        22          0          0          0          0         76   memset.o
        24          4          0          0          0         84   noretval__2printf.o
        40          6          0          0          0         84   noretval__2sprintf.o
        44          4          0          0          0         84   puts.o
        68          0          0          0          0         68   rt_memclr.o
        78          0          0          0          0         80   rt_memclr_w.o
       138          0          0          0          0         68   rt_memcpy_v6.o
       100          0          0          0          0         80   rt_memcpy_w.o
       132          0          0          0          0         68   rt_memmove_v6.o
       122          0          0          0          0         80   rt_memmove_w.o
         2          0          0          0          0          0   rtexit.o
        10          0          0          0          0          0   rtexit2.o
        24          0          0          0          0         68   strcat.o
       124          0          0          0          0         88   strcmpv7em.o
        72          0          0          0          0         80   strcpy.o
        62          0          0          0          0         76   strlen.o
        74          0          0          0          0         80   sys_stackheap_outer.o
         2          0          0          0          0         68   use_no_semi.o
         2          0          0          0          0         68   use_no_semi_2.o
        26          0          0          0          0        116   fpinit.o
         0          0          0          0          0          0   usenofp.o
       108         10          0          0          0        116   ceilf.o
       112         14          0          0          0        116   floorf.o

    ----------------------------------------------------------------------
    188908       7432      21628       1720       5016     173964   Library Totals
       250          0          9         18          0          0   (incl. Padding)

    ----------------------------------------------------------------------

      Code (inc. data)   RO Data    RW Data    ZI Data      Debug   Library Name

    185910       7348      21562       1702       4920     170760   NUemWin_CM4_Keil.lib
      2502         60         57          0         96       2856   c_w.l
        26          0          0          0          0        116   fz_wm.l
       220         24          0          0          0        232   m_wm.l

    ----------------------------------------------------------------------
    188908       7432      21628       1720       5016     173964   Library Totals

    ----------------------------------------------------------------------

==============================================================================


      Code (inc. data)   RO Data    RW Data    ZI Data      Debug   

    197476       7838     254032       4256      73168     187937   Grand Totals
    197476       7838     254032       4256      73168     187937   ELF Image Totals
    197476       7838     254032       4256          0          0   ROM Totals

==============================================================================

    Total RO  Size (Code + RO Data)               451508 ( 440.93kB)
    Total RW  Size (RW Data + ZI Data)             77424 (  75.61kB)
    Total ROM Size (Code + RO Data + RW Data)     455764 ( 445.08kB)

==============================================================================

