Component: Arm Compiler for Embedded 6.22 Tool: armlink [5ee90200]

==============================================================================

Small function inlining results

Inlined function _platform_pre_stackheap_init from boardinit1.o at offset 0x0 in __rtentry2.o(.ARM.Collect$$rtentry$$00000001).
Inlined Instruction: BX       lr
Inlined function _platform_pre_lib_shutdown from boardshut.o at offset 0x0 in rtexit2.o(.ARM.Collect$$rtexit$$00000001).
Inlined Instruction: BX       lr
Inlined total of 2 calls.

==============================================================================

Image Symbol Table

    Local Symbols

    Symbol Name                              Value     Ov Type        Size  Object(Section)

    ../clib/angel/boardlib.s                 0x00000000   Number         0  boardinit1.o ABSOLUTE
    ../clib/angel/boardlib.s                 0x00000000   Number         0  boardinit2.o ABSOLUTE
    ../clib/angel/boardlib.s                 0x00000000   Number         0  boardinit3.o ABSOLUTE
    ../clib/angel/boardlib.s                 0x00000000   Number         0  boardshut.o ABSOLUTE
    ../clib/angel/handlers.s                 0x00000000   Number         0  __scatter_copy.o ABSOLUTE
    ../clib/angel/handlers.s                 0x00000000   Number         0  __scatter_zi.o ABSOLUTE
    ../clib/angel/kernel.s                   0x00000000   Number         0  __rtentry.o ABSOLUTE
    ../clib/angel/kernel.s                   0x00000000   Number         0  __rtentry2.o ABSOLUTE
    ../clib/angel/kernel.s                   0x00000000   Number         0  __rtentry4.o ABSOLUTE
    ../clib/angel/kernel.s                   0x00000000   Number         0  rtexit.o ABSOLUTE
    ../clib/angel/kernel.s                   0x00000000   Number         0  rtexit2.o ABSOLUTE
    ../clib/angel/rt.s                       0x00000000   Number         0  rt_raise.o ABSOLUTE
    ../clib/angel/scatter.s                  0x00000000   Number         0  __scatter.o ABSOLUTE
    ../clib/angel/startup.s                  0x00000000   Number         0  __main.o ABSOLUTE
    ../clib/angel/sys.s                      0x00000000   Number         0  use_no_semi_2.o ABSOLUTE
    ../clib/angel/sys.s                      0x00000000   Number         0  use_no_semi.o ABSOLUTE
    ../clib/angel/sys.s                      0x00000000   Number         0  sys_stackheap_outer.o ABSOLUTE
    ../clib/angel/sys.s                      0x00000000   Number         0  libspace.o ABSOLUTE
    ../clib/angel/sys.s                      0x00000000   Number         0  indicate_semi.o ABSOLUTE
    ../clib/angel/sysapp.c                   0x00000000   Number         0  sys_command.o ABSOLUTE
    ../clib/angel/sysapp.c                   0x00000000   Number         0  sys_command_hlt.o ABSOLUTE
    ../clib/armsys.c                         0x00000000   Number         0  argv_veneer.o ABSOLUTE
    ../clib/armsys.c                         0x00000000   Number         0  argv_veneer.o ABSOLUTE
    ../clib/armsys.c                         0x00000000   Number         0  _get_argv_nomalloc.o ABSOLUTE
    ../clib/armsys.c                         0x00000000   Number         0  no_argv.o ABSOLUTE
    ../clib/heapalloc.c                      0x00000000   Number         0  hrguard.o ABSOLUTE
    ../clib/heapaux.c                        0x00000000   Number         0  heapauxi.o ABSOLUTE
    ../clib/libinit.s                        0x00000000   Number         0  libinit2.o ABSOLUTE
    ../clib/libinit.s                        0x00000000   Number         0  libinit.o ABSOLUTE
    ../clib/libinit.s                        0x00000000   Number         0  libshutdown.o ABSOLUTE
    ../clib/libinit.s                        0x00000000   Number         0  libshutdown2.o ABSOLUTE
    ../clib/memcpset.s                       0x00000000   Number         0  rt_memcpy_v6.o ABSOLUTE
    ../clib/memcpset.s                       0x00000000   Number         0  rt_memmove_v6.o ABSOLUTE
    ../clib/memcpset.s                       0x00000000   Number         0  memcpy.o ABSOLUTE
    ../clib/memcpset.s                       0x00000000   Number         0  rt_memcpy_w.o ABSOLUTE
    ../clib/memcpset.s                       0x00000000   Number         0  memset.o ABSOLUTE
    ../clib/memcpset.s                       0x00000000   Number         0  aeabi_memset.o ABSOLUTE
    ../clib/memcpset.s                       0x00000000   Number         0  rt_memclr.o ABSOLUTE
    ../clib/memcpset.s                       0x00000000   Number         0  rt_memclr_w.o ABSOLUTE
    ../clib/memcpset.s                       0x00000000   Number         0  strcmpv7em.o ABSOLUTE
    ../clib/memcpset.s                       0x00000000   Number         0  rt_memmove_w.o ABSOLUTE
    ../clib/misc.s                           0x00000000   Number         0  printf_stubs.o ABSOLUTE
    ../clib/printf.c                         0x00000000   Number         0  __2printf.o ABSOLUTE
[...]
    0x00031c38   0x00031c38   0x00000020   Data   RO         1934    .constdata          NUemWin_CM4_Keil.lib(F16B_ASCII.o)
    0x00031c58   0x00031c58   0x00000020   Data   RO         1935    .constdata          NUemWin_CM4_Keil.lib(F16B_ASCII.o)
    0x00031c78   0x00031c78   0x00000020   Data   RO         1936    .constdata          NUemWin_CM4_Keil.lib(F16B_ASCII.o)
    0x00031c98   0x00031c98   0x00000010   Data   RO         1937    .constdata          NUemWin_CM4_Keil.lib(F16B_ASCII.o)
    0x00031ca8   0x00031ca8   0x00000010   Data   RO         1938    .constdata          NUemWin_CM4_Keil.lib(F16B_ASCII.o)
    0x00031cb8   0x00031cb8   0x00000020   Data   RO         1939    .constdata          NUemWin_CM4_Keil.lib(F16B_ASCII.o)
    0x00031cd8   0x00031cd8   0x00000020   Data   RO         1940    .constdata          NUemWin_CM4_Keil.lib(F16B_ASCII.o)
    0x00031cf8   0x00031cf8   0x00000010   Data   RO         1941    .constdata          NUemWin_CM4_Keil.lib(F16B_ASCII.o)
    0x00031d08   0x00031d08   0x00000010   Data   RO         1942    .constdata          NUemWin_CM4_Keil.lib(F16B_ASCII.o)
    0x00031d18   0x00031d18   0x00000020   Data   RO         1943    .constdata          NUemWin_CM4_Keil.lib(F16B_ASCII.o)
    0x00031d38   0x00031d38   0x00000010   Data   RO         1944    .constdata          NUemWin_CM4_Keil.lib(F16B_ASCII.o)
    0x00031d48   0x00031d48   0x00000020   Data   RO         1945    .constdata          NUemWin_CM4_Keil.lib(F16B_ASCII.o)
    0x00031d68   0x00031d68   0x00000020   Data   RO         1946    .constdata          NUemWin_CM4_Keil.lib(F16B_ASCII.o)
    0x00031d88   0x00031d88   0x00000020   Data   RO         1947    .constdata          NUemWin_CM4_Keil.lib(F16B_ASCII.o)
    0x00031da8   0x00031da8   0x00000020   Data   RO         1948    .constdata          NUemWin_CM4_Keil.lib(F16B_ASCII.o)
    0x00031dc8   0x00031dc8   0x00000020   Data   RO         1949    .constdata          NUemWin_CM4_Keil.lib(F16B_ASCII.o)
    0x00031de8   0x00031de8   0x00000020   Data   RO         1950    .constdata          NUemWin_CM4_Keil.lib(F16B_ASCII.o)
    0x00031e08   0x00031e08   0x00000020   Data   RO         1951    .constdata          NUemWin_CM4_Keil.lib(F16B_ASCII.o)
    0x00031e28   0x00031e28   0x00000010   Data   RO         1952    .constdata          NUemWin_CM4_Keil.lib(F16B_ASCII.o)
    0x00031e38   0x00031e38   0x00000020   Data   RO         1953    .constdata          NUemWin_CM4_Keil.lib(F16B_ASCII.o)
    0x00031e58   0x00031e58   0x00000020   Data   RO         1954    .constdata          NUemWin_CM4_Keil.lib(F16B_ASCII.o)
    0x00031e78   0x00031e78   0x00000020   Data   RO         1955    .constdata          NUemWin_CM4_Keil.lib(F16B_ASCII.o)
    0x00031e98   0x00031e98   0x00000020   Data   RO         1956    .constdata          NUemWin_CM4_Keil.lib(F16B_ASCII.o)
    0x00031eb8   0x00031eb8   0x00000010   Data   RO         1957    .constdata          NUemWin_CM4_Keil.lib(F16B_ASCII.o)
    0x00031ec8   0x00031ec8   0x00000010   Data   RO         1958    .constdata          NUemWin_CM4_Keil.lib(F16B_ASCII.o)
    0x00031ed8   0x00031ed8   0x00000010   Data   RO         1959    .constdata          NUemWin_CM4_Keil.lib(F16B_ASCII.o)
    0x00031ee8   0x00031ee8   0x00000010   Data   RO         1960    .constdata          NUemWin_CM4_Keil.lib(F16B_ASCII.o)
    0x00031ef8   0x00031ef8   0x00000010   Data   RO         1961    .constdata          NUemWin_CM4_Keil.lib(F16B_ASCII.o)
    0x00031f08   0x00031f08   0x00000010   Data   RO         1962    .constdata          NUemWin_CM4_Keil.lib(F16B_ASCII.o)
    0x00031f18   0x00031f18   0x00000010   Data   RO         1963    .constdata          NUemWin_CM4_Keil.lib(F16B_ASCII.o)
    0x00031f28   0x00031f28   0x00000010   Data   RO         1964    .constdata          NUemWin_CM4_Keil.lib(F16B_ASCII.o)
    0x00031f38   0x00031f38   0x00000010   Data   RO         1965    .constdata          NUemWin_CM4_Keil.lib(F16B_ASCII.o)
    0x00031f48   0x00031f48   0x00000010   Data   RO         1966    .constdata          NUemWin_CM4_Keil.lib(F16B_ASCII.o)
    0x00031f58   0x00031f58   0x00000010   Data   RO         1967    .constdata          NUemWin_CM4_Keil.lib(F16B_ASCII.o)
    0x00031f68   0x00031f68   0x00000010   Data   RO         1968    .constdata          NUemWin_CM4_Keil.lib(F16B_ASCII.o)
    0x00031f78   0x00031f78   0x00000010   Data   RO         1969    .constdata          NUemWin_CM4_Keil.lib(F16B_ASCII.o)
    0x00031f88   0x00031f88   0x00000010   Data   RO         1970    .constdata          NUemWin_CM4_Keil.lib(F16B_ASCII.o)
    0x00031f98   0x00031f98   0x00000010   Data   RO         1971    .constdata          NUemWin_CM4_Keil.lib(F16B_ASCII.o)
    0x00031fa8   0x00031fa8   0x00000010   Data   RO         1972    .constdata          NUemWin_CM4_Keil.lib(F16B_ASCII.o)
    0x00031fb8   0x00031fb8   0x00000010   Data   RO         1973    .constdata          NUemWin_CM4_Keil.lib(F16B_ASCII.o)
    0x00031fc8   0x00031fc8   0x00000010   Data   RO         1974    .constdata          NUemWin_CM4_Keil.lib(F16B_ASCII.o)
    0x00031fd8   0x00031fd8   0x00000010   Data   RO         1975    .constdata          NUemWin_CM4_Keil.lib(F16B_ASCII.o)
    0x00031fe8   0x00031fe8   0x00000010   Data   RO         1976    .constdata          NUemWin_CM4_Keil.lib(F16B_ASCII.o)
    0x00031ff8   0x00031ff8   0x00000020   Data   RO         1977    .constdata          NUemWin_CM4_Keil.lib(F16B_ASCII.o)
    0x00032018   0x00032018   0x00000010   Data   RO         1978    .constdata          NUemWin_CM4_Keil.lib(F16B_ASCII.o)
    0x00032028   0x00032028   0x00000010   Data   RO         1979    .constdata          NUemWin_CM4_Keil.lib(F16B_ASCII.o)
    0x00032038   0x00032038   0x00000010   Data   RO         1980    .constdata          NUemWin_CM4_Keil.lib(F16B_ASCII.o)
    0x00032048   0x00032048   0x00000010   Data   RO         1981    .constdata          NUemWin_CM4_Keil.lib(F16B_ASCII.o)
    0x00032058   0x00032058   0x00000010   Data   RO         1982    .constdata          NUemWin_CM4_Keil.lib(F16B_ASCII.o)
    0x00032068   0x00032068   0x00000010   Data   RO         1983    .constdata          NUemWin_CM4_Keil.lib(F16B_ASCII.o)
    0x00032078   0x00032078   0x00000010   Data   RO         1984    .constdata          NUemWin_CM4_Keil.lib(F16B_ASCII.o)
    0x00032088   0x00032088   0x00000010   Data   RO         1985    .constdata          NUemWin_CM4_Keil.lib(F16B_ASCII.o)
    0x00032098   0x00032098   0x00000010   Data   RO         1986    .constdata          NUemWin_CM4_Keil.lib(F16B_ASCII.o)
    0x000320a8   0x000320a8   0x00000020   Data   RO         1987    .constdata          NUemWin_CM4_Keil.lib(F16B_ASCII.o)
    0x000320c8   0x000320c8   0x00000010   Data   RO         1988    .constdata          NUemWin_CM4_Keil.lib(F16B_ASCII.o)
    0x000320d8   0x000320d8   0x00000010   Data   RO         1989    .constdata          NUemWin_CM4_Keil.lib(F16B_ASCII.o)
    0x000320e8   0x000320e8   0x00000010   Data   RO         1990    .constdata          NUemWin_CM4_Keil.lib(F16B_ASCII.o)
    0x000320f8   0x000320f8   0x00000010   Data   RO         1991    .constdata          NUemWin_CM4_Keil.lib(F16B_ASCII.o)
    0x00032108   0x00032108   0x00000010   Data   RO         1992    .constdata          NUemWin_CM4_Keil.lib(F16B_ASCII.o)
    0x00032118   0x00032118   0x00000010   Data   RO         1993    .constdata          NUemWin_CM4_Keil.lib(F16B_ASCII.o)
    0x00032128   0x00032128   0x00000010   Data   RO         1994    .constdata          NUemWin_CM4_Keil.lib(F16B_ASCII.o)
    0x00032138   0x00032138   0x000005f0   Data   RO         1995    .constdata          NUemWin_CM4_Keil.lib(F16B_ASCII.o)
    0x00032728   0x00032728   0x0000000c   Data   RO         1996    .constdata          NUemWin_CM4_Keil.lib(F16B_ASCII.o)
    0x00032734   0x00032734   0x00000038   Data   RO         1997    .constdata          NUemWin_CM4_Keil.lib(F16B_ASCII.o)
    0x0003276c   0x0003276c   0x00000518   Data   RO         2194    .constdata          NUemWin_CM4_Keil.lib(F6x8.o)
    0x00032c84   0x00032c84   0x000001c0   Data   RO         2195    .constdata          NUemWin_CM4_Keil.lib(F6x8.o)
    0x00032e44   0x00032e44   0x00000008   Data   RO         2196    .constdata          NUemWin_CM4_Keil.lib(F6x8.o)
    0x00032e4c   0x00032e4c   0x0000001c   Data   RO         2197    .constdata          NUemWin_CM4_Keil.lib(F6x8.o)
    0x00032e68   0x00032e68   0x00000038   Data   RO         2198    .constdata          NUemWin_CM4_Keil.lib(F6x8.o)
    0x00032ea0   0x00032ea0   0x00000518   Data   RO         2200    .constdata          NUemWin_CM4_Keil.lib(F8x8.o)
    0x000333b8   0x000333b8   0x000001c0   Data   RO         2201    .constdata          NUemWin_CM4_Keil.lib(F8x8.o)
    0x00033578   0x00033578   0x00000008   Data   RO         2202    .constdata          NUemWin_CM4_Keil.lib(F8x8.o)
    0x00033580   0x00033580   0x0000001c   Data   RO         2203    .constdata          NUemWin_CM4_Keil.lib(F8x8.o)
    0x0003359c   0x0003359c   0x00000038   Data   RO         2204    .constdata          NUemWin_CM4_Keil.lib(F8x8.o)
    0x000335d4   0x000335d4   0x0000014c   Data   RO         2647    .constdata          NUemWin_CM4_Keil.lib(AppWizard_Action.o)
    0x00033720   0x00033720   0x00000178   Data   RO         2747    .constdata          NUemWin_CM4_Keil.lib(AppWizard_Drawing.o)
    0x00033898   0x00033898   0x00000058   Data   RO         3005    .constdata          NUemWin_CM4_Keil.lib(GUI_EnableAlpha.o)
    0x000338f0   0x000338f0   0x0000000c   Data   RO         3038    .constdata          NUemWin_CM4_Keil.lib(GUI_EncExt.o)
    0x000338fc   0x000338fc   0x00000004   Data   RO         3074    .constdata          NUemWin_CM4_Keil.lib(GUI_Lang.o)
    0x00033900   0x00033900   0x00000010   Data   RO         3384    .constdata          NUemWin_CM4_Keil.lib(GUI_UC.o)
    0x00033910   0x00033910   0x00000010   Data   RO         3412    .constdata          NUemWin_CM4_Keil.lib(GUI_UC_EncodeNone.o)
    0x00033920   0x00033920   0x00000010   Data   RO         3423    .constdata          NUemWin_CM4_Keil.lib(GUI_UC_EncodeUTF8.o)
    0x00033930   0x00033930   0x00000010   Data   RO         3456    .constdata          NUemWin_CM4_Keil.lib(GUI__DivTbl.o)
    0x00033940   0x00033940   0x00000020   Data   RO         3457    .constdata          NUemWin_CM4_Keil.lib(GUI__DivTbl.o)
    0x00033960   0x00033960   0x00000040   Data   RO         3458    .constdata          NUemWin_CM4_Keil.lib(GUI__DivTbl.o)
    0x000339a0   0x000339a0   0x00000100   Data   RO         3460    .constdata          NUemWin_CM4_Keil.lib(GUI__DivTbl.o)
    0x00033aa0   0x00033aa0   0x00000100   Data   RO         3461    .constdata          NUemWin_CM4_Keil.lib(GUI__DivTbl.o)
    0x00033ba0   0x00033ba0   0x0000016c   Data   RO         3523    .constdata          NUemWin_CM4_Keil.lib(GUI__SinHQ.o)
    0x00033d0c   0x00033d0c   0x0000000c   Data   RO         3564    .constdata          NUemWin_CM4_Keil.lib(LCD.o)
    0x00033d18   0x00033d18   0x00000010   Data   RO         3703    .constdata          NUemWin_CM4_Keil.lib(LCD_Rotate180.o)
    0x00033d28   0x00033d28   0x00000010   Data   RO         3711    .constdata          NUemWin_CM4_Keil.lib(LCD_RotateCCW.o)
    0x00033d38   0x00033d38   0x00000010   Data   RO         3721    .constdata          NUemWin_CM4_Keil.lib(LCD_RotateCW.o)
    0x00033d48   0x00033d48   0x0000000d   Data   RO         3733    .constdata          NUemWin_CM4_Keil.lib(F13_1.o)
    0x00033d55   0x00033d55   0x0000000d   Data   RO         3734    .constdata          NUemWin_CM4_Keil.lib(F13_1.o)
    0x00033d62   0x00033d62   0x0000000d   Data   RO         3735    .constdata          NUemWin_CM4_Keil.lib(F13_1.o)
    0x00033d6f   0x00033d6f   0x0000000d   Data   RO         3736    .constdata          NUemWin_CM4_Keil.lib(F13_1.o)
    0x00033d7c   0x00033d7c   0x0000000d   Data   RO         3737    .constdata          NUemWin_CM4_Keil.lib(F13_1.o)
    0x00033d89   0x00033d89   0x0000000d   Data   RO         3738    .constdata          NUemWin_CM4_Keil.lib(F13_1.o)
    0x00033d96   0x00033d96   0x0000000d   Data   RO         3739    .constdata          NUemWin_CM4_Keil.lib(F13_1.o)
    0x00033da3   0x00033da3   0x0000000d   Data   RO         3740    .constdata          NUemWin_CM4_Keil.lib(F13_1.o)
    0x00033db0   0x00033db0   0x0000000d   Data   RO         3741    .constdata          NUemWin_CM4_Keil.lib(F13_1.o)
    0x00033dbd   0x00033dbd   0x0000001a   Data   RO         3742    .constdata          NUemWin_CM4_Keil.lib(F13_1.o)
    0x00033dd7   0x00033dd7   0x0000000d   Data   RO         3743    .constdata          NUemWin_CM4_Keil.lib(F13_1.o)
    0x00033de4   0x00033de4   0x0000000d   Data   RO         3744    .constdata          NUemWin_CM4_Keil.lib(F13_1.o)
    0x00033df1   0x00033df1   0x0000000d   Data   RO         3745    .constdata          NUemWin_CM4_Keil.lib(F13_1.o)
    0x00033dfe   0x00033dfe   0x0000000d   Data   RO         3746    .constdata          NUemWin_CM4_Keil.lib(F13_1.o)
    0x00033e0b   0x00033e0b   0x0000001a   Data   RO         3747    .constdata          NUemWin_CM4_Keil.lib(F13_1.o)
    0x00033e25   0x00033e25   0x0000000d   Data   RO         3748    .constdata          NUemWin_CM4_Keil.lib(F13_1.o)
    0x00033e32   0x00033e32   0x0000000d   Data   RO         3749    .constdata          NUemWin_CM4_Keil.lib(F13_1.o)
    0x00033e3f   0x00033e3f   0x0000000d   Data   RO         3750    .constdata          NUemWin_CM4_Keil.lib(F13_1.o)
    0x00033e4c   0x00033e4c   0x0000000d   Data   RO         3751    .constdata          NUemWin_CM4_Keil.lib(F13_1.o)
    0x00033e59   0x00033e59   0x0000000d   Data   RO         3752    .constdata          NUemWin_CM4_Keil.lib(F13_1.o)
    0x00033e66   0x00033e66   0x0000000d   Data   RO         3753    .constdata          NUemWin_CM4_Keil.lib(F13_1.o)
    0x00033e73   0x00033e73   0x0000000d   Data   RO         3754    .constdata          NUemWin_CM4_Keil.lib(F13_1.o)
    0x00033e80   0x00033e80   0x0000000d   Data   RO         3755    .constdata          NUemWin_CM4_Keil.lib(F13_1.o)
    0x00033e8d   0x00033e8d   0x0000000d   Data   RO         3756    .constdata          NUemWin_CM4_Keil.lib(F13_1.o)
    0x00033e9a   0x00033e9a   0x0000000d   Data   RO         3757    .constdata          NUemWin_CM4_Keil.lib(F13_1.o)
    0x00033ea7   0x00033ea7   0x0000000d   Data   RO         3758    .constdata          NUemWin_CM4_Keil.lib(F13_1.o)
    0x00033eb4   0x00033eb4   0x0000000d   Data   RO         3759    .constdata          NUemWin_CM4_Keil.lib(F13_1.o)
    0x00033ec1   0x00033ec1   0x0000000d   Data   RO         3760    .constdata          NUemWin_CM4_Keil.lib(F13_1.o)
    0x00033ece   0x00033ece   0x0000001a   Data   RO         3761    .constdata          NUemWin_CM4_Keil.lib(F13_1.o)
    0x00033ee8   0x00033ee8   0x0000001a   Data   RO         3762    .constdata          NUemWin_CM4_Keil.lib(F13_1.o)
    0x00033f02   0x00033f02   0x0000001a   Data   RO         3763    .constdata          NUemWin_CM4_Keil.lib(F13_1.o)
    0x00033f1c   0x00033f1c   0x0000000d   Data   RO         3764    .constdata          NUemWin_CM4_Keil.lib(F13_1.o)
    0x00033f29   0x00033f29   0x0000000d   Data   RO         3765    .constdata          NUemWin_CM4_Keil.lib(F13_1.o)
    0x00033f36   0x00033f36   0x0000000d   Data   RO         3766    .constdata          NUemWin_CM4_Keil.lib(F13_1.o)
    0x00033f43   0x00033f43   0x0000000d   Data   RO         3767    .constdata          NUemWin_CM4_Keil.lib(F13_1.o)
    0x00033f50   0x00033f50   0x0000000d   Data   RO         3768    .constdata          NUemWin_CM4_Keil.lib(F13_1.o)
    0x00033f5d   0x00033f5d   0x0000000d   Data   RO         3769    .constdata          NUemWin_CM4_Keil.lib(F13_1.o)
    0x00033f6a   0x00033f6a   0x0000000d   Data   RO         3770    .constdata          NUemWin_CM4_Keil.lib(F13_1.o)
    0x00033f77   0x00033f77   0x0000001a   Data   RO         3771    .constdata          NUemWin_CM4_Keil.lib(F13_1.o)
    0x00033f91   0x00033f91   0x0000000d   Data   RO         3772    .constdata          NUemWin_CM4_Keil.lib(F13_1.o)
    0x00033f9e   0x00033f9e   0x0000000d   Data   RO         3773    .constdata          NUemWin_CM4_Keil.lib(F13_1.o)
    0x00033fab   0x00033fab   0x0000000d   Data   RO         3774    .constdata          NUemWin_CM4_Keil.lib(F13_1.o)
    0x00033fb8   0x00033fb8   0x0000000d   Data   RO         3775    .constdata          NUemWin_CM4_Keil.lib(F13_1.o)
    0x00033fc5   0x00033fc5   0x0000000d   Data   RO         3776    .constdata          NUemWin_CM4_Keil.lib(F13_1.o)
    0x00033fd2   0x00033fd2   0x0000000d   Data   RO         3777    .constdata          NUemWin_CM4_Keil.lib(F13_1.o)
    0x00033fdf   0x00033fdf   0x0000000d   Data   RO         3778    .constdata          NUemWin_CM4_Keil.lib(F13_1.o)
    0x00033fec   0x00033fec   0x0000000d   Data   RO         3779    .constdata          NUemWin_CM4_Keil.lib(F13_1.o)
    0x00033ff9   0x00033ff9   0x0000000d   Data   RO         3780    .constdata          NUemWin_CM4_Keil.lib(F13_1.o)
    0x00034006   0x00034006   0x0000000d   Data   RO         3781    .constdata          NUemWin_CM4_Keil.lib(F13_1.o)
    0x00034013   0x00034013   0x0000000d   Data   RO         3782    .constdata          NUemWin_CM4_Keil.lib(F13_1.o)
    0x00034020   0x00034020   0x0000000d   Data   RO         3783    .constdata          NUemWin_CM4_Keil.lib(F13_1.o)
    0x0003402d   0x0003402d   0x0000000d   Data   RO         3784    .constdata          NUemWin_CM4_Keil.lib(F13_1.o)
    0x0003403a   0x0003403a   0x0000000d   Data   RO         3785    .constdata          NUemWin_CM4_Keil.lib(F13_1.o)
    0x00034047   0x00034047   0x0000000d   Data   RO         3786    .constdata          NUemWin_CM4_Keil.lib(F13_1.o)
    0x00034054   0x00034054   0x0000000d   Data   RO         3787    .constdata          NUemWin_CM4_Keil.lib(F13_1.o)
    0x00034061   0x00034061   0x0000000d   Data   RO         3788    .constdata          NUemWin_CM4_Keil.lib(F13_1.o)
    0x0003406e   0x0003406e   0x0000000d   Data   RO         3789    .constdata          NUemWin_CM4_Keil.lib(F13_1.o)
    0x0003407b   0x0003407b   0x0000000d   Data   RO         3790    .constdata          NUemWin_CM4_Keil.lib(F13_1.o)
    0x00034088   0x00034088   0x0000000d   Data   RO         3791    .constdata          NUemWin_CM4_Keil.lib(F13_1.o)
    0x00034095   0x00034095   0x0000000d   Data   RO         3792    .constdata          NUemWin_CM4_Keil.lib(F13_1.o)
    0x000340a2   0x000340a2   0x0000000d   Data   RO         3793    .constdata          NUemWin_CM4_Keil.lib(F13_1.o)
    0x000340af   0x000340af   0x0000000d   Data   RO         3794    .constdata          NUemWin_CM4_Keil.lib(F13_1.o)
    0x000340bc   0x000340bc   0x0000000d   Data   RO         3795    .constdata          NUemWin_CM4_Keil.lib(F13_1.o)
    0x000340c9   0x000340c9   0x0000000d   Data   RO         3796    .constdata          NUemWin_CM4_Keil.lib(F13_1.o)
    0x000340d6   0x000340d6   0x0000000d   Data   RO         3797    .constdata          NUemWin_CM4_Keil.lib(F13_1.o)
    0x000340e3   0x000340e3   0x0000000d   Data   RO         3798    .constdata          NUemWin_CM4_Keil.lib(F13_1.o)
    0x000340f0   0x000340f0   0x0000000d   Data   RO         3799    .constdata          NUemWin_CM4_Keil.lib(F13_1.o)
    0x000340fd   0x000340fd   0x0000000d   Data   RO         3800    .constdata          NUemWin_CM4_Keil.lib(F13_1.o)
    0x0003410a   0x0003410a   0x0000000d   Data   RO         3801    .constdata          NUemWin_CM4_Keil.lib(F13_1.o)
    0x00034117   0x00034117   0x0000000d   Data   RO         3802    .constdata          NUemWin_CM4_Keil.lib(F13_1.o)
    0x00034124   0x00034124   0x0000001a   Data   RO         3803    .constdata          NUemWin_CM4_Keil.lib(F13_1.o)
    0x0003413e   0x0003413e   0x0000000d   Data   RO         3804    .constdata          NUemWin_CM4_Keil.lib(F13_1.o)
    0x0003414b   0x0003414b   0x0000000d   Data   RO         3805    .constdata          NUemWin_CM4_Keil.lib(F13_1.o)
    0x00034158   0x00034158   0x0000000d   Data   RO         3806    .constdata          NUemWin_CM4_Keil.lib(F13_1.o)
    0x00034165   0x00034165   0x0000000d   Data   RO         3807    .constdata          NUemWin_CM4_Keil.lib(F13_1.o)
    0x00034172   0x00034172   0x0000000d   Data   RO         3808    .constdata          NUemWin_CM4_Keil.lib(F13_1.o)
    0x0003417f   0x0003417f   0x0000000d   Data   RO         3809    .constdata          NUemWin_CM4_Keil.lib(F13_1.o)
    0x0003418c   0x0003418c   0x0000000d   Data   RO         3810    .constdata          NUemWin_CM4_Keil.lib(F13_1.o)
    0x00034199   0x00034199   0x0000000d   Data   RO         3811    .constdata          NUemWin_CM4_Keil.lib(F13_1.o)
    0x000341a6   0x000341a6   0x0000000d   Data   RO         3812    .constdata          NUemWin_CM4_Keil.lib(F13_1.o)
    0x000341b3   0x000341b3   0x0000000d   Data   RO         3813    .constdata          NUemWin_CM4_Keil.lib(F13_1.o)
    0x000341c0   0x000341c0   0x0000000d   Data   RO         3814    .constdata          NUemWin_CM4_Keil.lib(F13_1.o)
    0x000341cd   0x000341cd   0x0000000d   Data   RO         3815    .constdata          NUemWin_CM4_Keil.lib(F13_1.o)
    0x000341da   0x000341da   0x0000000d   Data   RO         3816    .constdata          NUemWin_CM4_Keil.lib(F13_1.o)
    0x000341e7   0x000341e7   0x0000000d   Data   RO         3817    .constdata          NUemWin_CM4_Keil.lib(F13_1.o)
    0x000341f4   0x000341f4   0x0000000d   Data   RO         3818    .constdata          NUemWin_CM4_Keil.lib(F13_1.o)
    0x00034201   0x00034201   0x0000000d   Data   RO         3819    .constdata          NUemWin_CM4_Keil.lib(F13_1.o)
    0x0003420e   0x0003420e   0x0000000d   Data   RO         3820    .constdata          NUemWin_CM4_Keil.lib(F13_1.o)
    0x0003421b   0x0003421b   0x0000000d   Data   RO         3821    .constdata          NUemWin_CM4_Keil.lib(F13_1.o)
    0x00034228   0x00034228   0x0000000d   Data   RO         3822    .constdata          NUemWin_CM4_Keil.lib(F13_1.o)
    0x00034235   0x00034235   0x0000000d   Data   RO         3823    .constdata          NUemWin_CM4_Keil.lib(F13_1.o)
    0x00034242   0x00034242   0x0000000d   Data   RO         3824    .constdata          NUemWin_CM4_Keil.lib(F13_1.o)
    0x0003424f   0x0003424f   0x0000000d   Data   RO         3825    .constdata          NUemWin_CM4_Keil.lib(F13_1.o)
    0x0003425c   0x0003425c   0x0000000d   Data   RO         3826    .constdata          NUemWin_CM4_Keil.lib(F13_1.o)
    0x00034269   0x00034269   0x0000000d   Data   RO         3827    .constdata          NUemWin_CM4_Keil.lib(F13_1.o)
    0x00034276   0x00034276   0x0000000d   Data   RO         3828    .constdata          NUemWin_CM4_Keil.lib(F13_1.o)
    0x00034283   0x00034283   0x00000001   PAD
    0x00034284   0x00034284   0x00000600   Data   RO         3829    .constdata          NUemWin_CM4_Keil.lib(F13_1.o)
    0x00034884   0x00034884   0x0000000c   Data   RO         3830    .constdata          NUemWin_CM4_Keil.lib(F13_1.o)
    0x00034890   0x00034890   0x00000038   Data   RO         3831    .constdata          NUemWin_CM4_Keil.lib(F13_1.o)
    0x000348c8   0x000348c8   0x00000074   Data   RO         3882    .constdata          NUemWin_CM4_Keil.lib(GUIDEV_16.o)
    0x0003493c   0x0003493c   0x00000008   Data   RO         4442    .constdata          NUemWin_CM4_Keil.lib(WM_MULTIBUF.o)
    0x00034944   0x00034944   0x0000000c   Data   RO         4548    .constdata          NUemWin_CM4_Keil.lib(GUIAA_Char2Ext_XBF.o)
    0x00034950   0x00034950   0x00000018   Data   RO         4549    .constdata          NUemWin_CM4_Keil.lib(GUIAA_Char2Ext_XBF.o)
    0x00034968   0x00034968   0x0000000c   Data   RO         4554    .constdata          NUemWin_CM4_Keil.lib(GUIAA_Char4Ext_XBF.o)
    0x00034974   0x00034974   0x00000018   Data   RO         4555    .constdata          NUemWin_CM4_Keil.lib(GUIAA_Char4Ext_XBF.o)
    0x0003498c   0x0003498c   0x00000018   Data   RO         4640    .constdata          NUemWin_CM4_Keil.lib(GUICC_0.o)
    0x000349a4   0x000349a4   0x00000018   Data   RO         4651    .constdata          NUemWin_CM4_Keil.lib(GUICC_M8888I.o)
    0x000349bc   0x000349bc   0x00000010   Data   RO         4744    .constdata          NUemWin_CM4_Keil.lib(GUI_BMP.o)
    0x000349cc   0x000349cc   0x00000010   Data   RO         4830    .constdata          NUemWin_CM4_Keil.lib(GUI_DrawBitmap_24.o)
    0x000349dc   0x000349dc   0x00000010   Data   RO         4838    .constdata          NUemWin_CM4_Keil.lib(GUI_DrawBitmap_444.o)
    0x000349ec   0x000349ec   0x00000010   Data   RO         4839    .constdata          NUemWin_CM4_Keil.lib(GUI_DrawBitmap_444.o)
    0x000349fc   0x000349fc   0x00000010   Data   RO         4840    .constdata          NUemWin_CM4_Keil.lib(GUI_DrawBitmap_444.o)
    0x00034a0c   0x00034a0c   0x00000010   Data   RO         4841    .constdata          NUemWin_CM4_Keil.lib(GUI_DrawBitmap_444.o)
    0x00034a1c   0x00034a1c   0x00000010   Data   RO         4842    .constdata          NUemWin_CM4_Keil.lib(GUI_DrawBitmap_444.o)
    0x00034a2c   0x00034a2c   0x00000010   Data   RO         4843    .constdata          NUemWin_CM4_Keil.lib(GUI_DrawBitmap_444.o)
    0x00034a3c   0x00034a3c   0x00000010   Data   RO         4852    .constdata          NUemWin_CM4_Keil.lib(GUI_DrawBitmap_555.o)
    0x00034a4c   0x00034a4c   0x00000010   Data   RO         4853    .constdata          NUemWin_CM4_Keil.lib(GUI_DrawBitmap_555.o)
    0x00034a5c   0x00034a5c   0x00000010   Data   RO         4858    .constdata          NUemWin_CM4_Keil.lib(GUI_DrawBitmap_565.o)
    0x00034a6c   0x00034a6c   0x00000010   Data   RO         4859    .constdata          NUemWin_CM4_Keil.lib(GUI_DrawBitmap_565.o)
    0x00034a7c   0x00034a7c   0x00000010   Data   RO         4869    .constdata          NUemWin_CM4_Keil.lib(GUI_DrawBitmap_8888.o)
    0x00034a8c   0x00034a8c   0x00000010   Data   RO         4870    .constdata          NUemWin_CM4_Keil.lib(GUI_DrawBitmap_8888.o)
    0x00034a9c   0x00034a9c   0x00000010   Data   RO         4884    .constdata          NUemWin_CM4_Keil.lib(GUI_DrawBitmap_A16.o)
    0x00034aac   0x00034aac   0x00000010   Data   RO         4885    .constdata          NUemWin_CM4_Keil.lib(GUI_DrawBitmap_A16.o)
    0x00034abc   0x00034abc   0x00000010   Data   RO         4886    .constdata          NUemWin_CM4_Keil.lib(GUI_DrawBitmap_A16.o)
    0x00034acc   0x00034acc   0x00000010   Data   RO         4887    .constdata          NUemWin_CM4_Keil.lib(GUI_DrawBitmap_A16.o)
    0x00034adc   0x00034adc   0x00000060   Data   RO         4937    .constdata          NUemWin_CM4_Keil.lib(GUI_GIF.o)
    0x00034b3c   0x00034b3c   0x00000080   Data   RO         5000    .constdata          NUemWin_CM4_Keil.lib(GUI_JPEG.o)
    0x00034bbc   0x00034bbc   0x0000004c   Data   RO         5100    .constdata          NUemWin_CM4_Keil.lib(GUI_SetAlpha.o)
    0x00034c08   0x00034c08   0x0000000c   Data   RO         5151    .constdata          NUemWin_CM4_Keil.lib(GUI_XBF_PropExt.o)
    0x00034c14   0x00034c14   0x00000018   Data   RO         5152    .constdata          NUemWin_CM4_Keil.lib(GUI_XBF_PropExt.o)
    0x00034c2c   0x00034c2c   0x00000018   Data   RO         5157    .constdata          NUemWin_CM4_Keil.lib(GUI_XBF_PropFrm.o)
    0x00034c44   0x00034c44   0x00000100   Data   RO         5241    .constdata          NUemWin_CM4_Keil.lib(LCD_Mirror.o)
    0x00034d44   0x00034d44   0x00000010   Data   RO         5249    .constdata          NUemWin_CM4_Keil.lib(LCD_RLE1.o)
    0x00034d54   0x00034d54   0x00000010   Data   RO         5250    .constdata          NUemWin_CM4_Keil.lib(LCD_RLE1.o)
    0x00034d64   0x00034d64   0x00000010   Data   RO         5273    .constdata          NUemWin_CM4_Keil.lib(LCD_RLE16.o)
    0x00034d74   0x00034d74   0x00000010   Data   RO         5274    .constdata          NUemWin_CM4_Keil.lib(LCD_RLE16.o)
    0x00034d84   0x00034d84   0x00000010   Data   RO         5275    .constdata          NUemWin_CM4_Keil.lib(LCD_RLE16.o)
    0x00034d94   0x00034d94   0x00000010   Data   RO         5276    .constdata          NUemWin_CM4_Keil.lib(LCD_RLE16.o)
    0x00034da4   0x00034da4   0x00000010   Data   RO         5301    .constdata          NUemWin_CM4_Keil.lib(LCD_RLE32.o)
    0x00034db4   0x00034db4   0x00000010   Data   RO         5302    .constdata          NUemWin_CM4_Keil.lib(LCD_RLE32.o)
    0x00034dc4   0x00034dc4   0x00000010   Data   RO         5323    .constdata          NUemWin_CM4_Keil.lib(LCD_RLE4.o)
    0x00034dd4   0x00034dd4   0x00000010   Data   RO         5324    .constdata          NUemWin_CM4_Keil.lib(LCD_RLE4.o)
    0x00034de4   0x00034de4   0x00000010   Data   RO         5343    .constdata          NUemWin_CM4_Keil.lib(LCD_RLE8.o)
    0x00034df4   0x00034df4   0x00000010   Data   RO         5344    .constdata          NUemWin_CM4_Keil.lib(LCD_RLE8.o)
    0x00034e04   0x00034e04   0x00000010   Data   RO         5360    .constdata          NUemWin_CM4_Keil.lib(LCD_RLEAlpha.o)
    0x00034e14   0x00034e14   0x00000010   Data   RO         5361    .constdata          NUemWin_CM4_Keil.lib(LCD_RLEAlpha.o)
    0x00034e24   0x00034e24   0x0000000d   Data   RO         5427    .constdata          NUemWin_CM4_Keil.lib(F13_ASCII.o)
    0x00034e31   0x00034e31   0x0000000d   Data   RO         5428    .constdata          NUemWin_CM4_Keil.lib(F13_ASCII.o)
    0x00034e3e   0x00034e3e   0x0000000d   Data   RO         5429    .constdata          NUemWin_CM4_Keil.lib(F13_ASCII.o)
    0x00034e4b   0x00034e4b   0x0000000d   Data   RO         5430    .constdata          NUemWin_CM4_Keil.lib(F13_ASCII.o)
    0x00034e58   0x00034e58   0x0000000d   Data   RO         5431    .constdata          NUemWin_CM4_Keil.lib(F13_ASCII.o)
    0x00034e65   0x00034e65   0x0000001a   Data   RO         5432    .constdata          NUemWin_CM4_Keil.lib(F13_ASCII.o)
    0x00034e7f   0x00034e7f   0x0000000d   Data   RO         5433    .constdata          NUemWin_CM4_Keil.lib(F13_ASCII.o)
    0x00034e8c   0x00034e8c   0x0000000d   Data   RO         5434    .constdata          NUemWin_CM4_Keil.lib(F13_ASCII.o)
    0x00034e99   0x00034e99   0x0000000d   Data   RO         5435    .constdata          NUemWin_CM4_Keil.lib(F13_ASCII.o)
    0x00034ea6   0x00034ea6   0x0000000d   Data   RO         5436    .constdata          NUemWin_CM4_Keil.lib(F13_ASCII.o)
    0x00034eb3   0x00034eb3   0x0000000d   Data   RO         5437    .constdata          NUemWin_CM4_Keil.lib(F13_ASCII.o)
    0x00034ec0   0x00034ec0   0x0000000d   Data   RO         5438    .constdata          NUemWin_CM4_Keil.lib(F13_ASCII.o)
    0x00034ecd   0x00034ecd   0x0000000d   Data   RO         5439    .constdata          NUemWin_CM4_Keil.lib(F13_ASCII.o)
    0x00034eda   0x00034eda   0x0000000d   Data   RO         5440    .constdata          NUemWin_CM4_Keil.lib(F13_ASCII.o)
    0x00034ee7   0x00034ee7   0x0000000d   Data   RO         5441    .constdata          NUemWin_CM4_Keil.lib(F13_ASCII.o)
    0x00034ef4   0x00034ef4   0x0000000d   Data   RO         5442    .constdata          NUemWin_CM4_Keil.lib(F13_ASCII.o)
    0x00034f01   0x00034f01   0x0000000d   Data   RO         5443    .constdata          NUemWin_CM4_Keil.lib(F13_ASCII.o)
    0x00034f0e   0x00034f0e   0x0000000d   Data   RO         5444    .constdata          NUemWin_CM4_Keil.lib(F13_ASCII.o)
    0x00034f1b   0x00034f1b   0x0000000d   Data   RO         5445    .constdata          NUemWin_CM4_Keil.lib(F13_ASCII.o)
    0x00034f28   0x00034f28   0x0000000d   Data   RO         5446    .constdata          NUemWin_CM4_Keil.lib(F13_ASCII.o)
    0x00034f35   0x00034f35   0x0000000d   Data   RO         5447    .constdata          NUemWin_CM4_Keil.lib(F13_ASCII.o)
    0x00034f42   0x00034f42   0x0000000d   Data   RO         5448    .constdata          NUemWin_CM4_Keil.lib(F13_ASCII.o)
    0x00034f4f   0x00034f4f   0x0000000d   Data   RO         5449    .constdata          NUemWin_CM4_Keil.lib(F13_ASCII.o)
    0x00034f5c   0x00034f5c   0x0000000d   Data   RO         5450    .constdata          NUemWin_CM4_Keil.lib(F13_ASCII.o)
    0x00034f69   0x00034f69   0x0000000d   Data   RO         5451    .constdata          NUemWin_CM4_Keil.lib(F13_ASCII.o)
    0x00034f76   0x00034f76   0x0000000d   Data   RO         5452    .constdata          NUemWin_CM4_Keil.lib(F13_ASCII.o)
    0x00034f83   0x00034f83   0x0000000d   Data   RO         5453    .constdata          NUemWin_CM4_Keil.lib(F13_ASCII.o)
    0x00034f90   0x00034f90   0x0000000d   Data   RO         5454    .constdata          NUemWin_CM4_Keil.lib(F13_ASCII.o)
    0x00034f9d   0x00034f9d   0x0000000d   Data   RO         5455    .constdata          NUemWin_CM4_Keil.lib(F13_ASCII.o)
    0x00034faa   0x00034faa   0x0000000d   Data   RO         5456    .constdata          NUemWin_CM4_Keil.lib(F13_ASCII.o)
    0x00034fb7   0x00034fb7   0x0000000d   Data   RO         5457    .constdata          NUemWin_CM4_Keil.lib(F13_ASCII.o)
    0x00034fc4   0x00034fc4   0x0000000d   Data   RO         5458    .constdata          NUemWin_CM4_Keil.lib(F13_ASCII.o)
    0x00034fd1   0x00034fd1   0x0000001a   Data   RO         5459    .constdata          NUemWin_CM4_Keil.lib(F13_ASCII.o)
    0x00034feb   0x00034feb   0x0000000d   Data   RO         5460    .constdata          NUemWin_CM4_Keil.lib(F13_ASCII.o)
    0x00034ff8   0x00034ff8   0x0000000d   Data   RO         5461    .constdata          NUemWin_CM4_Keil.lib(F13_ASCII.o)
    0x00035005   0x00035005   0x0000000d   Data   RO         5462    .constdata          NUemWin_CM4_Keil.lib(F13_ASCII.o)
    0x00035012   0x00035012   0x0000000d   Data   RO         5463    .constdata          NUemWin_CM4_Keil.lib(F13_ASCII.o)
    0x0003501f   0x0003501f   0x0000000d   Data   RO         5464    .constdata          NUemWin_CM4_Keil.lib(F13_ASCII.o)
    0x0003502c   0x0003502c   0x0000000d   Data   RO         5465    .constdata          NUemWin_CM4_Keil.lib(F13_ASCII.o)
    0x00035039   0x00035039   0x0000000d   Data   RO         5466    .constdata          NUemWin_CM4_Keil.lib(F13_ASCII.o)
    0x00035046   0x00035046   0x0000000d   Data   RO         5467    .constdata          NUemWin_CM4_Keil.lib(F13_ASCII.o)
    0x00035053   0x00035053   0x0000000d   Data   RO         5468    .constdata          NUemWin_CM4_Keil.lib(F13_ASCII.o)
    0x00035060   0x00035060   0x0000000d   Data   RO         5469    .constdata          NUemWin_CM4_Keil.lib(F13_ASCII.o)
    0x0003506d   0x0003506d   0x0000000d   Data   RO         5470    .constdata          NUemWin_CM4_Keil.lib(F13_ASCII.o)
    0x0003507a   0x0003507a   0x0000000d   Data   RO         5471    .constdata          NUemWin_CM4_Keil.lib(F13_ASCII.o)
    0x00035087   0x00035087   0x0000000d   Data   RO         5472    .constdata          NUemWin_CM4_Keil.lib(F13_ASCII.o)
    0x00035094   0x00035094   0x0000000d   Data   RO         5473    .constdata          NUemWin_CM4_Keil.lib(F13_ASCII.o)
    0x000350a1   0x000350a1   0x0000000d   Data   RO         5474    .constdata          NUemWin_CM4_Keil.lib(F13_ASCII.o)
    0x000350ae   0x000350ae   0x0000000d   Data   RO         5475    .constdata          NUemWin_CM4_Keil.lib(F13_ASCII.o)
    0x000350bb   0x000350bb   0x0000000d   Data   RO         5476    .constdata          NUemWin_CM4_Keil.lib(F13_ASCII.o)
    0x000350c8   0x000350c8   0x0000000d   Data   RO         5477    .constdata          NUemWin_CM4_Keil.lib(F13_ASCII.o)
    0x000350d5   0x000350d5   0x0000000d   Data   RO         5478    .constdata          NUemWin_CM4_Keil.lib(F13_ASCII.o)
    0x000350e2   0x000350e2   0x0000000d   Data   RO         5479    .constdata          NUemWin_CM4_Keil.lib(F13_ASCII.o)
    0x000350ef   0x000350ef   0x0000000d   Data   RO         5480    .constdata          NUemWin_CM4_Keil.lib(F13_ASCII.o)
    0x000350fc   0x000350fc   0x0000000d   Data   RO         5481    .constdata          NUemWin_CM4_Keil.lib(F13_ASCII.o)
    0x00035109   0x00035109   0x0000001a   Data   RO         5482    .constdata          NUemWin_CM4_Keil.lib(F13_ASCII.o)
    0x00035123   0x00035123   0x0000000d   Data   RO         5483    .constdata          NUemWin_CM4_Keil.lib(F13_ASCII.o)
    0x00035130   0x00035130   0x0000000d   Data   RO         5484    .constdata          NUemWin_CM4_Keil.lib(F13_ASCII.o)
    0x0003513d   0x0003513d   0x0000000d   Data   RO         5485    .constdata          NUemWin_CM4_Keil.lib(F13_ASCII.o)
    0x0003514a   0x0003514a   0x0000000d   Data   RO         5486    .constdata          NUemWin_CM4_Keil.lib(F13_ASCII.o)
    0x00035157   0x00035157   0x0000000d   Data   RO         5487    .constdata          NUemWin_CM4_Keil.lib(F13_ASCII.o)
    0x00035164   0x00035164   0x0000000d   Data   RO         5488    .constdata          NUemWin_CM4_Keil.lib(F13_ASCII.o)
    0x00035171   0x00035171   0x0000000d   Data   RO         5489    .constdata          NUemWin_CM4_Keil.lib(F13_ASCII.o)
    0x0003517e   0x0003517e   0x0000000d   Data   RO         5490    .constdata          NUemWin_CM4_Keil.lib(F13_ASCII.o)
    0x0003518b   0x0003518b   0x0000000d   Data   RO         5491    .constdata          NUemWin_CM4_Keil.lib(F13_ASCII.o)
    0x00035198   0x00035198   0x0000000d   Data   RO         5492    .constdata          NUemWin_CM4_Keil.lib(F13_ASCII.o)
    0x000351a5   0x000351a5   0x0000000d   Data   RO         5493    .constdata          NUemWin_CM4_Keil.lib(F13_ASCII.o)
    0x000351b2   0x000351b2   0x0000000d   Data   RO         5494    .constdata          NUemWin_CM4_Keil.lib(F13_ASCII.o)
    0x000351bf   0x000351bf   0x0000000d   Data   RO         5495    .constdata          NUemWin_CM4_Keil.lib(F13_ASCII.o)
    0x000351cc   0x000351cc   0x0000000d   Data   RO         5496    .constdata          NUemWin_CM4_Keil.lib(F13_ASCII.o)
    0x000351d9   0x000351d9   0x0000000d   Data   RO         5497    .constdata          NUemWin_CM4_Keil.lib(F13_ASCII.o)
    0x000351e6   0x000351e6   0x0000000d   Data   RO         5498    .constdata          NUemWin_CM4_Keil.lib(F13_ASCII.o)
    0x000351f3   0x000351f3   0x0000000d   Data   RO         5499    .constdata          NUemWin_CM4_Keil.lib(F13_ASCII.o)
    0x00035200   0x00035200   0x0000000d   Data   RO         5500    .constdata          NUemWin_CM4_Keil.lib(F13_ASCII.o)
    0x0003520d   0x0003520d   0x0000000d   Data   RO         5501    .constdata          NUemWin_CM4_Keil.lib(F13_ASCII.o)
    0x0003521a   0x0003521a   0x0000000d   Data   RO         5502    .constdata          NUemWin_CM4_Keil.lib(F13_ASCII.o)
    0x00035227   0x00035227   0x0000000d   Data   RO         5503    .constdata          NUemWin_CM4_Keil.lib(F13_ASCII.o)
    0x00035234   0x00035234   0x0000000d   Data   RO         5504    .constdata          NUemWin_CM4_Keil.lib(F13_ASCII.o)
    0x00035241   0x00035241   0x0000000d   Data   RO         5505    .constdata          NUemWin_CM4_Keil.lib(F13_ASCII.o)
    0x0003524e   0x0003524e   0x0000000d   Data   RO         5506    .constdata          NUemWin_CM4_Keil.lib(F13_ASCII.o)
    0x0003525b   0x0003525b   0x0000000d   Data   RO         5507    .constdata          NUemWin_CM4_Keil.lib(F13_ASCII.o)
    0x00035268   0x00035268   0x0000000d   Data   RO         5508    .constdata          NUemWin_CM4_Keil.lib(F13_ASCII.o)
    0x00035275   0x00035275   0x0000000d   Data   RO         5509    .constdata          NUemWin_CM4_Keil.lib(F13_ASCII.o)
    0x00035282   0x00035282   0x0000000d   Data   RO         5510    .constdata          NUemWin_CM4_Keil.lib(F13_ASCII.o)
    0x0003528f   0x0003528f   0x0000000d   Data   RO         5511    .constdata          NUemWin_CM4_Keil.lib(F13_ASCII.o)
    0x0003529c   0x0003529c   0x0000000d   Data   RO         5512    .constdata          NUemWin_CM4_Keil.lib(F13_ASCII.o)
    0x000352a9   0x000352a9   0x0000000d   Data   RO         5513    .constdata          NUemWin_CM4_Keil.lib(F13_ASCII.o)
    0x000352b6   0x000352b6   0x0000000d   Data   RO         5514    .constdata          NUemWin_CM4_Keil.lib(F13_ASCII.o)
    0x000352c3   0x000352c3   0x0000000d   Data   RO         5515    .constdata          NUemWin_CM4_Keil.lib(F13_ASCII.o)
    0x000352d0   0x000352d0   0x0000000d   Data   RO         5516    .constdata          NUemWin_CM4_Keil.lib(F13_ASCII.o)
    0x000352dd   0x000352dd   0x0000000d   Data   RO         5517    .constdata          NUemWin_CM4_Keil.lib(F13_ASCII.o)
    0x000352ea   0x000352ea   0x0000000d   Data   RO         5518    .constdata          NUemWin_CM4_Keil.lib(F13_ASCII.o)
    0x000352f7   0x000352f7   0x0000000d   Data   RO         5519    .constdata          NUemWin_CM4_Keil.lib(F13_ASCII.o)
    0x00035304   0x00035304   0x0000000d   Data   RO         5520    .constdata          NUemWin_CM4_Keil.lib(F13_ASCII.o)
    0x00035311   0x00035311   0x0000000d   Data   RO         5521    .constdata          NUemWin_CM4_Keil.lib(F13_ASCII.o)
    0x0003531e   0x0003531e   0x00000002   PAD
    0x00035320   0x00035320   0x000005f0   Data   RO         5522    .constdata          NUemWin_CM4_Keil.lib(F13_ASCII.o)
    0x00035910   0x00035910   0x0000000c   Data   RO         5523    .constdata          NUemWin_CM4_Keil.lib(F13_ASCII.o)
    0x0003591c   0x0003591c   0x00000074   Data   RO         5537    .constdata          NUemWin_CM4_Keil.lib(GUIDEV_32.o)
    0x00035990   0x00035990   0x00000018   Data   RO         5599    .constdata          NUemWin_CM4_Keil.lib(GUIDEV_UsageBM.o)
    0x000359a8   0x000359a8   0x0000001c   Data   RO         5661    .constdata          NUemWin_CM4_Keil.lib(WIDGET_Effect_Simple.o)
    0x000359c4   0x000359c4   0x00000018   Data   RO         5754    .constdata          NUemWin_CM4_Keil.lib(GUICC_M555.o)
    0x000359dc   0x000359dc   0x00000018   Data   RO         5766    .constdata          NUemWin_CM4_Keil.lib(GUICC_M565.o)
    0x000359f4   0x000359f4   0x00000050   Data   RO         5836    .constdata          NUemWin_CM4_Keil.lib(GUI_JPEG_IDCT.o)
    0x00035a44   0x00035a44   0x00000034   Data   RO         5970    .constdata          NUemWin_CM4_Keil.lib(GUIDEV_WriteToActiveAlpha.o)
    0x00035a78   0x00035a78   0x00000028   Data   RO         6161    .constdata          c_w.l(_printf_hex_int.o)
    0x00035aa0   0x00035aa0   0x00000011   Data   RO         6191    .constdata          c_w.l(__printf_flags_wp.o)
    0x00035ab1   0x00035ab1   0x00000003   PAD
    0x00035ab4   0x00035ab4   0x00000001   Data   RO         3996    .conststring        NUemWin_CM4_Keil.lib(EDIT.o)
    0x00035ab5   0x00035ab5   0x0000001b   Data   RO          716    .rodata.ALPHABET    main.o
    0x00035ad0   0x00035ad0   0x00000010   Data   RO          505    .rodata._Calc_ID_VAR_01  resource.o
    0x00035ae0   0x00035ae0   0x00000010   Data   RO          506    .rodata._Calc_ID_VAR_02  resource.o
    0x00035af0   0x00035af0   0x00000008   Data   RO          500    .rodata._TextInit   resource.o
    0x00035af8   0x00035af8   0x00000010   Data   RO          508    .rodata._aItem_ID_VAR_01  resource.o
    0x00035b08   0x00035b08   0x00000010   Data   RO          510    .rodata._aItem_ID_VAR_02  resource.o
    0x00035b18   0x00035b18   0x000002d0   Data   RO          465    .rodata._aSetup     id_game_over.o
    0x00035de8   0x00035de8   0x00000190   Data   RO          473    .rodata._aSetup     id_screen_high_score.o
    0x00035f78   0x00035f78   0x00000910   Data   RO          481    .rodata._aSetup     id_screen_play.o
    0x00036888   0x00036888   0x000002d0   Data   RO          489    .rodata._aSetup     id_screen_welcome.o
    0x00036b58   0x00036b58   0x0000007a   Data   RO          439    .rodata.acAPPW_Language_0  appw_language_0.o
    0x00036bd2   0x00036bd2   0x00005794   Data   RO          427    .rodata.acNettoOT_32_Normal_EXT_AA4  nettoot_32_normal_ext_aa4.o
    0x0003c366   0x0003c366   0x00007d05   Data   RO          433    .rodata.acNettoOT_40_Normal_EXT_AA4  nettoot_40_normal_ext_aa4.o
    0x0004406b   0x0004406b   0x0002a311   Data   RO          421    .rodata.acpixel     pixel.o
    0x0006e37c   0x0006e37c   0x00000020   Data   RO          303    .rodata.cst32       timer.o
    0x0006e39c   0x0006e39c   0x00000004   Data   RO           88    .rodata.cst4        clk.o
    0x0006e3a0   0x0006e3a0   0x00000083   Data   RO          233    .rodata.str1.1      retarget.o
    0x0006e423   0x0006e423   0x00000004   Data   RO          507    .rodata.str1.1      resource.o
    0x0006e427   0x0006e427   0x00000033   Data   RO          693    .rodata.str1.1      main.o
    0x0006e45a   0x0006e45a   0x00000002   PAD
    0x0006e45c   0x0006e45c   0x00000020   Data   RO         6423    Region$$Table       anon$$obj.o


    Execution Region ER_RW (Exec base: 0x20000000, Load base: 0x0006e47c, Size: 0x00001188, Max: 0xffffffff, ABSOLUTE)

    Exec Addr    Load Addr    Size         Type   Attr      Idx    E Section Name        Object

    0x20000000   0x0006e47c   0x00000004   Data   RW          732    .ARM.use_no_argv    main.o
    0x20000004   0x0006e480   0x0000004c   Data   RW          823    .data               NUemWin_CM4_Keil.lib(AppWizard.o)
    0x20000050   0x0006e4cc   0x00000001   Data   RW          824    .data               NUemWin_CM4_Keil.lib(AppWizard.o)
    0x20000051   0x0006e4cd   0x00000003   PAD
    0x20000054   0x0006e4d0   0x00000010   Data   RW          907    .data               NUemWin_CM4_Keil.lib(AppWizard_Var.o)
    0x20000064   0x0006e4e0   0x00000008   Data   RW          980    .data               NUemWin_CM4_Keil.lib(OWindow.o)
    0x2000006c   0x0006e4e8   0x00000004   Data   RW         1005    .data               NUemWin_CM4_Keil.lib(GUI_2DLib.o)
    0x20000070   0x0006e4ec   0x00000004   Data   RW         1056    .data               NUemWin_CM4_Keil.lib(GUI_Alloc.o)
    0x20000074   0x0006e4f0   0x0000000c   Data   RW         1113    .data               NUemWin_CM4_Keil.lib(GUI_Char.o)
    0x20000080   0x0006e4fc   0x00000025   Data   RW         1239    .data               NUemWin_CM4_Keil.lib(GUI_Common.o)
    0x200000a5   0x0006e521   0x00000003   PAD
    0x200000a8   0x0006e524   0x00000054   Data   RW         1381    .data               NUemWin_CM4_Keil.lib(GUI_Core.o)
    0x200000fc   0x0006e578   0x00000004   Data   RW         1382    .data               NUemWin_CM4_Keil.lib(GUI_Core.o)
    0x20000100   0x0006e57c   0x00000001   Data   RW         1384    .data               NUemWin_CM4_Keil.lib(GUI_Core.o)
    0x20000101   0x0006e57d   0x00000003   PAD
    0x20000104   0x0006e580   0x00000004   Data   RW         1385    .data               NUemWin_CM4_Keil.lib(GUI_Core.o)
    0x20000108   0x0006e584   0x00000004   Data   RW         1386    .data               NUemWin_CM4_Keil.lib(GUI_Core.o)
    0x2000010c   0x0006e588   0x00000004   Data   RW         1388    .data               NUemWin_CM4_Keil.lib(GUI_Core.o)
    0x20000110   0x0006e58c   0x00000004   Data   RW         1390    .data               NUemWin_CM4_Keil.lib(GUI_Core.o)
    0x20000114   0x0006e590   0x00000004   Data   RW         1391    .data               NUemWin_CM4_Keil.lib(GUI_Core.o)
    0x20000118   0x0006e594   0x00000004   Data   RW         1392    .data               NUemWin_CM4_Keil.lib(GUI_Core.o)
    0x2000011c   0x0006e598   0x00000004   Data   RW         1393    .data               NUemWin_CM4_Keil.lib(GUI_Core.o)
    0x20000120   0x0006e59c   0x00000004   Data   RW         1394    .data               NUemWin_CM4_Keil.lib(GUI_Core.o)
    0x20000124   0x0006e5a0   0x00000004   Data   RW         1395    .data               NUemWin_CM4_Keil.lib(GUI_Core.o)
    0x20000128   0x0006e5a4   0x00000001   Data   RW         1396    .data               NUemWin_CM4_Keil.lib(GUI_Core.o)
    0x20000129   0x0006e5a5   0x00000003   PAD
    0x2000012c   0x0006e5a8   0x00000004   Data   RW         1397    .data               NUemWin_CM4_Keil.lib(GUI_Core.o)
    0x20000130   0x0006e5ac   0x00000004   Data   RW         1398    .data               NUemWin_CM4_Keil.lib(GUI_Core.o)
    0x20000134   0x0006e5b0   0x00000002   Data   RW         1399    .data               NUemWin_CM4_Keil.lib(GUI_Core.o)
    0x20000136   0x0006e5b2   0x00000002   Data   RW         1400    .data               NUemWin_CM4_Keil.lib(GUI_Core.o)
    0x20000138   0x0006e5b4   0x00000001   Data   RW         1466    .data               NUemWin_CM4_Keil.lib(GUI_DispString.o)
    0x20000139   0x0006e5b5   0x00000003   PAD
    0x2000013c   0x0006e5b8   0x00000004   Data   RW         1528    .data               NUemWin_CM4_Keil.lib(GUI_DrawLine.o)
    0x20000140   0x0006e5bc   0x00000038   Data   RW         1546    .data               NUemWin_CM4_Keil.lib(GUI_TOUCH_DriverAnalog.o)
    0x20000178   0x0006e5f4   0x0000001c   Data   RW         1676    .data               NUemWin_CM4_Keil.lib(GUIDRV_FlexColor.o)
    0x20000194   0x0006e610   0x00000008   Data   RW         1771    .data               NUemWin_CM4_Keil.lib(GUIDRV_FlexColor_Func66709.o)
    0x2000019c   0x0006e618   0x00000018   Data   RW         2236    .data               NUemWin_CM4_Keil.lib(TEXT.o)
    0x200001b4   0x0006e630   0x0000004c   Data   RW         2327    .data               NUemWin_CM4_Keil.lib(WM.o)
    0x20000200   0x0006e67c   0x00000001   Data   RW         2328    .data               NUemWin_CM4_Keil.lib(WM.o)
    0x20000201   0x0006e67d   0x00000003   Data   RW         2648    .data               NUemWin_CM4_Keil.lib(AppWizard_Action.o)
    0x20000204   0x0006e680   0x00000010   Data   RW         2749    .data               NUemWin_CM4_Keil.lib(AppWizard_Drawing.o)
    0x20000214   0x0006e690   0x0000003c   Data   RW         2825    .data               NUemWin_CM4_Keil.lib(AppWizard_FileAccess.o)
    0x20000250   0x0006e6cc   0x00000004   Data   RW         2866    .data               NUemWin_CM4_Keil.lib(GUI_CharLine.o)
    0x20000254   0x0006e6d0   0x00000004   Data   RW         2885    .data               NUemWin_CM4_Keil.lib(GUI_CharP.o)
    0x20000258   0x0006e6d4   0x00000008   Data   RW         2907    .data               NUemWin_CM4_Keil.lib(GUI_Circ.o)
    0x20000260   0x0006e6dc   0x00000008   Data   RW         2934    .data               NUemWin_CM4_Keil.lib(GUI_DispStringInRectEx.o)
    0x20000268   0x0006e6e4   0x00000040   Data   RW         3006    .data               NUemWin_CM4_Keil.lib(GUI_EnableAlpha.o)
    0x200002a8   0x0006e724   0x00000008   Data   RW         3039    .data               NUemWin_CM4_Keil.lib(GUI_EncExt.o)
    0x200002b0   0x0006e72c   0x00000014   Data   RW         3048    .data               NUemWin_CM4_Keil.lib(GUI_FillPolygon.o)
    0x200002c4   0x0006e740   0x00000018   Data   RW         3075    .data               NUemWin_CM4_Keil.lib(GUI_Lang.o)
    0x200002dc   0x0006e758   0x00000014   Data   RW         3108    .data               NUemWin_CM4_Keil.lib(GUI_OnKey.o)
    0x200002f0   0x0006e76c   0x00000028   Data   RW         3132    .data               NUemWin_CM4_Keil.lib(GUI_PID.o)
    0x20000318   0x0006e794   0x00000004   Data   RW         3204    .data               NUemWin_CM4_Keil.lib(GUI_Stream.o)
    0x2000031c   0x0006e798   0x00000004   Data   RW         3302    .data               NUemWin_CM4_Keil.lib(GUI_Time.o)
    0x20000320   0x0006e79c   0x00000014   Data   RW         3322    .data               NUemWin_CM4_Keil.lib(GUI_Timer.o)
    0x20000334   0x0006e7b0   0x00000004   Data   RW         3342    .data               NUemWin_CM4_Keil.lib(GUI_TOUCH.o)
    0x20000338   0x0006e7b4   0x0000001c   Data   RW         3351    .data               NUemWin_CM4_Keil.lib(GUI_TOUCH_Calibrate.o)
    0x20000354   0x0006e7d0   0x00000008   Data   RW         3385    .data               NUemWin_CM4_Keil.lib(GUI_UC.o)
    0x2000035c   0x0006e7d8   0x0000000c   Data   RW         3450    .data               NUemWin_CM4_Keil.lib(GUI_WaitEvent.o)
    0x20000368   0x0006e7e4   0x00000010   Data   RW         3468    .data               NUemWin_CM4_Keil.lib(GUI__ManageCache.o)
    0x20000378   0x0006e7f4   0x00000004   Data   RW         3496    .data               NUemWin_CM4_Keil.lib(GUI__Private.o)
    0x2000037c   0x0006e7f8   0x00000010   Data   RW         3497    .data               NUemWin_CM4_Keil.lib(GUI__Private.o)
    0x2000038c   0x0006e808   0x00000010   Data   RW         3535    .data               NUemWin_CM4_Keil.lib(GUI__Wrap.o)
    0x2000039c   0x0006e818   0x00000004   Data   RW         3565    .data               NUemWin_CM4_Keil.lib(LCD.o)
    0x200003a0   0x0006e81c   0x00000014   Data   RW         3596    .data               NUemWin_CM4_Keil.lib(LCD_Color.o)
    0x200003b4   0x0006e830   0x00000008   Data   RW         3653    .data               NUemWin_CM4_Keil.lib(LCD_GetEx.o)
    0x200003bc   0x0006e838   0x0000000c   Data   RW         3704    .data               NUemWin_CM4_Keil.lib(LCD_Rotate180.o)
    0x200003c8   0x0006e844   0x0000000c   Data   RW         3712    .data               NUemWin_CM4_Keil.lib(LCD_RotateCCW.o)
    0x200003d4   0x0006e850   0x0000000c   Data   RW         3722    .data               NUemWin_CM4_Keil.lib(LCD_RotateCW.o)
    0x200003e0   0x0006e85c   0x00000010   Data   RW         3853    .data               NUemWin_CM4_Keil.lib(GUIDEV.o)
    0x200003f0   0x0006e86c   0x00000004   Data   RW         3897    .data               NUemWin_CM4_Keil.lib(GUIDEV_Banding.o)
    0x200003f4   0x0006e870   0x00000001   Data   RW         3927    .data               NUemWin_CM4_Keil.lib(GUIDEV_StaticDevices.o)
    0x200003f5   0x0006e871   0x00000003   PAD
    0x200003f8   0x0006e874   0x0000002c   Data   RW         3997    .data               NUemWin_CM4_Keil.lib(EDIT.o)
    0x20000424   0x0006e8a0   0x00000010   Data   RW         4076    .data               NUemWin_CM4_Keil.lib(IMAGE.o)
    0x20000434   0x0006e8b0   0x00000008   Data   RW         4305    .data               NUemWin_CM4_Keil.lib(WIDGET.o)
    0x2000043c   0x0006e8b8   0x00000004   Data   RW         4353    .data               NUemWin_CM4_Keil.lib(WINDOW.o)
    0x20000440   0x0006e8bc   0x00000024   Data   RW         4399    .data               NUemWin_CM4_Keil.lib(WM_Motion.o)
    0x20000464   0x0006e8e0   0x00000004   Data   RW         4443    .data               NUemWin_CM4_Keil.lib(WM_MULTIBUF.o)
    0x20000468   0x0006e8e4   0x00000018   Data   RW         4473    .data               NUemWin_CM4_Keil.lib(WM_Touch.o)
    0x20000480   0x0006e8fc   0x00000004   Data   RW         4513    .data               NUemWin_CM4_Keil.lib(WM__Private.o)
    0x20000484   0x0006e900   0x00000004   Data   RW         4540    .data               NUemWin_CM4_Keil.lib(GUIAA_Arc.o)
    0x20000488   0x0006e904   0x00000008   Data   RW         4568    .data               NUemWin_CM4_Keil.lib(GUIAA_Circle.o)
    0x20000490   0x0006e90c   0x0000003c   Data   RW         4596    .data               NUemWin_CM4_Keil.lib(GUIAA_Lib.o)
    0x200004cc   0x0006e948   0x00000004   Data   RW         4616    .data               NUemWin_CM4_Keil.lib(GUIAA_Line.o)
    0x200004d0   0x0006e94c   0x00000014   Data   RW         4687    .data               NUemWin_CM4_Keil.lib(GUI_ANIM.o)
    0x200004e4   0x0006e960   0x00000018   Data   RW         4745    .data               NUemWin_CM4_Keil.lib(GUI_BMP.o)
    0x200004fc   0x0006e978   0x0000000c   Data   RW         4871    .data               NUemWin_CM4_Keil.lib(GUI_DrawBitmap_8888.o)
    0x20000508   0x0006e984   0x00000004   Data   RW         4900    .data               NUemWin_CM4_Keil.lib(GUI_DrawRoundedRect.o)
    0x2000050c   0x0006e988   0x00000004   Data   RW         4907    .data               NUemWin_CM4_Keil.lib(GUI_FillRoundedRect.o)
    0x20000510   0x0006e98c   0x00000004   Data   RW         4938    .data               NUemWin_CM4_Keil.lib(GUI_GIF.o)
    0x20000514   0x0006e990   0x00000008   Data   RW         5001    .data               NUemWin_CM4_Keil.lib(GUI_JPEG.o)
    0x2000051c   0x0006e998   0x0000000c   Data   RW         5057    .data               NUemWin_CM4_Keil.lib(GUI_MULTIBUF.o)
    0x20000528   0x0006e9a4   0x00000014   Data   RW         5101    .data               NUemWin_CM4_Keil.lib(GUI_SetAlpha.o)
    0x2000053c   0x0006e9b8   0x00000004   Data   RW         5170    .data               NUemWin_CM4_Keil.lib(GUI__Alpha.o)
    0x20000540   0x0006e9bc   0x00000030   Data   RW         5171    .data               NUemWin_CM4_Keil.lib(GUI__Alpha.o)
    0x20000570   0x0006e9ec   0x00000004   Data   RW         5183    .data               NUemWin_CM4_Keil.lib(GUI__BiDiRouting.o)
    0x20000574   0x0006e9f0   0x00000004   Data   RW         5187    .data               NUemWin_CM4_Keil.lib(GUI__BiDiRouting.o)
    0x20000578   0x0006e9f4   0x0000000c   Data   RW         5205    .data               NUemWin_CM4_Keil.lib(GUI__GetCursorPos.o)
    0x20000584   0x0006ea00   0x00000018   Data   RW         5224    .data               NUemWin_CM4_Keil.lib(LCD_AA.o)
    0x2000059c   0x0006ea18   0x00000014   Data   RW         5251    .data               NUemWin_CM4_Keil.lib(LCD_RLE1.o)
    0x200005b0   0x0006ea2c   0x00000018   Data   RW         5277    .data               NUemWin_CM4_Keil.lib(LCD_RLE16.o)
    0x200005c8   0x0006ea44   0x00000018   Data   RW         5303    .data               NUemWin_CM4_Keil.lib(LCD_RLE32.o)
    0x200005e0   0x0006ea5c   0x00000014   Data   RW         5325    .data               NUemWin_CM4_Keil.lib(LCD_RLE4.o)
    0x200005f4   0x0006ea70   0x00000014   Data   RW         5345    .data               NUemWin_CM4_Keil.lib(LCD_RLE8.o)
    0x20000608   0x0006ea84   0x00000008   Data   RW         5362    .data               NUemWin_CM4_Keil.lib(LCD_RLEAlpha.o)
    0x20000610   0x0006ea8c   0x00000014   Data   RW         5419    .data               NUemWin_CM4_Keil.lib(NVT_GUI_GB_EncodeGB2312.o)
    0x20000624   0x0006eaa0   0x00000008   Data   RW         5571    .data               NUemWin_CM4_Keil.lib(GUIDEV_Rotate.o)
    0x2000062c   0x0006eaa8   0x00000008   Data   RW         5637    .data               NUemWin_CM4_Keil.lib(GUI_DRAW_STREAMED.o)
    0x20000634   0x0006eab0   0x00000004   Data   RW         5662    .data               NUemWin_CM4_Keil.lib(WIDGET_Effect_Simple.o)
    0x20000638   0x0006eab4   0x00000028   Data   RW         5707    .data               NUemWin_CM4_Keil.lib(GUIAA_Char2.o)
    0x20000660   0x0006eadc   0x00000030   Data   RW         5722    .data               NUemWin_CM4_Keil.lib(GUIAA_Char4.o)
    0x20000690   0x0006eb0c   0x00000008   Data   RW         5767    .data               NUemWin_CM4_Keil.lib(GUICC_M565.o)
    0x20000698   0x0006eb14   0x00000010   Data   RW         5947    .data               NUemWin_CM4_Keil.lib(LCD_NextPixelAPI.o)
    0x200006a8   0x0006eb24   0x00000004   Data   RW            7    .data.CyclesPerUs   system_m480.o
    0x200006ac   0x0006eb28   0x00000024   Data   RW          466    .data.ID_GAME_OVER_RootInfo  id_game_over.o
    0x200006d0   0x0006eb4c   0x00000024   Data   RW          474    .data.ID_SCREEN_HIGH_SCORE_RootInfo  id_screen_high_score.o
    0x200006f4   0x0006eb70   0x00000024   Data   RW          482    .data.ID_SCREEN_PLAY_RootInfo  id_screen_play.o
    0x20000718   0x0006eb94   0x00000024   Data   RW          490    .data.ID_SCREEN_WELCOME_RootInfo  id_screen_welcome.o
    0x2000073c   0x0006ebb8   0x00000004   Data   RW            8    .data.PllClock      system_m480.o
    0x20000740   0x0006ebbc   0x00000004   Data   RW            6    .data.SystemCoreClock  system_m480.o
    0x20000744   0x0006ebc0   0x000001a0   Data   RW          464    .data._aCreate      id_game_over.o
    0x200008e4   0x0006ed60   0x00000138   Data   RW          472    .data._aCreate      id_screen_high_score.o
    0x20000a1c   0x0006ee98   0x00000548   Data   RW          480    .data._aCreate      id_screen_play.o
    0x20000f64   0x0006f3e0   0x000001a0   Data   RW          488    .data._aCreate      id_screen_welcome.o
    0x20001104   0x0006f580   0x00000024   Data   RW          502    .data._aVarList     resource.o
    0x20001128   0x0006f5a4   0x00000004   Data   RW          504    .data._apLang       resource.o
    0x2000112c   0x0006f5a8   0x00000010   Data   RW          501    .data._apRootList   resource.o
    0x2000113c   0x0006f5b8   0x00000020   Data   RW          711    .data.blockColors   main.o
    0x2000115c   0x0006f5d8   0x00000020   Data   RW            9    .data.gau32ClkSrcTbl  system_m480.o
    0x2000117c   0x0006f5f8   0x00000004   Data   RW          708    .data.level         main.o
    0x20001180   0x0006f5fc   0x00000006   Data   RW          713    .data.playerName    main.o


    Execution Region ER_ZI (Exec base: 0x20001188, Load base: 0x0006f604, Size: 0x00012458, Max: 0xffffffff, ABSOLUTE)

    Exec Addr    Load Addr    Size         Type   Attr      Idx    E Section Name        Object

    0x20001188        -       0x00000100   Zero   RW          821    .bss                NUemWin_CM4_Keil.lib(AppWizard.o)
    0x20001288        -       0x00000028   Zero   RW          978    .bss                NUemWin_CM4_Keil.lib(OWindow.o)
    0x200012b0        -       0x000000d0   Zero   RW         1055    .bss                NUemWin_CM4_Keil.lib(GUI_Alloc.o)
    0x20001380        -       0x0000008c   Zero   RW         1379    .bss                NUemWin_CM4_Keil.lib(GUI_Core.o)
    0x2000140c        -       0x00000058   Zero   RW         2325    .bss                NUemWin_CM4_Keil.lib(WM.o)
    0x20001464        -       0x00000230   Zero   RW         2646    .bss                NUemWin_CM4_Keil.lib(AppWizard_Action.o)
    0x20001694        -       0x00000800   Zero   RW         2824    .bss                NUemWin_CM4_Keil.lib(AppWizard_FileAccess.o)
    0x20001e94        -       0x00000058   Zero   RW         3107    .bss                NUemWin_CM4_Keil.lib(GUI_OnKey.o)
    0x20001eec        -       0x00000048   Zero   RW         3131    .bss                NUemWin_CM4_Keil.lib(GUI_PID.o)
    0x20001f34        -       0x00000010   Zero   RW         3155    .bss                NUemWin_CM4_Keil.lib(GUI_SelectLayer.o)
    0x20001f44        -       0x0000000c   Zero   RW         3341    .bss                NUemWin_CM4_Keil.lib(GUI_TOUCH.o)
    0x20001f50        -       0x00000018   Zero   RW         3350    .bss                NUemWin_CM4_Keil.lib(GUI_TOUCH_Calibrate.o)
    0x20001f68        -       0x0000000c   Zero   RW         3359    .bss                NUemWin_CM4_Keil.lib(GUI_TOUCH_StoreState.o)
    0x20001f74        -       0x00000010   Zero   RW         3467    .bss                NUemWin_CM4_Keil.lib(GUI__ManageCache.o)
    0x20001f84        -       0x00000094   Zero   RW         4398    .bss                NUemWin_CM4_Keil.lib(WM_Motion.o)
    0x20002018        -       0x00000090   Zero   RW         4472    .bss                NUemWin_CM4_Keil.lib(WM_Touch.o)
    0x200020a8        -       0x00000058   Zero   RW         4743    .bss                NUemWin_CM4_Keil.lib(GUI_BMP.o)
    0x20002100        -       0x00000080   Zero   RW         4809    .bss                NUemWin_CM4_Keil.lib(GUI_Cursor.o)
    0x20002180        -       0x00000100   Zero   RW         4936    .bss                NUemWin_CM4_Keil.lib(GUI_GIF.o)
    0x20002280        -       0x00000040   Zero   RW         5053    .bss                NUemWin_CM4_Keil.lib(GUI_MULTIBUF.o)
    0x200022c0        -       0x00000010   Zero   RW         5099    .bss                NUemWin_CM4_Keil.lib(GUI_SetAlpha.o)
    0x200022d0        -       0x00000140   Zero   RW         5389    .bss                NUemWin_CM4_Keil.lib(LCD_RotateDisplay.o)
    0x20002410        -       0x00000030   Zero   RW         5680    .bss                NUemWin_CM4_Keil.lib(WM_PID__GetPrevState.o)
    0x20002440        -       0x00000010   Zero   RW         5706    .bss                NUemWin_CM4_Keil.lib(GUIAA_Char2.o)
    0x20002450        -       0x00000040   Zero   RW         5721    .bss                NUemWin_CM4_Keil.lib(GUIAA_Char4.o)
    0x20002490        -       0x00000030   Zero   RW         5946    .bss                NUemWin_CM4_Keil.lib(LCD_NextPixelAPI.o)
    0x200024c0        -       0x000000e4   Zero   RW         6206    .bss                c_w.l(rand.o)
    0x200025a4        -       0x00000060   Zero   RW         6357    .bss                c_w.l(libspace.o)
    0x20002604        -       0x00000088   Zero   RW          503    .bss.APPW__aFont    resource.o
    0x2000268c        -       0x00010000   Zero   RW          743    .bss.GUI_X_Config.aMemory  guiconf.o
    0x2001268c        -       0x00000004   Zero   RW          377    .bss.OS_TimeMS      gui_x.o
    0x20012690        -       0x00000004   Zero   RW          689    .bss.PA0_Released   main.o
    0x20012694        -       0x00000001   Zero   RW          412    .bss._InitController.s_InitOnce  lcdconf.o
    0x20012695   0x0006f604   0x00000003   PAD
    0x20012698        -       0x00000054   Zero   RW          234    .bss.__stdout       retarget.o
    0x200126ec        -       0x00000008   Zero   RW          509    .bss._aCalc_ID_VAR_01  resource.o
    0x200126f4        -       0x00000008   Zero   RW          511    .bss._aCalc_ID_VAR_02  resource.o
    0x200126fc        -       0x00000020   Zero   RW          608    .bss.cal_values     ts_calibrate.o
    0x2001271c        -       0x00000004   Zero   RW          705    .bss.clock_running  main.o
    0x20012720        -       0x00000010   Zero   RW          719    .bss.currentBlock   main.o
    0x20012730        -       0x00000014   Zero   RW          714    .bss.currentLetter  main.o
    0x20012744        -       0x00000001   Zero   RW          700    .bss.currentState   main.o
    0x20012745   0x0006f604   0x00000003   PAD
    0x20012748        -       0x00000004   Zero   RW          695    .bss.displayHighScores.hTitles.0  main.o
    0x2001274c        -       0x00000004   Zero   RW          696    .bss.displayHighScores.hTitles.1  main.o
    0x20012750        -       0x00000004   Zero   RW          697    .bss.displayHighScores.hTitles.2  main.o
    0x20012754        -       0x00000004   Zero   RW          698    .bss.displayHighScores.hTitles.3  main.o
    0x20012758        -       0x00000004   Zero   RW          699    .bss.displayHighScores.hTitles.4  main.o
    0x2001275c        -       0x00000006   Zero   RW          731    .bss.finalName      main.o
    0x20012762   0x0006f604   0x00000002   PAD
    0x20012764        -       0x00000004   Zero   RW           87    .bss.g_CLK_i32ErrCode  clk.o
    0x20012768        -       0x00000004   Zero   RW          107    .bss.g_EADC_i32ErrCode  eadc.o
    0x2001276c        -       0x00000004   Zero   RW          690    .bss.g_enable_Touch  main.o
    0x20012770        -       0x00000004   Zero   RW          574    .bss.g_u32AdcIntFlag_TP  m48xtouchpanel.o
    0x20012774        -       0x000001a4   Zero   RW          712    .bss.gameGrid       main.o
    0x20012918        -       0x00000004   Zero   RW          704    .bss.game_minutes   main.o
    0x2001291c        -       0x00000004   Zero   RW          703    .bss.game_seconds   main.o
    0x20012920        -       0x00000004   Zero   RW          725    .bss.hGameWin       main.o
    0x20012924        -       0x000000a0   Zero   RW          694    .bss.hHighScoreTexts  main.o
    0x200129c4        -       0x00000014   Zero   RW          717    .bss.hNameChars     main.o
    0x200129d8        -       0x00000004   Zero   RW          723    .bss.hNextWin       main.o
    0x200129dc        -       0x00000004   Zero   RW          727    .bss.hTextClock     main.o
    0x200129e0        -       0x00000004   Zero   RW          722    .bss.hTextLevel     main.o
    0x200129e4        -       0x00000004   Zero   RW          721    .bss.hTextLines     main.o
    0x200129e8        -       0x00000004   Zero   RW          720    .bss.hTextScore     main.o
    0x200129ec        -       0x00000004   Zero   RW          707    .bss.highScore      main.o
    0x200129f0        -       0x00000004   Zero   RW          691    .bss.highScoreCount  main.o
    0x200129f4        -       0x000000f0   Zero   RW          692    .bss.highScores     main.o
    0x20012ae4        -       0x00000004   Zero   RW          709    .bss.linesCleared   main.o
    0x20012ae8        -       0x00000004   Zero   RW          726    .bss.main.lastUpdateTime  main.o
    0x20012aec        -       0x00000010   Zero   RW          718    .bss.nextBlock      main.o
    0x20012afc        -       0x00000004   Zero   RW          729    .bss.notificationText1  main.o
    0x20012b00        -       0x00000004   Zero   RW          730    .bss.notificationText2  main.o
    0x20012b04        -       0x00000004   Zero   RW          728    .bss.pauseText      main.o
    0x20012b08        -       0x00000004   Zero   RW          706    .bss.score          main.o
    0x20012b0c        -       0x00000004   Zero   RW          715    .bss.selectedChar   main.o
    0x20012b10        -       0x000001c7   Zero   RW          710    .bss.tetrominos     main.o
    0x20012cd7   0x0006f604   0x00000001   PAD
    0x20012cd8        -       0x00000004   Zero   RW          701    .bss.time_value     main.o
    0x20012cdc        -       0x00000004   Zero   RW          724    .bss.updateGame.dropCounter  main.o
    0x20012ce0        -       0x00000100   Zero   RW           18    HEAP                startup_m480.o
    0x20012de0        -       0x00000800   Zero   RW           17    STACK               startup_m480.o


==============================================================================

Image component sizes


      Code (inc. data)   RO Data    RW Data    ZI Data      Debug   Object Name

         0          0        122          0          0        463   appw_language_0.o
       132          0          0          0          0       3759   appwconf.o
      2548          0          4          0          4      17339   clk.o
       142          0          0          0          4       2713   eadc.o
       292          8          0          0          0       2454   ebi.o
        36          0          0          0          0      20283   fmc.o
       264          0          0          0          0       2715   gpio.o
        60          0          0          0          4       1831   gui_x.o
        34          0          0          0      65536       2740   guiconf.o
         0          0        720        452          0       2619   id_game_over.o
         2          0          0          0          0        968   id_game_over_slots.o
         0          0        400        348          0       2643   id_screen_high_score.o
         2          0          0          0          0        992   id_screen_high_score_slots.o
         0          0       2320       1388          0       2625   id_screen_play.o
         2          0          0          0          0        974   id_screen_play_slots.o
         0          0        720        452          0       2634   id_screen_welcome.o
         2          0          0          0          0        983   id_screen_welcome_slots.o
      1796        120          0          0          1      12294   lcdconf.o
       524          0          0          0          4       6687   m48xtouchpanel.o
      8374        146         78         46       1462      29851   main.o
         0          0      22420          0          0        494   nettoot_32_normal_ext_aa4.o
         0          0      32005          0          0        494   nettoot_40_normal_ext_aa4.o
         0          0     172817          0          0        438   pixel.o
        72          0         76         56        152       6442   resource.o
       494        148        131          0         84       4757   retarget.o
       152         44        500          0       2304       1016   startup_m480.o
       216          0          0         44          0       4319   system_m480.o
       170          0         32          0          0       7815   timer.o
        68          0          0          0         32       8607   ts_calibrate.o
       372          8          0          0          0      10100   uart.o

    ----------------------------------------------------------------------
     15828        474     232379       2788      69596     162049   Object Totals
         0          0         32          0          0          0   (incl. Generated)
        74          0          2          2          9          0   (incl. Padding)

    ----------------------------------------------------------------------

      Code (inc. data)   RO Data    RW Data    ZI Data      Debug   Library Member Name

      5376        192          0         77        256       5188   AppWizard.o
      8762        200        332          3        560       5660   AppWizard_Action.o
       442          0          0          0          0        284   AppWizard_Condition.o
      1176         54        376         16          0       6156   AppWizard_Drawing.o
       896        124          0         60       2048       2176   AppWizard_FileAccess.o
       918         78          0         16          0       1100   AppWizard_Var.o
      4864         82          1         44          0       1996   EDIT.o
      1800         32          0          0          0        420   EDITDec.o
         0          0       2943          0          0          0   F13_1.o
         0          0       2806          0          0          0   F13_ASCII.o
         0          0       3476          0          0          0   F16B_ASCII.o
         0          0       1844          0          0          0   F6x8.o
         0          0       1844          0          0          0   F8x8.o
       420         12          0          4          0        316   GUIAA_Arc.o
       420         28          0         40         16        172   GUIAA_Char2.o
       548         20         36          0          0        308   GUIAA_Char2Ext_XBF.o
       348         28          0         48         64        316   GUIAA_Char4.o
       548         20         36          0          0        308   GUIAA_Char4Ext_XBF.o
      2312         34          0          8          0        800   GUIAA_Circle.o
       764          4          0          0          0        184   GUIAA_DrawRoundedRect.o
       930          4          0          0          0        280   GUIAA_FillRoundedRect.o
      1016        112          0         60          0       1228   GUIAA_Lib.o
       356          8          0          4          0        164   GUIAA_Line.o
       224          0         24          0          0        388   GUICC_0.o
        40          6          0          0          0        116   GUICC_444_12_1_Index2Color.o
        40          6          0          0          0        116   GUICC_444_12_Index2Color.o
        40          6          0          0          0        116   GUICC_444_16_Index2Color.o
        40          6          0          0          0        116   GUICC_555_Index2Color.o
       382         36         24          0          0        644   GUICC_565.o
        30          0          0          0          0        116   GUICC_8888_Index2Color.o
        24          0          0          0          0        116   GUICC_888_Index2Color.o
        40          6          0          0          0        116   GUICC_M444_12_1_Index2Color.o
        40          6          0          0          0        116   GUICC_M444_12_Index2Color.o
        40          6          0          0          0        116   GUICC_M444_16_Index2Color.o
       342         24         24          0          0        636   GUICC_M555.o
       426         46         24          8          0        676   GUICC_M565.o
       158          0         24          0          0        504   GUICC_M8888I.o
         2          0          0          0          0        116   GUICC_M8888I_Index2Color.o
      1146         72          0         16          0       1488   GUIDEV.o
      3014         60        116          0          0       1584   GUIDEV_16.o
      3048         62        116          0          0       1592   GUIDEV_32.o
       352         18          0          4          0        268   GUIDEV_Banding.o
       134          6          0          0          0        272   GUIDEV_Clear.o
        36         10          0          0          0        132   GUIDEV_CreateFixed.o
        28          0          0          0          0        128   GUIDEV_GetDataPtr.o
        80         12          0          0          0        256   GUIDEV_GetPos.o
        40          6          0          0          0        128   GUIDEV_GetXSize.o
        40          6          0          0          0        128   GUIDEV_GetYSize.o
        48          4          0          0          0        128   GUIDEV_ReduceYSize.o
      1848         16          0          8          0        756   GUIDEV_Rotate.o
        28          0          0          0          0        128   GUIDEV_SetColorConv.o
       100          6          0          0          0        140   GUIDEV_SetOrg.o
       576         42          0          1          0        296   GUIDEV_StaticDevices.o
        76          0          0          0          0        260   GUIDEV_Usage.o
       464          6         24          0          0        752   GUIDEV_UsageBM.o
       204          0          0          0          0        288   GUIDEV_Write.o
      1492         20          0          0          0        276   GUIDEV_WriteAlpha.o
       996         52         52          0          0        364   GUIDEV_WriteToActiveAlpha.o
      2224         12          0          0          0        324   GUIDEV_WriteToActiveOpaque.o
        90          4          0          0          0        248   GUIDEV_XY2PTR.o
      1744         88        116         28          0       5800   GUIDRV_FlexColor.o
      1728         42          0          0          0        676   GUIDRV_FlexColor_16bpp_C0B16.o
      1770        116          0          8          0       3340   GUIDRV_FlexColor_Func66709.o
       400         28          0          4          0        500   GUI_2DLib.o
      2260         84          0         20          0       2168   GUI_ANIM.o
      2330        134          0          4        208       2888   GUI_Alloc.o
      1352         20          0          0          0        536   GUI_Arc.o
      4466        126         16         24         88       2916   GUI_BMP.o
       586         62         16         12          0       1348   GUI_Char.o
       714         38          0          4          0        680   GUI_CharLine.o
       418          8          0          0          0        512   GUI_CharM.o
       546         36          0          4          0        548   GUI_CharP.o
        28          0          0          0          0        116   GUI_CharPExt.o
      2410         62          0          8          0       1496   GUI_Circ.o
      2182        160         56         37          0       5308   GUI_Common.o
      1960         50          0          0          0        676   GUI_CopyRect.o
       760        104          8        138        140       1028   GUI_Core.o
       108          4          0          0        128        140   GUI_Cursor.o
         0          0          0          8          0          0   GUI_DRAW_STREAMED.o
       504         32          0          0          0        860   GUI_Device.o
      2070         38          0          1          0       1136   GUI_DispString.o
       164         12          0          8          0        164   GUI_DispStringInRectEx.o
       436         22          0          0          0        432   GUI_DrawBitmap.o
       468         10         16          0          0        192   GUI_DrawBitmap_24.o
       240         24         96          0          0        840   GUI_DrawBitmap_444.o
        80          8         32          0          0        280   GUI_DrawBitmap_555.o
        88         16         32          0          0        280   GUI_DrawBitmap_565.o
      1944         80         32         12          0        788   GUI_DrawBitmap_8888.o
       924         34         64          0          0        720   GUI_DrawBitmap_A16.o
       982         36          0          0          0        772   GUI_DrawGradient.o
      1002         38          0          0          0        764   GUI_DrawGradientRounded.o
       632         42          0          0          0       1100   GUI_DrawLib.o
      2144         82         68          4          0        952   GUI_DrawLine.o
       468          6          0          0          0        156   GUI_DrawRoundedFrame.o
       508         14          0          4          0        156   GUI_DrawRoundedRect.o
      1898        140         88         64          0       2916   GUI_EnableAlpha.o
       628         50         12          8          0        668   GUI_EncExt.o
       812         18          0         20          0        280   GUI_FillPolygon.o
       374         14          0          4          0        280   GUI_FillRoundedRect.o
      4250         88         96          4        256       2820   GUI_GIF.o
     12266        254        128          8          0       4020   GUI_JPEG.o
      1052         18         80          0          0        156   GUI_JPEG_IDCT.o
      1290         60          4         24          0       1416   GUI_Lang.o
       268         36          0         12         64        264   GUI_MULTIBUF.o
        76         20          0         20         88        240   GUI_OnKey.o
       452         74          0         40         72        860   GUI_PID.o
      2012         42          0          0          0        720   GUI_SPRITE.o
        96         14          0          0         16        488   GUI_SelectLayer.o
      4152        244         76         20         16       3468   GUI_SetAlpha.o
      2002        150          0          4          0       1144   GUI_Stream.o
       332        122          0          0          0        140   GUI_StreamCreate.o
       104          8          0          4         12        144   GUI_TOUCH.o
      1712         26          0         28         24        344   GUI_TOUCH_Calibrate.o
       396         30          0         56          0        408   GUI_TOUCH_DriverAnalog.o
        12          6          0          0         12        116   GUI_TOUCH_StoreState.o
        16          6          0          4          0        232   GUI_Time.o
       926         42          0         20          0       1452   GUI_Timer.o
       824         84         16          8          0       1644   GUI_UC.o
        18          0         16          0          0        464   GUI_UC_EncodeNone.o
       236         14         16          0          0        580   GUI_UC_EncodeUTF8.o
        16          4          0         12          0        116   GUI_WaitEvent.o
      1128         32          0          0          0       1116   GUI_XBF.o
       668         28         36          0          0        432   GUI_XBF_PropExt.o
       564          4         24          0          0        156   GUI_XBF_PropFrm.o
       880         42          0         52          0        812   GUI__Alpha.o
         0          0          0          8          0          0   GUI__BiDiRouting.o
       818          0          0          0          0        396   GUI__CompactPixelIndices.o
         0          0        624          0          0          0   GUI__DivTbl.o
       864         24          0          0          0        196   GUI__DrawBitmap16bpp.o
       732         10          0          0          0        360   GUI__ExpandPixelIndices.o
       194         18          0         12          0        760   GUI__GetCursorPos.o
       252         14          0         16         16        252   GUI__ManageCache.o
      1048         38          0         20          0       1752   GUI__Private.o
       448         28        364          0          0        388   GUI__SinHQ.o
       378         14          0         16          0        540   GUI__Wrap.o
      2746        112          0         16          0       2272   IMAGE.o
       294         18          0          0          0        792   IMAGE_BMP.o
       334         26          0          0          0        792   IMAGE_DTA.o
       792         26          0          0          0        980   IMAGE_GIF.o
       308         18          0          0          0        800   IMAGE_JPEG.o
      2380        180         12          4          0       2776   LCD.o
       888         96          0         24          0       1028   LCD_AA.o
       552         48          0         20          0        784   LCD_Color.o
        32         12          0          0          0        232   LCD_GetColorIndex.o
       942         48          0          8          0       3112   LCD_GetEx.o
        28          0          0          0          0        128   LCD_GetNumDisplays.o
       192         16          0          0          0        292   LCD_GetP.o
        14          0          0          0          0        128   LCD_GetPixelColor.o
         0          0        256          0          0          0   LCD_Mirror.o
        20          6          0          0          0        124   LCD_MixColors256.o
       648         52          0         16         48        784   LCD_NextPixelAPI.o
       700         50         32         20          0        968   LCD_RLE1.o
      1168         74         64         24          0       1284   LCD_RLE16.o
      1448        112         32         24          0       1612   LCD_RLE32.o
       936         52         32         20          0        968   LCD_RLE4.o
       984         60         32         20          0        972   LCD_RLE8.o
      1744         50         32          8          0        792   LCD_RLEAlpha.o
       800         24          0          0          0        476   LCD_ReadRect.o
      1248         18         16         12          0        296   LCD_Rotate180.o
      1286         20         16         12          0        552   LCD_RotateCCW.o
      1294         18         16         12          0        552   LCD_RotateCW.o
       268         38          0          0        320        596   LCD_RotateDisplay.o
        72         10          0          0          0        128   LCD_SelectLCD.o
       220          0          0          0          0        660   LCD_Set.o
        52         10          0          0          0        132   LCD_SetClipRectEx.o
        36          4          0          0          0        128   LCD_UpdateColorIndices.o
         0          0          0         20          0          0   NVT_GUI_GB_EncodeGB2312.o
      1512         26         12          0          0        616   OBox.o
      1304         36         60          0          0       1036   OImage.o
      1754         54         84          0          0       1536   OText.o
      1164         38         16          8         40        692   OWindow.o
      1318         34          0         24          0       1892   TEXT.o
       976         20          0          8          0        808   WIDGET.o
       232         24         28          4          0        520   WIDGET_Effect_Simple.o
       468         16          0          4          0        468   WINDOW.o
      7076        316          0         77         88       5960   WM.o
       104          0          0          0          0        488   WM_GetWindowSize.o
      2754         88          0          0          0       5636   WM_Lib.o
       240         36          8          4          0        380   WM_MULTIBUF.o
       104         12          0          0          0        148   WM_MakeModal.o
      5554        166          0         36        148       2392   WM_Motion.o
       382          0          0          0          0        416   WM_Move.o
        28          4          0          0         48        116   WM_PID__GetPrevState.o
       284          6          0          0          0        272   WM_Screen2Win.o
        52          8          0          0          0        140   WM_SetCapture.o
       136          4          0          0          0        132   WM_SetFocusOnNextChild.o
       106          0          0          0          0        128   WM_SetFocusOnPrevChild.o
       152          8          0          0          0        380   WM_SetTrans.o
       328          6          0          0          0        668   WM_Timer.o
      1532         94          0         24        144       1044   WM_Touch.o
       896         42          0          4          0       2164   WM__Private.o
         8          0          0          0          0         68   __main.o
       312          4         17          0          0         92   __printf_flags_wp.o
        14          0          0          0          0         68   __printf_wp.o
         0          0          0          0          0          0   __rtentry.o
        12          0          0          0          0          0   __rtentry2.o
         6          0          0          0          0          0   __rtentry4.o
        94          8          0          0          0          0   __scatter.o
        26          0          0          0          0          0   __scatter_copy.o
        28          0          0          0          0          0   __scatter_zi.o
        44          0          0          0          0        108   _printf_char.o
        48          6          0          0          0         96   _printf_char_common.o
        36          4          0          0          0         80   _printf_char_file.o
         6          0          0          0          0          0   _printf_d.o
       120         16          0          0          0         92   _printf_dec.o
        88          4         40          0          0         88   _printf_hex_int.o
       178          0          0          0          0         88   _printf_intcommon.o
        78          0          0          0          0        108   _printf_pad.o
         0          0          0          0          0          0   _printf_percent.o
         4          0          0          0          0          0   _printf_percent_end.o
         6          0          0          0          0          0   _printf_s.o
        82          0          0          0          0         80   _printf_str.o
         6          0          0          0          0          0   _printf_x.o
        10          0          0          0          0         68   _sputc.o
        16          0          0          0          0         68   aeabi_memset.o
        18          0          0          0          0         80   exit.o
         6          0          0          0          0        152   heapauxi.o
         2          0          0          0          0          0   libinit.o
        10          0          0          0          0          0   libinit2.o
         2          0          0          0          0          0   libshutdown.o
         2          0          0          0          0          0   libshutdown2.o
         8          4          0          0         96         68   libspace.o
        88          0          0          0          0         76   memcmp.o
         8          0          0          0          0         76   memcpy.o
        22          0          0          0          0         76   memset.o
        24          4          0          0          0         84   noretval__2printf.o
        40          6          0          0          0         84   noretval__2sprintf.o
        44          4          0          0          0         84   puts.o
       112         18          0          0        228        160   rand.o
        68          0          0          0          0         68   rt_memclr.o
        78          0          0          0          0         80   rt_memclr_w.o
       138          0          0          0          0         68   rt_memcpy_v6.o
       100          0          0          0          0         80   rt_memcpy_w.o
       132          0          0          0          0         68   rt_memmove_v6.o
       122          0          0          0          0         80   rt_memmove_w.o
         2          0          0          0          0          0   rtexit.o
        10          0          0          0          0          0   rtexit2.o
        24          0          0          0          0         68   strcat.o
       124          0          0          0          0         88   strcmpv7em.o
        72          0          0          0          0         80   strcpy.o
        62          0          0          0          0         76   strlen.o
        74          0          0          0          0         80   sys_stackheap_outer.o
         2          0          0          0          0         68   use_no_semi.o
         2          0          0          0          0         68   use_no_semi_2.o
        26          0          0          0          0        116   fpinit.o
         0          0          0          0          0          0   usenofp.o
       108         10          0          0          0        116   ceilf.o
       112         14          0          0          0        116   floorf.o

    ----------------------------------------------------------------------
    186436       7404      17065       1700       5244     170344   Library Totals
       252          0          6         18          0          0   (incl. Padding)

    ----------------------------------------------------------------------

      Code (inc. data)   RO Data    RW Data    ZI Data      Debug   Library Name

    183320       7302      17002       1682       4920     166980   NUemWin_CM4_Keil.lib
      2618         78         57          0        324       3016   c_w.l
        26          0          0          0          0        116   fz_wm.l
       220         24          0          0          0        232   m_wm.l

    ----------------------------------------------------------------------
    186436       7404      17065       1700       5244     170344   Library Totals

    ----------------------------------------------------------------------

==============================================================================


      Code (inc. data)   RO Data    RW Data    ZI Data      Debug   

    202264       7878     249444       4488      74840     205945   Grand Totals
    202264       7878     249444       4488      74840     205945   ELF Image Totals
    202264       7878     249444       4488          0          0   ROM Totals

==============================================================================

    Total RO  Size (Code + RO Data)               451708 ( 441.12kB)
    Total RW  Size (RW Data + ZI Data)             79328 (  77.47kB)
    Total ROM Size (Code + RO Data + RW Data)     456196 ( 445.50kB)

==============================================================================

