<html>
<body>
<pre>
<h1>µVision Build Log</h1>
<h2>Tool Versions:</h2>
IDE-Version: µVision V5.41.0.0
Copyright (C) 2024 ARM Ltd and ARM Germany GmbH. All rights reserved.
License Information: Lam Nguyen
RMIT
User-based license: Keil MDK Nuvoton Edition - Full Cortex-M
Valid until: Sep 27 2034. Cached until: May 28 2025
 
Tool Versions:
Toolchain:       Keil MDK Nuvoton Edition - Full Cortex-M  Version: 5.41.0.0
Toolchain Path:  C:\Users\dinhl\AppData\Local\Keil_v5\ARM\ARMCLANG\Bin
C Compiler:      ArmClang.exe V6.22
Assembler:       Armasm.exe V6.22
Linker/Locator:  ArmLink.exe V6.22
Library Manager: ArmAr.exe V6.22
Hex Converter:   FromElf.exe V6.22
CPU DLL:         SARMCM3.DLL V5.41.0.0
Dialog DLL:      DARMCM1.DLL V1.19.6.0
Target DLL:      Nu_Link.dll V3.18
Dialog DLL:      TARMCM1.DLL V1.14.6.0
 
<h2>Project:</h2>
C:\Users\dinhl\Documents\Tesy\EEET2481_A3_TETRISGAME\A3_TETRISGAME.uvproj
Project File Date:  05/21/2025

<h2>Output:</h2>
*** Using Compiler 'V6.22', folder: 'C:\Users\dinhl\AppData\Local\Keil_v5\ARM\ARMCLANG\Bin'
Rebuild target 'A3_TETRISGAME'
creating list file for system_M480.c...
assembling startup_M480.s...
compiling gpio.c...
creating list file for ebi.c...
compiling eadc.c...
compiling system_M480.c...
creating list file for eadc.c...
creating list file for gpio.c...
compiling ebi.c...
creating list file for clk.c...
compiling clk.c...
creating list file for sys.c...
creating list file for retarget.c...
compiling sys.c...
creating list file for GUI_X.c...
compiling retarget.c...
creating list file for timer.c...
compiling timer.c...
creating list file for uart.c...
compiling fmc.c...
creating list file for fmc.c...
compiling uart.c...
compiling GUI_X.c...
creating list file for NettoOT_32_Normal_EXT_AA4.c...
creating list file for APPW_Language_0.c...
compiling NettoOT_32_Normal_EXT_AA4.c...
compiling APPW_Language_0.c...
creating list file for LCDConf.c...
creating list file for NettoOT_40_Normal_EXT_AA4.c...
Library/emWin/Config/LCDConf.c(66): warning: '__DEMO_TS_WIDTH__' macro redefined [-Wmacro-redefined]
   66 | #define __DEMO_TS_WIDTH__  240
      |         ^
./Library/tslib\M48XTouchPanel.h(6): note: previous definition is here
    6 | #define __DEMO_TS_WIDTH__       320
      |         ^
Library/emWin/Config/LCDConf.c(67): warning: '__DEMO_TS_HEIGHT__' macro redefined [-Wmacro-redefined]
   67 | #define __DEMO_TS_HEIGHT__ 320
      |         ^
./Library/tslib\M48XTouchPanel.h(7): note: previous definition is here
    7 | #define __DEMO_TS_HEIGHT__      240
      |         ^
2 warnings generated.
compiling LCDConf.c...
creating list file for APPW_MainTask.c...
compiling NettoOT_40_Normal_EXT_AA4.c...
creating list file for Application.c...
compiling Application.c...
compiling APPW_MainTask.c...
compiling ID_GAME_OVER_Slots.c...
creating list file for ID_SCREEN_HIGH_SCORE_Slots.c...
creating list file for ID_GAME_OVER_Slots.c...
compiling ID_SCREEN_HIGH_SCORE_Slots.c...
compiling pixel.c...
creating list file for pixel.c...
creating list file for ID_SCREEN_PLAY_Slots.c...
Application/Source/CustomCode/ID_SCREEN_PLAY_Slots.c(19): warning: In file included from...
Application/Source/CustomCode\../Generated/ID_SCREEN_PLAY.h(34): warning: 'ID_TEXT_TIME_VALUE' macro redefined [-Wmacro-redefined]
   34 | #define ID_TEXT_TIME_VALUE  (GUI_ID_USER + 7)
      |         ^
Application/Source/CustomCode\../Generated/Resource.h(35): note: previous definition is here
   35 | #define ID_TEXT_TIME_VALUE 9
      |         ^
1 warning generated.
compiling ID_SCREEN_PLAY_Slots.c...
compiling ID_SCREEN_WELCOME_Slots.c...
creating list file for ID_SCREEN_WELCOME_Slots.c...
creating list file for APPWConf.c...
compiling APPWConf.c...
compiling ID_GAME_OVER.c...
creating list file for ID_GAME_OVER.c...
creating list file for ID_SCREEN_HIGH_SCORE.c...
compiling ID_SCREEN_HIGH_SCORE.c...
creating list file for ID_SCREEN_PLAY.c...
Application/Source/Generated/ID_SCREEN_PLAY.c(18): warning: In file included from...
Application/Source/Generated\ID_SCREEN_PLAY.h(34): warning: 'ID_TEXT_TIME_VALUE' macro redefined [-Wmacro-redefined]
   34 | #define ID_TEXT_TIME_VALUE  (GUI_ID_USER + 7)
      |         ^
Application/Source/Generated\Resource.h(35): note: previous definition is here
   35 | #define ID_TEXT_TIME_VALUE 9
      |         ^
1 warning generated.
compiling ID_SCREEN_PLAY.c...
creating list file for ID_SCREEN_WELCOME.c...
compiling ID_SCREEN_WELCOME.c...
creating list file for Resource.c...
compiling Resource.c...
creating list file for GUIConf.c...
creating list file for M48XTouchPanel.c...
compiling M48XTouchPanel.c...
compiling GUIConf.c...
creating list file for ts_calibrate.c...
compiling ts_calibrate.c...
compiling main.c...
creating list file for main.c...
linking...
Program Size: Code=197476 RO-data=254032 RW-data=4256 ZI-data=73168  
After Build - User command #1: fromelf --bin ".\obj\Tutorial_8_LCD_emWin.axf" --output ".\obj\Tutorial_8_LCD_emWin.bin"
After Build - User command #2: fromelf --text -c ".\obj\Tutorial_8_LCD_emWin.axf" --output ".\obj\Tutorial_8_LCD_emWin.txt"
".\obj\Tutorial_8_LCD_emWin.axf" - 0 Error(s), 4 Warning(s).
Build Time Elapsed:  00:00:09
</pre>
</body>
</html>
